2026-05-28 09:13:45.298 [info] Reading sessions from keychain...
2026-05-28 09:13:45.298 [info] Getting sessions for all scopes...
2026-05-28 09:13:45.365 [info] Got stored sessions!
2026-05-28 09:13:45.365 [info] Got 1 verified sessions.
2026-05-28 09:13:45.365 [info] Got 1 sessions for ...
2026-05-28 09:13:45.365 [info] Getting sessions for all scopes...
2026-05-28 09:13:45.365 [info] Got 1 sessions for ...
2026-05-28 09:13:45.365 [info] Getting sessions for all scopes...
2026-05-28 09:13:45.365 [info] Got 1 sessions for ...
2026-05-28 09:13:45.430 [info] Getting sessions for all scopes...
2026-05-28 09:13:45.430 [info] Got 1 sessions for ...
2026-05-28 09:13:45.432 [info] Getting sessions for all scopes...
2026-05-28 09:13:45.432 [info] Got 1 sessions for ...
2026-05-28 09:13:46.339 [info] Getting sessions for read:user,repo,user:email,workflow...
2026-05-28 09:13:46.340 [info] Got 1 sessions for read:user,repo,user:email,workflow...
2026-05-28 09:13:46.706 [info] Getting sessions for all scopes...
2026-05-28 09:13:46.706 [info] Got 1 sessions for ...
2026-05-28 09:14:18.150 [info] FetcherService: Node fetch failed with status: 429 Too Many Requests
2026-05-28 09:14:18.157 [info] Unable to resolve optional EDU details. Status: 429 Too Many Requests
2026-05-28 09:14:24.113 [info] Getting sessions for read:user,repo,user:email...
2026-05-28 09:14:24.113 [info] Got 0 sessions for read:user,repo,user:email...
2026-05-28 09:14:24.208 [info] Getting sessions for read:user,repo,user:email...
2026-05-28 09:14:24.208 [info] Got 0 sessions for read:user,repo,user:email...
