2026-06-15 10:28:13.468 [info] Getting Manifest... eamodio.gitlens
2026-06-15 10:28:13.666 [info] Installing extension: eamodio.gitlens {"productVersion":{"version":"1.121.0","date":"2026-05-19T11:51:53+02:00"},"pinned":false,"operation":3,"isApplicationScoped":false,"profileLocation":{"$mid":1,"external":"vscode-userdata:/home/alunos/.arthuruser001/webdesign.tri2.ativ1/.Vscode-Extensions/extensions.json","path":"/home/alunos/.arthuruser001/webdesign.tri2.ativ1/.Vscode-Extensions/extensions.json","scheme":"vscode-userdata"},"isBuiltin":false}
2026-06-15 10:28:15.472 [info] Extension signature verification result for eamodio.gitlens: Success. Internal Code: 0. Executed: true. Duration: 1059ms.
2026-06-15 10:28:16.102 [info] Extracted extension to file:///home/alunos/.arthuruser001/webdesign.tri2.ativ1/.Vscode-Extensions/eamodio.gitlens-18.1.0: eamodio.gitlens
2026-06-15 10:28:16.151 [info] Renamed to /home/alunos/.arthuruser001/webdesign.tri2.ativ1/.Vscode-Extensions/eamodio.gitlens-18.1.0
2026-06-15 10:28:16.233 [info] Extension installed successfully: eamodio.gitlens vscode-userdata:/home/alunos/.arthuruser001/webdesign.tri2.ativ1/.Vscode-Extensions/extensions.json
2026-06-15 10:28:16.234 [info] Marked extension as removed eamodio.gitlens-18.0.0
2026-06-15 10:28:46.932 [info] Getting Manifest... unthrottled.doki-theme
2026-06-15 10:28:47.185 [info] Installing extension: unthrottled.doki-theme {"isMachineScoped":false,"installPreReleaseVersion":false,"pinned":false,"profileLocation":{"$mid":1,"external":"vscode-userdata:/home/alunos/.arthuruser001/webdesign.tri2.ativ1/.Vscode-Extensions/extensions.json","path":"/home/alunos/.arthuruser001/webdesign.tri2.ativ1/.Vscode-Extensions/extensions.json","scheme":"vscode-userdata"},"isBuiltin":false,"isApplicationScoped":false,"productVersion":{"version":"1.121.0","date":"2026-05-19T11:51:53+02:00"}}
2026-06-15 10:28:48.843 [info] Extension signature verification result for unthrottled.doki-theme: Success. Internal Code: 0. Executed: true. Duration: 1080ms.
2026-06-15 10:28:49.057 [info] Extracted extension to file:///home/alunos/.arthuruser001/webdesign.tri2.ativ1/.Vscode-Extensions/unthrottled.doki-theme-88.1.18: unthrottled.doki-theme
2026-06-15 10:28:49.077 [info] Renamed to /home/alunos/.arthuruser001/webdesign.tri2.ativ1/.Vscode-Extensions/unthrottled.doki-theme-88.1.18
2026-06-15 10:28:49.125 [info] Extension installed successfully: unthrottled.doki-theme vscode-userdata:/home/alunos/.arthuruser001/webdesign.tri2.ativ1/.Vscode-Extensions/extensions.json
2026-06-15 10:33:52.504 [info] Getting Manifest... shams.anime-theme-collection
2026-06-15 10:33:52.727 [info] Installing extension: shams.anime-theme-collection {"isMachineScoped":false,"installPreReleaseVersion":false,"pinned":false,"profileLocation":{"$mid":1,"external":"vscode-userdata:/home/alunos/.arthuruser001/webdesign.tri2.ativ1/.Vscode-Extensions/extensions.json","path":"/home/alunos/.arthuruser001/webdesign.tri2.ativ1/.Vscode-Extensions/extensions.json","scheme":"vscode-userdata"},"isBuiltin":false,"isApplicationScoped":false,"productVersion":{"version":"1.121.0","date":"2026-05-19T11:51:53+02:00"}}
2026-06-15 10:33:57.143 [info] Extension signature verification result for shams.anime-theme-collection: Success. Internal Code: 0. Executed: true. Duration: 1061ms.
2026-06-15 10:33:57.521 [info] Extracted extension to file:///home/alunos/.arthuruser001/webdesign.tri2.ativ1/.Vscode-Extensions/shams.anime-theme-collection-2.0.0: shams.anime-theme-collection
2026-06-15 10:33:57.533 [info] Renamed to /home/alunos/.arthuruser001/webdesign.tri2.ativ1/.Vscode-Extensions/shams.anime-theme-collection-2.0.0
2026-06-15 10:33:57.576 [info] Extension installed successfully: shams.anime-theme-collection vscode-userdata:/home/alunos/.arthuruser001/webdesign.tri2.ativ1/.Vscode-Extensions/extensions.json
2026-06-15 10:47:09.674 [error] Conflict in settings file vscode-userdata:/home/alunos/.arthuruser001/webdesign.tri2.ativ1/.Vscode-Data/User/settings.json: Ignoring testing.iconErrored.retired as testing.iconErrored is "#ebdfff"
2026-06-15 10:47:09.674 [error] Conflict in settings file vscode-userdata:/home/alunos/.arthuruser001/webdesign.tri2.ativ1/.Vscode-Data/User/settings.json: Ignoring testing.iconFailed.retired as testing.iconFailed is "#a783f2"
2026-06-15 10:47:09.674 [error] Conflict in settings file vscode-userdata:/home/alunos/.arthuruser001/webdesign.tri2.ativ1/.Vscode-Data/User/settings.json: Ignoring testing.iconPassed.retired as testing.iconPassed is "#8a65d6"
2026-06-15 10:47:09.764 [error] Conflict in settings file vscode-userdata:/home/alunos/.arthuruser001/webdesign.tri2.ativ1/.Vscode-Data/User/settings.json: Ignoring testing.iconErrored.retired as testing.iconErrored is "#ebdfff"
2026-06-15 10:47:09.764 [error] Conflict in settings file vscode-userdata:/home/alunos/.arthuruser001/webdesign.tri2.ativ1/.Vscode-Data/User/settings.json: Ignoring testing.iconFailed.retired as testing.iconFailed is "#a783f2"
2026-06-15 10:47:09.764 [error] Conflict in settings file vscode-userdata:/home/alunos/.arthuruser001/webdesign.tri2.ativ1/.Vscode-Data/User/settings.json: Ignoring testing.iconPassed.retired as testing.iconPassed is "#8a65d6"
2026-06-15 10:50:39.461 [error] Conflict in settings file vscode-userdata:/home/alunos/.arthuruser001/webdesign.tri2.ativ1/.Vscode-Data/User/settings.json: Ignoring testing.iconErrored.retired as testing.iconErrored is "#ebdfff"
2026-06-15 10:50:39.462 [error] Conflict in settings file vscode-userdata:/home/alunos/.arthuruser001/webdesign.tri2.ativ1/.Vscode-Data/User/settings.json: Ignoring testing.iconFailed.retired as testing.iconFailed is "#a783f2"
2026-06-15 10:50:39.462 [error] Conflict in settings file vscode-userdata:/home/alunos/.arthuruser001/webdesign.tri2.ativ1/.Vscode-Data/User/settings.json: Ignoring testing.iconPassed.retired as testing.iconPassed is "#8a65d6"
2026-06-15 10:50:39.562 [error] Conflict in settings file vscode-userdata:/home/alunos/.arthuruser001/webdesign.tri2.ativ1/.Vscode-Data/User/settings.json: Ignoring testing.iconErrored.retired as testing.iconErrored is "#ebdfff"
2026-06-15 10:50:39.562 [error] Conflict in settings file vscode-userdata:/home/alunos/.arthuruser001/webdesign.tri2.ativ1/.Vscode-Data/User/settings.json: Ignoring testing.iconFailed.retired as testing.iconFailed is "#a783f2"
2026-06-15 10:50:39.562 [error] Conflict in settings file vscode-userdata:/home/alunos/.arthuruser001/webdesign.tri2.ativ1/.Vscode-Data/User/settings.json: Ignoring testing.iconPassed.retired as testing.iconPassed is "#8a65d6"
2026-06-15 10:50:43.149 [error] Conflict in settings file vscode-userdata:/home/alunos/.arthuruser001/webdesign.tri2.ativ1/.Vscode-Data/User/settings.json: Ignoring testing.iconErrored.retired as testing.iconErrored is "#ebdfff"
2026-06-15 10:50:43.149 [error] Conflict in settings file vscode-userdata:/home/alunos/.arthuruser001/webdesign.tri2.ativ1/.Vscode-Data/User/settings.json: Ignoring testing.iconFailed.retired as testing.iconFailed is "#a783f2"
2026-06-15 10:50:43.150 [error] Conflict in settings file vscode-userdata:/home/alunos/.arthuruser001/webdesign.tri2.ativ1/.Vscode-Data/User/settings.json: Ignoring testing.iconPassed.retired as testing.iconPassed is "#8a65d6"
2026-06-15 10:50:43.250 [error] Conflict in settings file vscode-userdata:/home/alunos/.arthuruser001/webdesign.tri2.ativ1/.Vscode-Data/User/settings.json: Ignoring testing.iconErrored.retired as testing.iconErrored is "#ebdfff"
2026-06-15 10:50:43.250 [error] Conflict in settings file vscode-userdata:/home/alunos/.arthuruser001/webdesign.tri2.ativ1/.Vscode-Data/User/settings.json: Ignoring testing.iconFailed.retired as testing.iconFailed is "#a783f2"
2026-06-15 10:50:43.250 [error] Conflict in settings file vscode-userdata:/home/alunos/.arthuruser001/webdesign.tri2.ativ1/.Vscode-Data/User/settings.json: Ignoring testing.iconPassed.retired as testing.iconPassed is "#8a65d6"
2026-06-15 10:50:44.765 [error] Conflict in settings file vscode-userdata:/home/alunos/.arthuruser001/webdesign.tri2.ativ1/.Vscode-Data/User/settings.json: Ignoring testing.iconErrored.retired as testing.iconErrored is "#ebdfff"
2026-06-15 10:50:44.765 [error] Conflict in settings file vscode-userdata:/home/alunos/.arthuruser001/webdesign.tri2.ativ1/.Vscode-Data/User/settings.json: Ignoring testing.iconFailed.retired as testing.iconFailed is "#a783f2"
2026-06-15 10:50:44.765 [error] Conflict in settings file vscode-userdata:/home/alunos/.arthuruser001/webdesign.tri2.ativ1/.Vscode-Data/User/settings.json: Ignoring testing.iconPassed.retired as testing.iconPassed is "#8a65d6"
2026-06-15 10:50:44.867 [error] Conflict in settings file vscode-userdata:/home/alunos/.arthuruser001/webdesign.tri2.ativ1/.Vscode-Data/User/settings.json: Ignoring testing.iconErrored.retired as testing.iconErrored is "#ebdfff"
2026-06-15 10:50:44.867 [error] Conflict in settings file vscode-userdata:/home/alunos/.arthuruser001/webdesign.tri2.ativ1/.Vscode-Data/User/settings.json: Ignoring testing.iconFailed.retired as testing.iconFailed is "#a783f2"
2026-06-15 10:50:44.867 [error] Conflict in settings file vscode-userdata:/home/alunos/.arthuruser001/webdesign.tri2.ativ1/.Vscode-Data/User/settings.json: Ignoring testing.iconPassed.retired as testing.iconPassed is "#8a65d6"
