2026-05-28 08:42:44.077 [info] Reading sessions from keychain...
2026-05-28 08:42:44.077 [info] Getting sessions for all scopes...
2026-05-28 08:42:44.122 [info] Got 0 sessions for ...
2026-05-28 08:42:44.123 [info] Getting sessions for all scopes...
2026-05-28 08:42:44.123 [info] Got 0 sessions for ...
2026-05-28 08:42:44.123 [info] Getting sessions for all scopes...
2026-05-28 08:42:44.123 [info] Got 0 sessions for ...
2026-05-28 08:42:44.123 [info] Getting sessions for all scopes...
2026-05-28 08:42:44.123 [info] Got 0 sessions for ...
2026-05-28 08:42:44.137 [info] Getting sessions for all scopes...
2026-05-28 08:42:44.138 [info] Got 0 sessions for ...
2026-05-28 08:42:45.057 [info] Getting sessions for all scopes...
2026-05-28 08:42:45.057 [info] Got 0 sessions for ...
2026-05-28 08:43:42.773 [info] Getting sessions for read:user,repo,user:email...
2026-05-28 08:43:42.774 [info] Got 0 sessions for read:user,repo,user:email...
2026-05-28 08:43:43.073 [info] Getting sessions for read:user,repo,user:email...
2026-05-28 08:43:43.073 [info] Got 0 sessions for read:user,repo,user:email...
2026-05-28 08:44:37.869 [info] Reading sessions from keychain...
2026-05-28 08:44:37.869 [info] Getting sessions for all scopes...
2026-05-28 08:44:37.914 [info] Got 0 sessions for ...
2026-05-28 08:44:37.914 [info] Getting sessions for all scopes...
2026-05-28 08:44:37.914 [info] Got 0 sessions for ...
2026-05-28 08:44:37.914 [info] Getting sessions for all scopes...
2026-05-28 08:44:37.914 [info] Got 0 sessions for ...
2026-05-28 08:44:37.937 [info] Getting sessions for all scopes...
2026-05-28 08:44:37.937 [info] Got 0 sessions for ...
2026-05-28 08:44:38.962 [info] Getting sessions for read:user,repo,user:email...
2026-05-28 08:44:38.962 [info] Got 0 sessions for read:user,repo,user:email...
2026-05-28 08:44:39.131 [info] Getting sessions for read:user,repo,user:email,workflow...
2026-05-28 08:44:39.131 [info] Got 0 sessions for read:user,repo,user:email,workflow...
2026-05-28 08:44:39.201 [info] Getting sessions for read:user,repo,user:email...
2026-05-28 08:44:39.202 [info] Got 0 sessions for read:user,repo,user:email...
2026-05-28 08:44:39.506 [info] Getting sessions for all scopes...
2026-05-28 08:44:39.506 [info] Got 0 sessions for ...
2026-05-28 08:44:41.626 [info] Getting sessions for read:user,repo,user:email...
2026-05-28 08:44:41.626 [info] Got 0 sessions for read:user,repo,user:email...
2026-05-28 08:44:45.168 [info] Getting sessions for read:user,repo,user:email,workflow...
2026-05-28 08:44:45.168 [info] Got 0 sessions for read:user,repo,user:email,workflow...
2026-05-28 08:55:59.583 [info] Getting sessions for all scopes...
2026-05-28 08:55:59.583 [info] Got 0 sessions for ...
