2026-06-08 10:32:23.129 [info] Extension host with pid 6413 started
2026-06-08 10:32:23.330 [info] ExtensionService#_doActivateExtension vscode.github-authentication, startup: false, activationEvent: 'onAuthenticationRequest:github'
2026-06-08 10:32:23.394 [info] ExtensionService#_doActivateExtension vscode.emmet, startup: false, activationEvent: 'onLanguage'
2026-06-08 10:32:23.564 [info] ExtensionService#_doActivateExtension vscode.git-base, startup: true, activationEvent: '*', root cause: vscode.git
2026-06-08 10:32:23.574 [info] ExtensionService#_doActivateExtension vscode.git, startup: true, activationEvent: '*'
2026-06-08 10:32:23.643 [info] ExtensionService#_doActivateExtension vscode.github, startup: true, activationEvent: '*'
2026-06-08 10:32:23.804 [info] Eager extensions activated
2026-06-08 10:32:23.827 [info] ExtensionService#_doActivateExtension vscode.debug-auto-launch, startup: false, activationEvent: 'onStartupFinished'
2026-06-08 10:32:23.830 [info] ExtensionService#_doActivateExtension vscode.merge-conflict, startup: false, activationEvent: 'onStartupFinished'
2026-06-08 10:32:23.853 [info] ExtensionService#_doActivateExtension eamodio.gitlens, startup: false, activationEvent: 'onStartupFinished'
2026-06-08 10:32:24.023 [info] ExtensionService#_doActivateExtension esbenp.prettier-vscode, startup: false, activationEvent: 'onStartupFinished'
2026-06-08 10:32:24.024 [info] ExtensionService#_doActivateExtension ritwickdey.LiveServer, startup: false, activationEvent: 'onStartupFinished'
2026-06-08 10:33:14.195 [info] Extension host terminating: received terminate message from renderer
2026-06-08 10:33:14.229 [error] An error occurred when disposing the subscriptions for extension 'eamodio.gitlens':
2026-06-08 10:33:14.233 [error] Error: Channel has been closed
	at r (file:///usr/share/code/resources/app/out/vs/workbench/api/node/extensionHostProcess.js:509:3935)
	at Object.info (file:///usr/share/code/resources/app/out/vs/workbench/api/node/extensionHostProcess.js:509:4305)
	at Logger.info (/home/alunos/.arthuruser001/webdesign.tri2.ativ1/.Vscode-Extensions/eamodio.gitlens-18.0.0/dist/gitlens.js:1570:38775)
	at GkCliIntegrationProvider.stop (/home/alunos/.arthuruser001/webdesign.tri2.ativ1/.Vscode-Extensions/eamodio.gitlens-18.0.0/dist/gitlens.js:2084:43479)
	at GkCliIntegrationProvider.dispose (/home/alunos/.arthuruser001/webdesign.tri2.ativ1/.Vscode-Extensions/eamodio.gitlens-18.0.0/dist/gitlens.js:2084:42056)
	at /home/alunos/.arthuruser001/webdesign.tri2.ativ1/.Vscode-Extensions/eamodio.gitlens-18.0.0/dist/gitlens.js:1995:66929
	at Array.forEach (<anonymous>)
	at Object.dispose (/home/alunos/.arthuruser001/webdesign.tri2.ativ1/.Vscode-Extensions/eamodio.gitlens-18.0.0/dist/gitlens.js:1995:66910)
	at En (file:///usr/share/code/resources/app/out/vs/workbench/api/node/extensionHostProcess.js:401:736)
	at qP._fn (file:///usr/share/code/resources/app/out/vs/workbench/api/node/extensionHostProcess.js:506:18391)
	at qP.dispose (file:///usr/share/code/resources/app/out/vs/workbench/api/node/extensionHostProcess.js:401:1248)
	at hP._deactivate (file:///usr/share/code/resources/app/out/vs/workbench/api/node/extensionHostProcess.js:506:14708)
	at file:///usr/share/code/resources/app/out/vs/workbench/api/node/extensionHostProcess.js:506:12010
	at Array.map (<anonymous>)
	at hP._deactivateAll (file:///usr/share/code/resources/app/out/vs/workbench/api/node/extensionHostProcess.js:506:11998)
	at hP.terminate (file:///usr/share/code/resources/app/out/vs/workbench/api/node/extensionHostProcess.js:506:12349)
	at i.terminate (file:///usr/share/code/resources/app/out/vs/workbench/api/node/extensionHostProcess.js:508:1072)
	at Gs (file:///usr/share/code/resources/app/out/vs/workbench/api/node/extensionHostProcess.js:805:11700)
	at cp.value (file:///usr/share/code/resources/app/out/vs/workbench/api/node/extensionHostProcess.js:805:9847)
	at E._deliver (file:///usr/share/code/resources/app/out/vs/workbench/api/node/extensionHostProcess.js:403:3244)
	at E.fire (file:///usr/share/code/resources/app/out/vs/workbench/api/node/extensionHostProcess.js:403:3562)
	at ss.fire (file:///usr/share/code/resources/app/out/vs/workbench/api/node/extensionHostProcess.js:405:8437)
	at MessagePortMain.<anonymous> (file:///usr/share/code/resources/app/out/vs/workbench/api/node/extensionHostProcess.js:805:8082)
	at MessagePortMain.emit (node:events:519:28)
	at MessagePortMain._internalPort.emit (node:electron/js2c/utility_init:2:2959)
	at Object.callbackTrampoline (node:internal/async_hooks:130:17)
2026-06-08 10:33:14.234 [info] Extension host with pid 6413 exiting with code 0
2026-06-08 10:33:16.186 [info] Extension host with pid 6804 started
2026-06-08 10:33:16.186 [info] Skipping acquiring lock for /home/alunos/.arthuruser001/webdesign.tri2.ativ1/.Vscode-Data/User/workspaceStorage/74875d63292a579889afebd7adc7e137.
2026-06-08 10:33:16.291 [info] ExtensionService#_doActivateExtension vscode.github-authentication, startup: false, activationEvent: 'onAuthenticationRequest:github'
2026-06-08 10:33:16.337 [info] ExtensionService#_doActivateExtension vscode.emmet, startup: false, activationEvent: 'onLanguage'
2026-06-08 10:33:16.467 [info] ExtensionService#_doActivateExtension vscode.git-base, startup: true, activationEvent: '*'
2026-06-08 10:33:16.547 [info] ExtensionService#_doActivateExtension vscode.github, startup: true, activationEvent: '*'
2026-06-08 10:33:16.612 [info] Eager extensions activated
2026-06-08 10:33:16.617 [info] ExtensionService#_doActivateExtension vscode.debug-auto-launch, startup: false, activationEvent: 'onStartupFinished'
2026-06-08 10:33:16.620 [info] ExtensionService#_doActivateExtension vscode.merge-conflict, startup: false, activationEvent: 'onStartupFinished'
2026-06-08 10:33:21.003 [info] ExtensionService#_doActivateExtension vscode.git, startup: false, activationEvent: 'api', root cause: vscode.github
2026-06-08 10:33:21.100 [info] ExtensionService#_doActivateExtension eamodio.gitlens, startup: false, activationEvent: 'onStartupFinished'
2026-06-08 10:33:21.241 [info] ExtensionService#_doActivateExtension esbenp.prettier-vscode, startup: false, activationEvent: 'onStartupFinished'
2026-06-08 10:33:21.243 [info] ExtensionService#_doActivateExtension ritwickdey.LiveServer, startup: false, activationEvent: 'onStartupFinished'
2026-06-08 10:33:46.103 [info] ExtensionService#_doActivateExtension vscode.html-language-features, startup: false, activationEvent: 'onLanguage:html'
2026-06-08 10:34:31.476 [info] ExtensionService#_doActivateExtension vscode.css-language-features, startup: false, activationEvent: 'onLanguage:css'
