2026-05-28 08:42:44.077 [info] Reading sessions from keychain...
2026-05-28 08:42:44.077 [info] Getting sessions for all scopes...
2026-05-28 08:42:44.122 [info] Got 0 sessions for ...
2026-05-28 08:42:44.123 [info] Getting sessions for all scopes...
2026-05-28 08:42:44.123 [info] Got 0 sessions for ...
2026-05-28 08:42:44.123 [info] Getting sessions for all scopes...
2026-05-28 08:42:44.123 [info] Got 0 sessions for ...
2026-05-28 08:42:44.123 [info] Getting sessions for all scopes...
2026-05-28 08:42:44.123 [info] Got 0 sessions for ...
2026-05-28 08:42:44.137 [info] Getting sessions for all scopes...
2026-05-28 08:42:44.138 [info] Got 0 sessions for ...
2026-05-28 08:42:45.057 [info] Getting sessions for all scopes...
2026-05-28 08:42:45.057 [info] Got 0 sessions for ...
2026-05-28 08:43:42.773 [info] Getting sessions for read:user,repo,user:email...
2026-05-28 08:43:42.774 [info] Got 0 sessions for read:user,repo,user:email...
2026-05-28 08:43:43.073 [info] Getting sessions for read:user,repo,user:email...
2026-05-28 08:43:43.073 [info] Got 0 sessions for read:user,repo,user:email...
2026-05-28 08:44:37.869 [info] Reading sessions from keychain...
2026-05-28 08:44:37.869 [info] Getting sessions for all scopes...
2026-05-28 08:44:37.914 [info] Got 0 sessions for ...
2026-05-28 08:44:37.914 [info] Getting sessions for all scopes...
2026-05-28 08:44:37.914 [info] Got 0 sessions for ...
2026-05-28 08:44:37.914 [info] Getting sessions for all scopes...
2026-05-28 08:44:37.914 [info] Got 0 sessions for ...
2026-05-28 08:44:37.937 [info] Getting sessions for all scopes...
2026-05-28 08:44:37.937 [info] Got 0 sessions for ...
2026-05-28 08:44:38.962 [info] Getting sessions for read:user,repo,user:email...
2026-05-28 08:44:38.962 [info] Got 0 sessions for read:user,repo,user:email...
2026-05-28 08:44:39.131 [info] Getting sessions for read:user,repo,user:email,workflow...
2026-05-28 08:44:39.131 [info] Got 0 sessions for read:user,repo,user:email,workflow...
2026-05-28 08:44:39.201 [info] Getting sessions for read:user,repo,user:email...
2026-05-28 08:44:39.202 [info] Got 0 sessions for read:user,repo,user:email...
2026-05-28 08:44:39.506 [info] Getting sessions for all scopes...
2026-05-28 08:44:39.506 [info] Got 0 sessions for ...
2026-05-28 08:44:41.626 [info] Getting sessions for read:user,repo,user:email...
2026-05-28 08:44:41.626 [info] Got 0 sessions for read:user,repo,user:email...
2026-05-28 08:44:45.168 [info] Getting sessions for read:user,repo,user:email,workflow...
2026-05-28 08:44:45.168 [info] Got 0 sessions for read:user,repo,user:email,workflow...
2026-05-28 08:55:59.583 [info] Getting sessions for all scopes...
2026-05-28 08:55:59.583 [info] Got 0 sessions for ...
2026-05-28 09:00:37.501 [info] Getting sessions for read:user,repo,user:email,workflow...
2026-05-28 09:00:37.501 [info] Got 0 sessions for read:user,repo,user:email,workflow...
2026-05-28 09:00:40.617 [info] Logging in with 'any' account...
2026-05-28 09:00:40.617 [info] Logging in for the following scopes: read:user repo user:email workflow
2026-05-28 09:00:40.649 [info] Trying with local server... (read:user repo user:email workflow)
2026-05-28 09:00:47.830 [info] Exchanging code for token...
2026-05-28 09:00:48.167 [info] Token exchange success!
2026-05-28 09:00:48.168 [info] Getting user info...
2026-05-28 09:00:48.536 [info] Got account info!
2026-05-28 09:00:48.536 [info] Storing 1 sessions...
2026-05-28 09:00:48.543 [info] Reading sessions from keychain...
2026-05-28 09:00:48.543 [info] Stored 1 sessions!
2026-05-28 09:00:48.544 [info] Login success!
2026-05-28 09:00:48.568 [info] Got stored sessions!
2026-05-28 09:00:48.568 [info] Got 1 verified sessions.
2026-05-28 09:00:48.571 [info] Getting sessions for read:user,repo,user:email,workflow...
2026-05-28 09:00:48.571 [info] Got 1 sessions for read:user,repo,user:email,workflow...
2026-05-28 09:00:48.571 [info] Getting sessions for read:user,repo,user:email...
2026-05-28 09:00:48.571 [info] Got 0 sessions for read:user,repo,user:email...
2026-05-28 09:00:48.647 [info] Getting sessions for read:user,repo,user:email...
2026-05-28 09:00:48.647 [info] Got 0 sessions for read:user,repo,user:email...
2026-05-28 09:00:48.654 [info] Getting sessions for all scopes...
2026-05-28 09:00:48.654 [info] Got 1 sessions for ...
2026-05-28 09:00:48.666 [info] Getting sessions for all scopes...
2026-05-28 09:00:48.666 [info] Got 1 sessions for ...
2026-05-28 09:00:48.668 [info] Getting sessions for read:user,repo,user:email...
2026-05-28 09:00:48.668 [info] Got 0 sessions for read:user,repo,user:email...
2026-05-28 09:00:48.682 [info] Getting sessions for read:user,repo,user:email...
2026-05-28 09:00:48.682 [info] Got 0 sessions for read:user,repo,user:email...
2026-05-28 09:00:48.684 [info] Getting sessions for read:user,repo,user:email...
2026-05-28 09:00:48.684 [info] Got 0 sessions for read:user,repo,user:email...
2026-05-28 09:00:49.095 [info] FetcherService: Node fetch failed with status: 429 Too Many Requests
2026-05-28 09:00:49.096 [info] Unable to resolve optional EDU details. Status: 429 Too Many Requests
2026-05-28 09:01:04.533 [info] Getting sessions for all scopes...
2026-05-28 09:01:04.533 [info] Got 1 sessions for ...
2026-05-28 09:01:04.539 [info] Getting sessions for all scopes...
2026-05-28 09:01:04.539 [info] Got 1 sessions for ...
2026-05-28 09:01:04.677 [info] Getting sessions for read:user,repo,user:email...
2026-05-28 09:01:04.677 [info] Got 0 sessions for read:user,repo,user:email...
2026-05-28 09:05:13.628 [info] Getting sessions for all scopes...
2026-05-28 09:05:13.628 [info] Got 1 sessions for ...
2026-05-28 09:05:13.629 [info] Getting sessions for all scopes...
2026-05-28 09:05:13.629 [info] Got 1 sessions for ...
2026-05-28 09:06:06.090 [info] Getting sessions for all scopes...
2026-05-28 09:06:06.090 [info] Got 1 sessions for ...
2026-05-28 09:06:06.092 [info] Getting sessions for all scopes...
2026-05-28 09:06:06.092 [info] Got 1 sessions for ...
2026-05-28 09:06:27.743 [info] Getting sessions for all scopes...
2026-05-28 09:06:27.743 [info] Got 1 sessions for ...
2026-05-28 09:06:27.744 [info] Getting sessions for all scopes...
2026-05-28 09:06:27.744 [info] Got 1 sessions for ...
2026-05-28 09:07:52.039 [info] Getting sessions for all scopes...
2026-05-28 09:07:52.039 [info] Got 1 sessions for ...
2026-05-28 09:08:02.863 [info] Getting sessions for all scopes...
2026-05-28 09:08:02.863 [info] Got 1 sessions for ...
2026-05-28 09:08:02.865 [info] Getting sessions for all scopes...
2026-05-28 09:08:02.865 [info] Got 1 sessions for ...
2026-05-28 09:08:08.888 [info] Getting sessions for all scopes...
2026-05-28 09:08:08.888 [info] Got 1 sessions for ...
2026-05-28 09:08:08.888 [info] Getting sessions for all scopes...
2026-05-28 09:08:08.888 [info] Got 1 sessions for ...
