2026-06-08 10:33:21.727 [info] [          9ms] [/home/alunos/.arthuruser001/webdesign.tri2.ativ1] git rev-parse --show-toplevel --git-dir --git-common-dir --show-superproject-working-tree • completed
2026-06-08 10:33:21.863 [info] [         10ms] [/home/alunos/.arthuruser001/webdesign.tri2.ativ1] git remote -v • completed
2026-06-08 10:33:21.872 [info] [          6ms] [/home/alunos/.arthuruser001/webdesign.tri2.ativ1] git config --get-regex ^branch\..*\.gk- • completed
2026-06-08 10:33:21.887 [info] [         13ms] [/home/alunos/.arthuruser001/webdesign.tri2.ativ1] git config --get -f /home/alunos/.arthuruser001/webdesign.tri2.ativ1/.git/gk/config gk.defaultRemote • completed
2026-06-08 10:33:46.044 [info] [         12ms] [/home/alunos/.arthuruser001/webdesign.tri2.ativ1] git ls-files -- index.html • completed
2026-06-08 10:33:56.806 [info] [         10ms] [/home/alunos/.arthuruser001/webdesign.tri2.ativ1] git rev-list --max-parents=0 HEAD -- • completed
2026-06-08 10:33:56.807 [info] [         10ms] [/home/alunos/.arthuruser001/webdesign.tri2.ativ1] git shortlog -s --all --no-min-parents --since=1.year.ago • completed
2026-06-08 10:33:56.813 [info] [          5ms] [/home/alunos/.arthuruser001/webdesign.tri2.ativ1] git remote -v • completed
2026-06-08 10:33:56.821 [info] [          7ms] [/home/alunos/.arthuruser001/webdesign.tri2.ativ1] git rev-parse --show-toplevel --git-dir --git-common-dir --show-superproject-working-tree • completed
2026-06-08 10:33:56.827 [info] [          5ms] [/home/alunos/.arthuruser001/webdesign.tri2.ativ1] git config --get -f /home/alunos/.arthuruser001/webdesign.tri2.ativ1/.git/gk/config gk.defaultRemote • completed
2026-06-08 10:34:31.425 [info] [         13ms] [/home/alunos/.arthuruser001/webdesign.tri2.ativ1] git ls-files -- style.css • completed
2026-06-08 10:34:46.128 [info] [         18ms] [/home/alunos/.arthuruser001/webdesign.tri2.ativ1] git ls-files -- index.html • completed
2026-06-08 10:35:51.748 [info] [         10ms] [/home/alunos/.arthuruser001/webdesign.tri2.ativ1] git for-each-ref --format=%1E%(HEAD)%1D%(refname)%1D%(objectname)%1D%(*objectname)%1D%(upstream)%1D%(upstream:track)%1D%(committerdate:iso8601)%1D%(creatordate:iso8601)%1D%(authordate:iso8601)%1D%(subject)%1D%(worktreepath)%1D refs/heads/ refs/remotes/ refs/tags/ • completed
2026-06-08 10:35:51.750 [info] [          7ms] [/home/alunos/.arthuruser001/webdesign.tri2.ativ1] git config --get-regex -f /home/alunos/.arthuruser001/webdesign.tri2.ativ1/.git/gk/config ^branch\..*\.gk-(last-(accessed|modified)|disposition|agent-last-activity)$ • completed
2026-06-08 10:35:51.758 [info] [          5ms] [/home/alunos/.arthuruser001/webdesign.tri2.ativ1] git config --get -f /home/alunos/.arthuruser001/webdesign.tri2.ativ1/.git/gk/config branch.main.gk-last-accessed • completed
2026-06-08 10:35:51.766 [info] [          6ms] [/home/alunos/.arthuruser001/webdesign.tri2.ativ1] git config -f /home/alunos/.arthuruser001/webdesign.tri2.ativ1/.git/gk/config branch.main.gk-last-accessed 2026-06-08T13:35:51.751Z • completed
2026-06-08 10:56:59.514 [info] [         10ms] [/home/alunos/.arthuruser001/webdesign.tri2.ativ1] git ls-files -- index.html • completed
2026-06-08 10:58:01.557 [info] [          8ms] [/home/alunos/.arthuruser001/webdesign.tri2.ativ1] git ls-files -- index.html • completed
2026-06-08 10:59:05.227 [info] [          8ms] [/home/alunos/.arthuruser001/webdesign.tri2.ativ1] git ls-files -- index.html • completed
2026-06-08 11:00:07.922 [info] [          7ms] [/home/alunos/.arthuruser001/webdesign.tri2.ativ1] git ls-files -- index.html • completed
2026-06-08 11:00:48.584 [info] [          9ms] [/home/alunos/.arthuruser001/webdesign.tri2.ativ1] git ls-files -- index.html • completed
2026-06-08 11:08:14.727 [info] [          7ms] [/home/alunos/.arthuruser001/webdesign.tri2.ativ1] git ls-files -- index.html • completed
2026-06-08 11:08:20.265 [info] [         11ms] [/home/alunos/.arthuruser001/webdesign.tri2.ativ1] git ls-files -- main.css • completed
2026-06-08 11:09:21.266 [info] [          8ms] [/home/alunos/.arthuruser001/webdesign.tri2.ativ1] git ls-files -- main.css • completed
2026-06-08 11:10:27.147 [info] [          8ms] [/home/alunos/.arthuruser001/webdesign.tri2.ativ1] git ls-files -- main.css • completed
2026-06-08 11:15:11.587 [info] [          7ms] [/home/alunos/.arthuruser001/webdesign.tri2.ativ1] git ls-files -- main.css • completed
2026-06-08 11:16:27.089 [info] [          7ms] [/home/alunos/.arthuruser001/webdesign.tri2.ativ1] git ls-files -- main.css • completed
2026-06-08 11:17:59.642 [info] [         10ms] [/home/alunos/.arthuruser001/webdesign.tri2.ativ1] git ls-files -- main.css • completed
2026-06-08 11:28:03.160 [info] [          7ms] [/home/alunos/.arthuruser001/webdesign.tri2.ativ1] git ls-files -- main.css • completed
2026-06-08 11:29:04.826 [info] [          8ms] [/home/alunos/.arthuruser001/webdesign.tri2.ativ1] git ls-files -- main.css • completed
