2026-06-08 10:32:24.296 [info] [main] Log level: Info
2026-06-08 10:32:24.296 [info] [main] Validating found git in: "git"
2026-06-08 10:32:24.296 [info] [main] Using git "2.43.0" from "git"
2026-06-08 10:32:24.296 [info] [Model][doInitialScan] Initial repository scan started
2026-06-08 10:32:24.296 [info] [Model][doInitialScan] Initial repository scan completed - repositories (0), closed repositories (0), parent repositories (0), unsafe repositories (0)
2026-06-08 10:33:21.685 [info] [main] Log level: Info
2026-06-08 10:33:21.685 [info] [main] Validating found git in: "git"
2026-06-08 10:33:21.685 [info] [main] Using git "2.43.0" from "git"
2026-06-08 10:33:21.685 [info] [Model][doInitialScan] Initial repository scan started
2026-06-08 10:33:21.685 [info] > git rev-parse --show-toplevel [46ms]
2026-06-08 10:33:21.725 [info] > git rev-parse --git-dir --git-common-dir --show-superproject-working-tree [31ms]
2026-06-08 10:33:21.755 [info] [Model][openRepository] Opened repository (path): /home/alunos/.arthuruser001/webdesign.tri2.ativ1
2026-06-08 10:33:21.755 [info] [Model][openRepository] Opened repository (real path): /home/alunos/.arthuruser001/webdesign.tri2.ativ1
2026-06-08 10:33:21.755 [info] [Model][openRepository] Opened repository (kind): repository
2026-06-08 10:33:21.780 [info] > git rev-parse --show-toplevel [5ms]
2026-06-08 10:33:21.781 [info] > git config --get commit.template [11ms]
2026-06-08 10:33:21.781 [info] > git config --get --local core.virtualfilesystem [18ms]
2026-06-08 10:33:21.781 [warning] [Git][config] git config failed: Failed to execute git
2026-06-08 10:33:21.807 [info] > git rev-parse --show-toplevel [10ms]
2026-06-08 10:33:21.811 [info] [Model][doInitialScan] Initial repository scan completed - repositories (1), closed repositories (0), parent repositories (0), unsafe repositories (0)
2026-06-08 10:33:21.823 [info] > git for-each-ref --format=%(refname)%00%(upstream:short)%00%(objectname)%00%(upstream:track)%00%(upstream:remotename)%00%(upstream:remoteref) refs/heads/main refs/remotes/main [20ms]
2026-06-08 10:33:21.828 [warning] [Git][revParse] Unable to read file: ENOENT: no such file or directory, open '/home/alunos/.arthuruser001/webdesign.tri2.ativ1/.git/refs/remotes/origin/main'
2026-06-08 10:33:21.830 [info] > git rev-parse refs/remotes/origin/main [2ms]
2026-06-08 10:33:21.860 [info] > git for-each-ref --sort -committerdate --format %(refname)%00%(objectname)%00%(*objectname) [13ms]
2026-06-08 10:33:22.303 [info] > git check-ignore -v -z --stdin [10ms]
2026-06-08 10:33:22.385 [info] > git status -z -uall [547ms]
2026-06-08 10:33:22.430 [info] > git for-each-ref --format=%(refname)%00%(upstream:short)%00%(objectname)%00%(upstream:track)%00%(upstream:remotename)%00%(upstream:remoteref) refs/heads/main refs/remotes/main [26ms]
2026-06-08 10:33:22.447 [info] > git config --get commit.template [18ms]
2026-06-08 10:33:22.450 [info] > git config --get --local branch.main.vscode-merge-base [7ms]
2026-06-08 10:33:22.450 [warning] [Git][config] git config failed: Failed to execute git
2026-06-08 10:33:22.469 [info] > git reflog main --grep-reflog=branch: Created from *. [11ms]
2026-06-08 10:33:22.480 [info] > git symbolic-ref --short refs/remotes/origin/HEAD [3ms]
2026-06-08 10:33:22.490 [info] > git for-each-ref --format=%(refname)%00%(upstream:short)%00%(objectname)%00%(upstream:track)%00%(upstream:remotename)%00%(upstream:remoteref) refs/heads/main refs/remotes/main [23ms]
2026-06-08 10:33:22.512 [warning] [Git][revParse] Unable to read file: ENOENT: no such file or directory, open '/home/alunos/.arthuruser001/webdesign.tri2.ativ1/.git/refs/remotes/origin/main'
2026-06-08 10:33:22.513 [info] > git for-each-ref --format=%(refname)%00%(upstream:short)%00%(objectname)%00%(upstream:track)%00%(upstream:remotename)%00%(upstream:remoteref) refs/heads/origin/main refs/remotes/origin/main [22ms]
2026-06-08 10:33:22.520 [info] > git rev-parse refs/remotes/origin/main [8ms]
2026-06-08 10:33:22.538 [info] > git config --add --local branch.main.vscode-merge-base origin/main [18ms]
2026-06-08 10:33:22.539 [info] > git for-each-ref --sort -committerdate --format %(refname)%00%(objectname)%00%(*objectname) [2ms] (cancelled)
2026-06-08 10:33:22.549 [info] > git status -z -uall [23ms] (cancelled)
2026-06-08 10:33:22.551 [info] > git config --get commit.template [2ms]
2026-06-08 10:33:22.558 [info] > git for-each-ref --format=%(refname)%00%(upstream:short)%00%(objectname)%00%(upstream:track)%00%(upstream:remotename)%00%(upstream:remoteref) refs/heads/main refs/remotes/main [2ms]
2026-06-08 10:33:22.563 [warning] [Git][revParse] Unable to read file: ENOENT: no such file or directory, open '/home/alunos/.arthuruser001/webdesign.tri2.ativ1/.git/refs/remotes/origin/main'
2026-06-08 10:33:22.565 [info] > git rev-parse refs/remotes/origin/main [2ms]
2026-06-08 10:33:22.578 [info] > git for-each-ref --sort -committerdate --format %(refname)%00%(objectname)%00%(*objectname) [3ms]
2026-06-08 10:33:22.687 [info] > git status -z -uall [118ms]
2026-06-08 10:33:22.706 [info] > git merge-base refs/heads/main refs/remotes/origin/main [9ms]
2026-06-08 10:33:22.716 [info] > git diff --raw --numstat --diff-filter=ADMR -z --find-renames=50% 88857ccffff4fb5d9cfc50d928313bc8fa177cb8...refs/remotes/origin/main -- [4ms]
2026-06-08 10:33:22.717 [info] > git merge-base refs/heads/main refs/remotes/origin/main [12ms]
2026-06-08 10:33:22.725 [info] > git diff --raw --numstat --diff-filter=ADMR -z --find-renames=50% 88857ccffff4fb5d9cfc50d928313bc8fa177cb8...refs/remotes/origin/main -- [2ms]
2026-06-08 10:33:25.496 [info] > git config --get commit.template [6ms]
2026-06-08 10:33:25.497 [info] > git for-each-ref --format=%(refname)%00%(upstream:short)%00%(objectname)%00%(upstream:track)%00%(upstream:remotename)%00%(upstream:remoteref) refs/heads/main refs/remotes/main [2ms]
2026-06-08 10:33:25.502 [warning] [Git][revParse] Unable to read file: ENOENT: no such file or directory, open '/home/alunos/.arthuruser001/webdesign.tri2.ativ1/.git/refs/remotes/origin/main'
2026-06-08 10:33:25.504 [info] > git rev-parse refs/remotes/origin/main [2ms]
2026-06-08 10:33:25.519 [info] > git for-each-ref --sort -committerdate --format %(refname)%00%(objectname)%00%(*objectname) [2ms]
2026-06-08 10:33:25.623 [info] > git status -z -uall [114ms]
2026-06-08 10:33:30.647 [info] > git config --get commit.template [10ms]
2026-06-08 10:33:30.648 [info] > git for-each-ref --format=%(refname)%00%(upstream:short)%00%(objectname)%00%(upstream:track)%00%(upstream:remotename)%00%(upstream:remoteref) refs/heads/main refs/remotes/main [2ms]
2026-06-08 10:33:30.656 [warning] [Git][revParse] Unable to read file: ENOENT: no such file or directory, open '/home/alunos/.arthuruser001/webdesign.tri2.ativ1/.git/refs/remotes/origin/main'
2026-06-08 10:33:30.658 [info] > git rev-parse refs/remotes/origin/main [2ms]
2026-06-08 10:33:30.691 [info] > git for-each-ref --sort -committerdate --format %(refname)%00%(objectname)%00%(*objectname) [4ms]
2026-06-08 10:33:30.849 [info] > git status -z -uall [176ms]
2026-06-08 10:33:31.086 [info] > git check-ignore -v -z --stdin [5ms]
2026-06-08 10:33:32.210 [info] > git log --format=%H%n%aN%n%aE%n%at%n%ct%n%P%n%D%n%B -z --shortstat --diff-merges=first-parent -n50 --skip=0 --topo-order --decorate=full --stdin [1757ms]
2026-06-08 10:33:32.237 [info] > git merge-base main origin/main [3ms]
2026-06-08 10:33:35.865 [info] > git config --get commit.template [6ms]
2026-06-08 10:33:35.867 [info] > git for-each-ref --format=%(refname)%00%(upstream:short)%00%(objectname)%00%(upstream:track)%00%(upstream:remotename)%00%(upstream:remoteref) refs/heads/main refs/remotes/main [3ms]
2026-06-08 10:33:35.872 [warning] [Git][revParse] Unable to read file: ENOENT: no such file or directory, open '/home/alunos/.arthuruser001/webdesign.tri2.ativ1/.git/refs/remotes/origin/main'
2026-06-08 10:33:35.874 [info] > git rev-parse refs/remotes/origin/main [2ms]
2026-06-08 10:33:35.890 [info] > git for-each-ref --sort -committerdate --format %(refname)%00%(objectname)%00%(*objectname) [2ms]
2026-06-08 10:33:36.000 [info] > git status -z -uall [122ms]
2026-06-08 10:33:41.017 [info] > git config --get commit.template [3ms]
2026-06-08 10:33:41.025 [info] > git for-each-ref --format=%(refname)%00%(upstream:short)%00%(objectname)%00%(upstream:track)%00%(upstream:remotename)%00%(upstream:remoteref) refs/heads/main refs/remotes/main [2ms]
2026-06-08 10:33:41.030 [warning] [Git][revParse] Unable to read file: ENOENT: no such file or directory, open '/home/alunos/.arthuruser001/webdesign.tri2.ativ1/.git/refs/remotes/origin/main'
2026-06-08 10:33:41.032 [info] > git rev-parse refs/remotes/origin/main [2ms]
2026-06-08 10:33:41.050 [info] > git for-each-ref --sort -committerdate --format %(refname)%00%(objectname)%00%(*objectname) [2ms]
2026-06-08 10:33:41.156 [info] > git status -z -uall [120ms]
2026-06-08 10:33:46.288 [info] > git check-ignore -v -z --stdin [8ms]
2026-06-08 10:33:46.322 [info] > git show --textconv :index.html [15ms]
2026-06-08 10:33:46.322 [info] > git ls-files --stage -- index.html [5ms]
2026-06-08 10:33:46.338 [info] > git hash-object -t tree /dev/null [9ms]
2026-06-08 10:33:46.339 [warning] [GitFileSystemProvider][stat] File not found - git:/home/alunos/.arthuruser001/webdesign.tri2.ativ1/index.html.git?%7B%22path%22%3A%22%2Fhome%2Falunos%2F.arthuruser001%2Fwebdesign.tri2.ativ1%2Findex.html%22%2C%22ref%22%3A%22%22%7D
2026-06-08 10:33:46.341 [info] > git hash-object -t tree /dev/null [3ms]
2026-06-08 10:33:46.341 [warning] [GitFileSystemProvider][readFile] File not found - git:/home/alunos/.arthuruser001/webdesign.tri2.ativ1/index.html.git?%7B%22path%22%3A%22%2Fhome%2Falunos%2F.arthuruser001%2Fwebdesign.tri2.ativ1%2Findex.html%22%2C%22ref%22%3A%22%22%7D
2026-06-08 10:33:46.503 [info] > git check-ignore -v -z --stdin [3ms]
2026-06-08 10:33:47.494 [info] > git config --get commit.template [7ms]
2026-06-08 10:33:47.495 [info] > git for-each-ref --format=%(refname)%00%(upstream:short)%00%(objectname)%00%(upstream:track)%00%(upstream:remotename)%00%(upstream:remoteref) refs/heads/main refs/remotes/main [2ms]
2026-06-08 10:33:47.500 [warning] [Git][revParse] Unable to read file: ENOENT: no such file or directory, open '/home/alunos/.arthuruser001/webdesign.tri2.ativ1/.git/refs/remotes/origin/main'
2026-06-08 10:33:47.502 [info] > git rev-parse refs/remotes/origin/main [2ms]
2026-06-08 10:33:47.517 [info] > git for-each-ref --sort -committerdate --format %(refname)%00%(objectname)%00%(*objectname) [3ms]
2026-06-08 10:33:47.628 [info] > git status -z -uall [121ms]
2026-06-08 10:33:49.600 [info] > git check-ignore -v -z --stdin [5ms]
2026-06-08 10:33:52.641 [info] > git config --get commit.template [2ms]
2026-06-08 10:33:52.648 [info] > git for-each-ref --format=%(refname)%00%(upstream:short)%00%(objectname)%00%(upstream:track)%00%(upstream:remotename)%00%(upstream:remoteref) refs/heads/main refs/remotes/main [2ms]
2026-06-08 10:33:52.652 [warning] [Git][revParse] Unable to read file: ENOENT: no such file or directory, open '/home/alunos/.arthuruser001/webdesign.tri2.ativ1/.git/refs/remotes/origin/main'
2026-06-08 10:33:52.653 [info] > git rev-parse refs/remotes/origin/main [1ms]
2026-06-08 10:33:52.668 [info] > git for-each-ref --sort -committerdate --format %(refname)%00%(objectname)%00%(*objectname) [2ms]
2026-06-08 10:33:52.774 [info] > git status -z -uall [116ms]
2026-06-08 10:33:57.791 [info] > git config --get commit.template [6ms]
2026-06-08 10:33:57.792 [info] > git for-each-ref --format=%(refname)%00%(upstream:short)%00%(objectname)%00%(upstream:track)%00%(upstream:remotename)%00%(upstream:remoteref) refs/heads/main refs/remotes/main [2ms]
2026-06-08 10:33:57.797 [warning] [Git][revParse] Unable to read file: ENOENT: no such file or directory, open '/home/alunos/.arthuruser001/webdesign.tri2.ativ1/.git/refs/remotes/origin/main'
2026-06-08 10:33:57.798 [info] > git rev-parse refs/remotes/origin/main [1ms]
2026-06-08 10:33:57.810 [info] > git for-each-ref --sort -committerdate --format %(refname)%00%(objectname)%00%(*objectname) [1ms]
2026-06-08 10:33:57.919 [info] > git status -z -uall [116ms]
2026-06-08 10:34:02.940 [info] > git config --get commit.template [7ms]
2026-06-08 10:34:02.946 [info] > git for-each-ref --format=%(refname)%00%(upstream:short)%00%(objectname)%00%(upstream:track)%00%(upstream:remotename)%00%(upstream:remoteref) refs/heads/main refs/remotes/main [7ms]
2026-06-08 10:34:02.953 [warning] [Git][revParse] Unable to read file: ENOENT: no such file or directory, open '/home/alunos/.arthuruser001/webdesign.tri2.ativ1/.git/refs/remotes/origin/main'
2026-06-08 10:34:02.954 [info] > git rev-parse refs/remotes/origin/main [2ms]
2026-06-08 10:34:02.971 [info] > git for-each-ref --sort -committerdate --format %(refname)%00%(objectname)%00%(*objectname) [2ms]
2026-06-08 10:34:03.083 [info] > git status -z -uall [124ms]
2026-06-08 10:34:08.102 [info] > git config --get commit.template [7ms]
2026-06-08 10:34:08.103 [info] > git for-each-ref --format=%(refname)%00%(upstream:short)%00%(objectname)%00%(upstream:track)%00%(upstream:remotename)%00%(upstream:remoteref) refs/heads/main refs/remotes/main [2ms]
2026-06-08 10:34:08.108 [warning] [Git][revParse] Unable to read file: ENOENT: no such file or directory, open '/home/alunos/.arthuruser001/webdesign.tri2.ativ1/.git/refs/remotes/origin/main'
2026-06-08 10:34:08.109 [info] > git rev-parse refs/remotes/origin/main [2ms]
2026-06-08 10:34:08.125 [info] > git for-each-ref --sort -committerdate --format %(refname)%00%(objectname)%00%(*objectname) [2ms]
2026-06-08 10:34:08.234 [info] > git status -z -uall [120ms]
2026-06-08 10:34:13.246 [info] > git config --get commit.template [2ms]
2026-06-08 10:34:13.255 [info] > git for-each-ref --format=%(refname)%00%(upstream:short)%00%(objectname)%00%(upstream:track)%00%(upstream:remotename)%00%(upstream:remoteref) refs/heads/main refs/remotes/main [2ms]
2026-06-08 10:34:13.260 [warning] [Git][revParse] Unable to read file: ENOENT: no such file or directory, open '/home/alunos/.arthuruser001/webdesign.tri2.ativ1/.git/refs/remotes/origin/main'
2026-06-08 10:34:13.261 [info] > git rev-parse refs/remotes/origin/main [2ms]
2026-06-08 10:34:13.279 [info] > git for-each-ref --sort -committerdate --format %(refname)%00%(objectname)%00%(*objectname) [3ms]
2026-06-08 10:34:13.388 [info] > git status -z -uall [122ms]
2026-06-08 10:34:18.406 [info] > git config --get commit.template [7ms]
2026-06-08 10:34:18.407 [info] > git for-each-ref --format=%(refname)%00%(upstream:short)%00%(objectname)%00%(upstream:track)%00%(upstream:remotename)%00%(upstream:remoteref) refs/heads/main refs/remotes/main [2ms]
2026-06-08 10:34:18.412 [warning] [Git][revParse] Unable to read file: ENOENT: no such file or directory, open '/home/alunos/.arthuruser001/webdesign.tri2.ativ1/.git/refs/remotes/origin/main'
2026-06-08 10:34:18.413 [info] > git rev-parse refs/remotes/origin/main [2ms]
2026-06-08 10:34:18.429 [info] > git for-each-ref --sort -committerdate --format %(refname)%00%(objectname)%00%(*objectname) [7ms]
2026-06-08 10:34:18.530 [info] > git status -z -uall [113ms]
2026-06-08 10:34:23.548 [info] > git config --get commit.template [7ms]
2026-06-08 10:34:23.549 [info] > git for-each-ref --format=%(refname)%00%(upstream:short)%00%(objectname)%00%(upstream:track)%00%(upstream:remotename)%00%(upstream:remoteref) refs/heads/main refs/remotes/main [2ms]
2026-06-08 10:34:23.555 [warning] [Git][revParse] Unable to read file: ENOENT: no such file or directory, open '/home/alunos/.arthuruser001/webdesign.tri2.ativ1/.git/refs/remotes/origin/main'
2026-06-08 10:34:23.557 [info] > git rev-parse refs/remotes/origin/main [2ms]
2026-06-08 10:34:23.570 [info] > git for-each-ref --sort -committerdate --format %(refname)%00%(objectname)%00%(*objectname) [1ms]
2026-06-08 10:34:23.670 [info] > git status -z -uall [108ms]
2026-06-08 10:34:28.682 [info] > git config --get commit.template [2ms]
2026-06-08 10:34:28.688 [info] > git for-each-ref --format=%(refname)%00%(upstream:short)%00%(objectname)%00%(upstream:track)%00%(upstream:remotename)%00%(upstream:remoteref) refs/heads/main refs/remotes/main [2ms]
2026-06-08 10:34:28.693 [warning] [Git][revParse] Unable to read file: ENOENT: no such file or directory, open '/home/alunos/.arthuruser001/webdesign.tri2.ativ1/.git/refs/remotes/origin/main'
2026-06-08 10:34:28.694 [info] > git rev-parse refs/remotes/origin/main [1ms]
2026-06-08 10:34:28.708 [info] > git for-each-ref --sort -committerdate --format %(refname)%00%(objectname)%00%(*objectname) [2ms]
2026-06-08 10:34:28.816 [info] > git status -z -uall [116ms]
2026-06-08 10:34:30.313 [info] > git check-ignore -v -z --stdin [3ms]
2026-06-08 10:34:31.625 [info] > git check-ignore -v -z --stdin [3ms]
2026-06-08 10:34:31.641 [info] > git show --textconv :style.css [7ms]
2026-06-08 10:34:31.641 [warning] [GitFileSystemProvider][readFile] File not found - git:/home/alunos/.arthuruser001/webdesign.tri2.ativ1/style.css.git?%7B%22path%22%3A%22%2Fhome%2Falunos%2F.arthuruser001%2Fwebdesign.tri2.ativ1%2Fstyle.css%22%2C%22ref%22%3A%22%22%7D
2026-06-08 10:34:31.644 [info] > git ls-files --stage -- style.css [4ms]
2026-06-08 10:34:31.644 [warning] [GitFileSystemProvider][stat] File not found - git:/home/alunos/.arthuruser001/webdesign.tri2.ativ1/style.css.git?%7B%22path%22%3A%22%2Fhome%2Falunos%2F.arthuruser001%2Fwebdesign.tri2.ativ1%2Fstyle.css%22%2C%22ref%22%3A%22%22%7D
2026-06-08 10:34:33.834 [info] > git config --get commit.template [7ms]
2026-06-08 10:34:33.836 [info] > git for-each-ref --format=%(refname)%00%(upstream:short)%00%(objectname)%00%(upstream:track)%00%(upstream:remotename)%00%(upstream:remoteref) refs/heads/main refs/remotes/main [2ms]
2026-06-08 10:34:33.841 [warning] [Git][revParse] Unable to read file: ENOENT: no such file or directory, open '/home/alunos/.arthuruser001/webdesign.tri2.ativ1/.git/refs/remotes/origin/main'
2026-06-08 10:34:33.842 [info] > git rev-parse refs/remotes/origin/main [2ms]
2026-06-08 10:34:33.858 [info] > git for-each-ref --sort -committerdate --format %(refname)%00%(objectname)%00%(*objectname) [3ms]
2026-06-08 10:34:33.960 [info] > git status -z -uall [113ms]
2026-06-08 10:34:46.101 [info] > git config --get commit.template [8ms]
2026-06-08 10:34:46.102 [info] > git for-each-ref --format=%(refname)%00%(upstream:short)%00%(objectname)%00%(upstream:track)%00%(upstream:remotename)%00%(upstream:remoteref) refs/heads/main refs/remotes/main [2ms]
2026-06-08 10:34:46.108 [warning] [Git][revParse] Unable to read file: ENOENT: no such file or directory, open '/home/alunos/.arthuruser001/webdesign.tri2.ativ1/.git/refs/remotes/origin/main'
2026-06-08 10:34:46.116 [info] > git rev-parse refs/remotes/origin/main [8ms]
2026-06-08 10:34:46.129 [info] > git for-each-ref --sort -committerdate --format %(refname)%00%(objectname)%00%(*objectname) [2ms]
2026-06-08 10:34:46.231 [info] > git status -z -uall [110ms]
2026-06-08 10:34:51.249 [info] > git config --get commit.template [8ms]
2026-06-08 10:34:51.250 [info] > git for-each-ref --format=%(refname)%00%(upstream:short)%00%(objectname)%00%(upstream:track)%00%(upstream:remotename)%00%(upstream:remoteref) refs/heads/main refs/remotes/main [2ms]
2026-06-08 10:34:51.255 [warning] [Git][revParse] Unable to read file: ENOENT: no such file or directory, open '/home/alunos/.arthuruser001/webdesign.tri2.ativ1/.git/refs/remotes/origin/main'
2026-06-08 10:34:51.256 [info] > git rev-parse refs/remotes/origin/main [1ms]
2026-06-08 10:34:51.271 [info] > git for-each-ref --sort -committerdate --format %(refname)%00%(objectname)%00%(*objectname) [2ms]
2026-06-08 10:34:51.381 [info] > git status -z -uall [121ms]
2026-06-08 10:59:33.571 [info] > git config --get commit.template [9ms]
2026-06-08 10:59:33.576 [info] > git for-each-ref --format=%(refname)%00%(upstream:short)%00%(objectname)%00%(upstream:track)%00%(upstream:remotename)%00%(upstream:remoteref) refs/heads/main refs/remotes/main [6ms]
2026-06-08 10:59:33.583 [warning] [Git][revParse] Unable to read file: ENOENT: no such file or directory, open '/home/alunos/.arthuruser001/webdesign.tri2.ativ1/.git/refs/remotes/origin/main'
2026-06-08 10:59:33.584 [info] > git rev-parse refs/remotes/origin/main [1ms]
2026-06-08 10:59:33.599 [info] > git for-each-ref --sort -committerdate --format %(refname)%00%(objectname)%00%(*objectname) [1ms]
2026-06-08 10:59:34.121 [info] > git status -z -uall [532ms]
2026-06-08 10:59:39.139 [info] > git config --get commit.template [5ms]
2026-06-08 10:59:39.141 [info] > git for-each-ref --format=%(refname)%00%(upstream:short)%00%(objectname)%00%(upstream:track)%00%(upstream:remotename)%00%(upstream:remoteref) refs/heads/main refs/remotes/main [2ms]
2026-06-08 10:59:39.145 [warning] [Git][revParse] Unable to read file: ENOENT: no such file or directory, open '/home/alunos/.arthuruser001/webdesign.tri2.ativ1/.git/refs/remotes/origin/main'
2026-06-08 10:59:39.146 [info] > git rev-parse refs/remotes/origin/main [1ms]
2026-06-08 10:59:39.162 [info] > git for-each-ref --sort -committerdate --format %(refname)%00%(objectname)%00%(*objectname) [2ms]
2026-06-08 10:59:39.281 [info] > git status -z -uall [131ms]
2026-06-08 10:59:44.300 [info] > git config --get commit.template [7ms]
2026-06-08 10:59:44.301 [info] > git for-each-ref --format=%(refname)%00%(upstream:short)%00%(objectname)%00%(upstream:track)%00%(upstream:remotename)%00%(upstream:remoteref) refs/heads/main refs/remotes/main [2ms]
2026-06-08 10:59:44.306 [warning] [Git][revParse] Unable to read file: ENOENT: no such file or directory, open '/home/alunos/.arthuruser001/webdesign.tri2.ativ1/.git/refs/remotes/origin/main'
2026-06-08 10:59:44.307 [info] > git rev-parse refs/remotes/origin/main [1ms]
2026-06-08 10:59:44.322 [info] > git for-each-ref --sort -committerdate --format %(refname)%00%(objectname)%00%(*objectname) [2ms]
2026-06-08 10:59:44.424 [info] > git status -z -uall [112ms]
2026-06-08 10:59:49.438 [info] > git config --get commit.template [2ms]
2026-06-08 10:59:49.445 [info] > git for-each-ref --format=%(refname)%00%(upstream:short)%00%(objectname)%00%(upstream:track)%00%(upstream:remotename)%00%(upstream:remoteref) refs/heads/main refs/remotes/main [2ms]
2026-06-08 10:59:49.450 [warning] [Git][revParse] Unable to read file: ENOENT: no such file or directory, open '/home/alunos/.arthuruser001/webdesign.tri2.ativ1/.git/refs/remotes/origin/main'
2026-06-08 10:59:49.451 [info] > git rev-parse refs/remotes/origin/main [1ms]
2026-06-08 10:59:49.464 [info] > git for-each-ref --sort -committerdate --format %(refname)%00%(objectname)%00%(*objectname) [2ms]
2026-06-08 10:59:49.580 [info] > git status -z -uall [125ms]
2026-06-08 10:59:54.599 [info] > git config --get commit.template [9ms]
2026-06-08 10:59:54.600 [info] > git for-each-ref --format=%(refname)%00%(upstream:short)%00%(objectname)%00%(upstream:track)%00%(upstream:remotename)%00%(upstream:remoteref) refs/heads/main refs/remotes/main [2ms]
2026-06-08 10:59:54.605 [warning] [Git][revParse] Unable to read file: ENOENT: no such file or directory, open '/home/alunos/.arthuruser001/webdesign.tri2.ativ1/.git/refs/remotes/origin/main'
2026-06-08 10:59:54.606 [info] > git rev-parse refs/remotes/origin/main [1ms]
2026-06-08 10:59:54.620 [info] > git for-each-ref --sort -committerdate --format %(refname)%00%(objectname)%00%(*objectname) [2ms]
2026-06-08 10:59:54.722 [info] > git status -z -uall [111ms]
2026-06-08 10:59:59.740 [info] > git config --get commit.template [6ms]
2026-06-08 10:59:59.741 [info] > git for-each-ref --format=%(refname)%00%(upstream:short)%00%(objectname)%00%(upstream:track)%00%(upstream:remotename)%00%(upstream:remoteref) refs/heads/main refs/remotes/main [2ms]
2026-06-08 10:59:59.746 [warning] [Git][revParse] Unable to read file: ENOENT: no such file or directory, open '/home/alunos/.arthuruser001/webdesign.tri2.ativ1/.git/refs/remotes/origin/main'
2026-06-08 10:59:59.747 [info] > git rev-parse refs/remotes/origin/main [1ms]
2026-06-08 10:59:59.761 [info] > git for-each-ref --sort -committerdate --format %(refname)%00%(objectname)%00%(*objectname) [1ms]
2026-06-08 10:59:59.874 [info] > git status -z -uall [123ms]
2026-06-08 11:00:04.891 [info] > git config --get commit.template [6ms]
2026-06-08 11:00:04.892 [info] > git for-each-ref --format=%(refname)%00%(upstream:short)%00%(objectname)%00%(upstream:track)%00%(upstream:remotename)%00%(upstream:remoteref) refs/heads/main refs/remotes/main [2ms]
2026-06-08 11:00:04.898 [warning] [Git][revParse] Unable to read file: ENOENT: no such file or directory, open '/home/alunos/.arthuruser001/webdesign.tri2.ativ1/.git/refs/remotes/origin/main'
2026-06-08 11:00:04.901 [info] > git rev-parse refs/remotes/origin/main [3ms]
2026-06-08 11:00:04.914 [info] > git for-each-ref --sort -committerdate --format %(refname)%00%(objectname)%00%(*objectname) [1ms]
2026-06-08 11:00:05.039 [info] > git status -z -uall [134ms]
2026-06-08 11:00:10.055 [info] > git config --get commit.template [6ms]
2026-06-08 11:00:10.056 [info] > git for-each-ref --format=%(refname)%00%(upstream:short)%00%(objectname)%00%(upstream:track)%00%(upstream:remotename)%00%(upstream:remoteref) refs/heads/main refs/remotes/main [2ms]
2026-06-08 11:00:10.060 [warning] [Git][revParse] Unable to read file: ENOENT: no such file or directory, open '/home/alunos/.arthuruser001/webdesign.tri2.ativ1/.git/refs/remotes/origin/main'
2026-06-08 11:00:10.062 [info] > git rev-parse refs/remotes/origin/main [2ms]
2026-06-08 11:00:10.075 [info] > git for-each-ref --sort -committerdate --format %(refname)%00%(objectname)%00%(*objectname) [4ms]
2026-06-08 11:00:10.185 [info] > git status -z -uall [119ms]
2026-06-08 11:00:49.654 [info] > git config --get commit.template [2ms]
2026-06-08 11:00:49.660 [info] > git for-each-ref --format=%(refname)%00%(upstream:short)%00%(objectname)%00%(upstream:track)%00%(upstream:remotename)%00%(upstream:remoteref) refs/heads/main refs/remotes/main [1ms]
2026-06-08 11:00:49.665 [warning] [Git][revParse] Unable to read file: ENOENT: no such file or directory, open '/home/alunos/.arthuruser001/webdesign.tri2.ativ1/.git/refs/remotes/origin/main'
2026-06-08 11:00:49.666 [info] > git rev-parse refs/remotes/origin/main [1ms]
2026-06-08 11:00:49.679 [info] > git for-each-ref --sort -committerdate --format %(refname)%00%(objectname)%00%(*objectname) [2ms]
2026-06-08 11:00:49.788 [info] > git status -z -uall [118ms]
2026-06-08 11:00:54.805 [info] > git config --get commit.template [7ms]
2026-06-08 11:00:54.805 [info] > git for-each-ref --format=%(refname)%00%(upstream:short)%00%(objectname)%00%(upstream:track)%00%(upstream:remotename)%00%(upstream:remoteref) refs/heads/main refs/remotes/main [2ms]
2026-06-08 11:00:54.810 [warning] [Git][revParse] Unable to read file: ENOENT: no such file or directory, open '/home/alunos/.arthuruser001/webdesign.tri2.ativ1/.git/refs/remotes/origin/main'
2026-06-08 11:00:54.812 [info] > git rev-parse refs/remotes/origin/main [2ms]
2026-06-08 11:00:54.824 [info] > git for-each-ref --sort -committerdate --format %(refname)%00%(objectname)%00%(*objectname) [3ms]
2026-06-08 11:00:54.925 [info] > git status -z -uall [109ms]
2026-06-08 11:00:59.942 [info] > git config --get commit.template [5ms]
2026-06-08 11:00:59.943 [info] > git for-each-ref --format=%(refname)%00%(upstream:short)%00%(objectname)%00%(upstream:track)%00%(upstream:remotename)%00%(upstream:remoteref) refs/heads/main refs/remotes/main [2ms]
2026-06-08 11:00:59.948 [warning] [Git][revParse] Unable to read file: ENOENT: no such file or directory, open '/home/alunos/.arthuruser001/webdesign.tri2.ativ1/.git/refs/remotes/origin/main'
2026-06-08 11:00:59.949 [info] > git rev-parse refs/remotes/origin/main [2ms]
2026-06-08 11:00:59.962 [info] > git for-each-ref --sort -committerdate --format %(refname)%00%(objectname)%00%(*objectname) [3ms]
2026-06-08 11:01:00.063 [info] > git status -z -uall [110ms]
2026-06-08 11:01:05.081 [info] > git config --get commit.template [7ms]
2026-06-08 11:01:05.082 [info] > git for-each-ref --format=%(refname)%00%(upstream:short)%00%(objectname)%00%(upstream:track)%00%(upstream:remotename)%00%(upstream:remoteref) refs/heads/main refs/remotes/main [2ms]
2026-06-08 11:01:05.087 [warning] [Git][revParse] Unable to read file: ENOENT: no such file or directory, open '/home/alunos/.arthuruser001/webdesign.tri2.ativ1/.git/refs/remotes/origin/main'
2026-06-08 11:01:05.088 [info] > git rev-parse refs/remotes/origin/main [2ms]
2026-06-08 11:01:05.105 [info] > git for-each-ref --sort -committerdate --format %(refname)%00%(objectname)%00%(*objectname) [3ms]
2026-06-08 11:01:05.215 [info] > git status -z -uall [122ms]
2026-06-08 11:01:10.231 [info] > git config --get commit.template [6ms]
2026-06-08 11:01:10.232 [info] > git for-each-ref --format=%(refname)%00%(upstream:short)%00%(objectname)%00%(upstream:track)%00%(upstream:remotename)%00%(upstream:remoteref) refs/heads/main refs/remotes/main [2ms]
2026-06-08 11:01:10.237 [warning] [Git][revParse] Unable to read file: ENOENT: no such file or directory, open '/home/alunos/.arthuruser001/webdesign.tri2.ativ1/.git/refs/remotes/origin/main'
2026-06-08 11:01:10.239 [info] > git rev-parse refs/remotes/origin/main [1ms]
2026-06-08 11:01:10.251 [info] > git for-each-ref --sort -committerdate --format %(refname)%00%(objectname)%00%(*objectname) [1ms]
2026-06-08 11:01:10.357 [info] > git status -z -uall [114ms]
2026-06-08 11:01:15.386 [info] > git config --get commit.template [11ms]
2026-06-08 11:01:15.402 [info] > git for-each-ref --format=%(refname)%00%(upstream:short)%00%(objectname)%00%(upstream:track)%00%(upstream:remotename)%00%(upstream:remoteref) refs/heads/main refs/remotes/main [2ms]
2026-06-08 11:01:15.411 [warning] [Git][revParse] Unable to read file: ENOENT: no such file or directory, open '/home/alunos/.arthuruser001/webdesign.tri2.ativ1/.git/refs/remotes/origin/main'
2026-06-08 11:01:15.412 [info] > git rev-parse refs/remotes/origin/main [1ms]
2026-06-08 11:01:15.435 [info] > git for-each-ref --sort -committerdate --format %(refname)%00%(objectname)%00%(*objectname) [3ms]
2026-06-08 11:01:15.541 [info] > git status -z -uall [117ms]
2026-06-08 11:01:26.561 [info] > git config --get commit.template [6ms]
2026-06-08 11:01:26.562 [info] > git for-each-ref --format=%(refname)%00%(upstream:short)%00%(objectname)%00%(upstream:track)%00%(upstream:remotename)%00%(upstream:remoteref) refs/heads/main refs/remotes/main [2ms]
2026-06-08 11:01:26.566 [warning] [Git][revParse] Unable to read file: ENOENT: no such file or directory, open '/home/alunos/.arthuruser001/webdesign.tri2.ativ1/.git/refs/remotes/origin/main'
2026-06-08 11:01:26.568 [info] > git rev-parse refs/remotes/origin/main [2ms]
2026-06-08 11:01:26.581 [info] > git for-each-ref --sort -committerdate --format %(refname)%00%(objectname)%00%(*objectname) [4ms]
2026-06-08 11:01:26.688 [info] > git status -z -uall [116ms]
2026-06-08 11:01:31.704 [info] > git config --get commit.template [6ms]
2026-06-08 11:01:31.705 [info] > git for-each-ref --format=%(refname)%00%(upstream:short)%00%(objectname)%00%(upstream:track)%00%(upstream:remotename)%00%(upstream:remoteref) refs/heads/main refs/remotes/main [2ms]
2026-06-08 11:01:31.710 [warning] [Git][revParse] Unable to read file: ENOENT: no such file or directory, open '/home/alunos/.arthuruser001/webdesign.tri2.ativ1/.git/refs/remotes/origin/main'
2026-06-08 11:01:31.712 [info] > git rev-parse refs/remotes/origin/main [2ms]
2026-06-08 11:01:31.727 [info] > git for-each-ref --sort -committerdate --format %(refname)%00%(objectname)%00%(*objectname) [2ms]
2026-06-08 11:01:31.842 [info] > git status -z -uall [126ms]
2026-06-08 11:03:57.925 [info] > git config --get commit.template [12ms]
2026-06-08 11:03:57.927 [info] > git for-each-ref --format=%(refname)%00%(upstream:short)%00%(objectname)%00%(upstream:track)%00%(upstream:remotename)%00%(upstream:remoteref) refs/heads/main refs/remotes/main [2ms]
2026-06-08 11:03:57.932 [warning] [Git][revParse] Unable to read file: ENOENT: no such file or directory, open '/home/alunos/.arthuruser001/webdesign.tri2.ativ1/.git/refs/remotes/origin/main'
2026-06-08 11:03:57.935 [info] > git rev-parse refs/remotes/origin/main [2ms]
2026-06-08 11:03:57.954 [info] > git for-each-ref --sort -committerdate --format %(refname)%00%(objectname)%00%(*objectname) [6ms]
2026-06-08 11:03:58.062 [info] > git status -z -uall [121ms]
2026-06-08 11:07:57.668 [info] > git config --get commit.template [4ms]
2026-06-08 11:07:57.677 [info] > git for-each-ref --format=%(refname)%00%(upstream:short)%00%(objectname)%00%(upstream:track)%00%(upstream:remotename)%00%(upstream:remoteref) refs/heads/main refs/remotes/main [2ms]
2026-06-08 11:07:57.684 [warning] [Git][revParse] Unable to read file: ENOENT: no such file or directory, open '/home/alunos/.arthuruser001/webdesign.tri2.ativ1/.git/refs/remotes/origin/main'
2026-06-08 11:07:57.685 [info] > git rev-parse refs/remotes/origin/main [1ms]
2026-06-08 11:07:57.704 [info] > git for-each-ref --sort -committerdate --format %(refname)%00%(objectname)%00%(*objectname) [2ms]
2026-06-08 11:07:57.804 [info] > git status -z -uall [113ms]
2026-06-08 11:08:02.820 [info] > git config --get commit.template [6ms]
2026-06-08 11:08:02.821 [info] > git for-each-ref --format=%(refname)%00%(upstream:short)%00%(objectname)%00%(upstream:track)%00%(upstream:remotename)%00%(upstream:remoteref) refs/heads/main refs/remotes/main [2ms]
2026-06-08 11:08:02.826 [warning] [Git][revParse] Unable to read file: ENOENT: no such file or directory, open '/home/alunos/.arthuruser001/webdesign.tri2.ativ1/.git/refs/remotes/origin/main'
2026-06-08 11:08:02.827 [info] > git rev-parse refs/remotes/origin/main [2ms]
2026-06-08 11:08:02.839 [info] > git for-each-ref --sort -committerdate --format %(refname)%00%(objectname)%00%(*objectname) [2ms]
2026-06-08 11:08:02.945 [info] > git status -z -uall [114ms]
2026-06-08 11:08:11.099 [info] > git config --get commit.template [7ms]
2026-06-08 11:08:11.100 [info] > git for-each-ref --format=%(refname)%00%(upstream:short)%00%(objectname)%00%(upstream:track)%00%(upstream:remotename)%00%(upstream:remoteref) refs/heads/main refs/remotes/main [2ms]
2026-06-08 11:08:11.105 [warning] [Git][revParse] Unable to read file: ENOENT: no such file or directory, open '/home/alunos/.arthuruser001/webdesign.tri2.ativ1/.git/refs/remotes/origin/main'
2026-06-08 11:08:11.106 [info] > git rev-parse refs/remotes/origin/main [1ms]
2026-06-08 11:08:11.121 [info] > git for-each-ref --sort -committerdate --format %(refname)%00%(objectname)%00%(*objectname) [1ms]
2026-06-08 11:08:11.228 [info] > git status -z -uall [118ms]
2026-06-08 11:08:16.249 [info] > git config --get commit.template [1ms]
2026-06-08 11:08:16.267 [info] > git for-each-ref --format=%(refname)%00%(upstream:short)%00%(objectname)%00%(upstream:track)%00%(upstream:remotename)%00%(upstream:remoteref) refs/heads/main refs/remotes/main [6ms]
2026-06-08 11:08:16.282 [warning] [Git][revParse] Unable to read file: ENOENT: no such file or directory, open '/home/alunos/.arthuruser001/webdesign.tri2.ativ1/.git/refs/remotes/origin/main'
2026-06-08 11:08:16.284 [info] > git rev-parse refs/remotes/origin/main [2ms]
2026-06-08 11:08:16.309 [info] > git for-each-ref --sort -committerdate --format %(refname)%00%(objectname)%00%(*objectname) [3ms]
2026-06-08 11:08:16.432 [info] > git status -z -uall [139ms]
2026-06-08 11:08:20.463 [info] > git check-ignore -v -z --stdin [4ms]
2026-06-08 11:08:20.476 [info] > git show --textconv :main.css [6ms]
2026-06-08 11:08:20.477 [warning] [GitFileSystemProvider][readFile] File not found - git:/home/alunos/.arthuruser001/webdesign.tri2.ativ1/main.css.git?%7B%22path%22%3A%22%2Fhome%2Falunos%2F.arthuruser001%2Fwebdesign.tri2.ativ1%2Fmain.css%22%2C%22ref%22%3A%22%22%7D
2026-06-08 11:08:20.479 [info] > git ls-files --stage -- main.css [3ms]
2026-06-08 11:08:20.480 [warning] [GitFileSystemProvider][stat] File not found - git:/home/alunos/.arthuruser001/webdesign.tri2.ativ1/main.css.git?%7B%22path%22%3A%22%2Fhome%2Falunos%2F.arthuruser001%2Fwebdesign.tri2.ativ1%2Fmain.css%22%2C%22ref%22%3A%22%22%7D
2026-06-08 11:08:20.751 [info] > git check-ignore -v -z --stdin [2ms]
2026-06-08 11:08:21.451 [info] > git config --get commit.template [8ms]
2026-06-08 11:08:21.451 [info] > git for-each-ref --format=%(refname)%00%(upstream:short)%00%(objectname)%00%(upstream:track)%00%(upstream:remotename)%00%(upstream:remoteref) refs/heads/main refs/remotes/main [2ms]
2026-06-08 11:08:21.458 [warning] [Git][revParse] Unable to read file: ENOENT: no such file or directory, open '/home/alunos/.arthuruser001/webdesign.tri2.ativ1/.git/refs/remotes/origin/main'
2026-06-08 11:08:21.459 [info] > git rev-parse refs/remotes/origin/main [2ms]
2026-06-08 11:08:21.477 [info] > git for-each-ref --sort -committerdate --format %(refname)%00%(objectname)%00%(*objectname) [1ms]
2026-06-08 11:08:21.578 [info] > git status -z -uall [114ms]
2026-06-08 11:08:26.612 [info] > git config --get commit.template [7ms]
2026-06-08 11:08:26.613 [info] > git for-each-ref --format=%(refname)%00%(upstream:short)%00%(objectname)%00%(upstream:track)%00%(upstream:remotename)%00%(upstream:remoteref) refs/heads/main refs/remotes/main [2ms]
2026-06-08 11:08:26.617 [warning] [Git][revParse] Unable to read file: ENOENT: no such file or directory, open '/home/alunos/.arthuruser001/webdesign.tri2.ativ1/.git/refs/remotes/origin/main'
2026-06-08 11:08:26.619 [info] > git rev-parse refs/remotes/origin/main [2ms]
2026-06-08 11:08:26.634 [info] > git for-each-ref --sort -committerdate --format %(refname)%00%(objectname)%00%(*objectname) [1ms]
2026-06-08 11:08:26.735 [info] > git status -z -uall [112ms]
2026-06-08 11:08:31.755 [info] > git config --get commit.template [7ms]
2026-06-08 11:08:31.755 [info] > git for-each-ref --format=%(refname)%00%(upstream:short)%00%(objectname)%00%(upstream:track)%00%(upstream:remotename)%00%(upstream:remoteref) refs/heads/main refs/remotes/main [2ms]
2026-06-08 11:08:31.762 [warning] [Git][revParse] Unable to read file: ENOENT: no such file or directory, open '/home/alunos/.arthuruser001/webdesign.tri2.ativ1/.git/refs/remotes/origin/main'
2026-06-08 11:08:31.764 [info] > git rev-parse refs/remotes/origin/main [2ms]
2026-06-08 11:08:31.781 [info] > git for-each-ref --sort -committerdate --format %(refname)%00%(objectname)%00%(*objectname) [2ms]
2026-06-08 11:08:31.894 [info] > git status -z -uall [125ms]
2026-06-08 11:08:36.912 [info] > git config --get commit.template [6ms]
2026-06-08 11:08:36.914 [info] > git for-each-ref --format=%(refname)%00%(upstream:short)%00%(objectname)%00%(upstream:track)%00%(upstream:remotename)%00%(upstream:remoteref) refs/heads/main refs/remotes/main [3ms]
2026-06-08 11:08:36.918 [warning] [Git][revParse] Unable to read file: ENOENT: no such file or directory, open '/home/alunos/.arthuruser001/webdesign.tri2.ativ1/.git/refs/remotes/origin/main'
2026-06-08 11:08:36.920 [info] > git rev-parse refs/remotes/origin/main [2ms]
2026-06-08 11:08:36.934 [info] > git for-each-ref --sort -committerdate --format %(refname)%00%(objectname)%00%(*objectname) [4ms]
2026-06-08 11:08:37.044 [info] > git status -z -uall [120ms]
2026-06-08 11:08:42.065 [info] > git config --get commit.template [8ms]
2026-06-08 11:08:42.066 [info] > git for-each-ref --format=%(refname)%00%(upstream:short)%00%(objectname)%00%(upstream:track)%00%(upstream:remotename)%00%(upstream:remoteref) refs/heads/main refs/remotes/main [3ms]
2026-06-08 11:08:42.072 [warning] [Git][revParse] Unable to read file: ENOENT: no such file or directory, open '/home/alunos/.arthuruser001/webdesign.tri2.ativ1/.git/refs/remotes/origin/main'
2026-06-08 11:08:42.074 [info] > git rev-parse refs/remotes/origin/main [2ms]
2026-06-08 11:08:42.093 [info] > git for-each-ref --sort -committerdate --format %(refname)%00%(objectname)%00%(*objectname) [5ms]
2026-06-08 11:08:42.201 [info] > git status -z -uall [121ms]
2026-06-08 11:08:47.218 [info] > git config --get commit.template [7ms]
2026-06-08 11:08:47.219 [info] > git for-each-ref --format=%(refname)%00%(upstream:short)%00%(objectname)%00%(upstream:track)%00%(upstream:remotename)%00%(upstream:remoteref) refs/heads/main refs/remotes/main [2ms]
2026-06-08 11:08:47.223 [warning] [Git][revParse] Unable to read file: ENOENT: no such file or directory, open '/home/alunos/.arthuruser001/webdesign.tri2.ativ1/.git/refs/remotes/origin/main'
2026-06-08 11:08:47.225 [info] > git rev-parse refs/remotes/origin/main [2ms]
2026-06-08 11:08:47.240 [info] > git for-each-ref --sort -committerdate --format %(refname)%00%(objectname)%00%(*objectname) [2ms]
2026-06-08 11:08:47.378 [info] > git status -z -uall [147ms]
2026-06-08 11:08:53.832 [info] > git config --get commit.template [8ms]
2026-06-08 11:08:53.833 [info] > git for-each-ref --format=%(refname)%00%(upstream:short)%00%(objectname)%00%(upstream:track)%00%(upstream:remotename)%00%(upstream:remoteref) refs/heads/main refs/remotes/main [3ms]
2026-06-08 11:08:53.837 [warning] [Git][revParse] Unable to read file: ENOENT: no such file or directory, open '/home/alunos/.arthuruser001/webdesign.tri2.ativ1/.git/refs/remotes/origin/main'
2026-06-08 11:08:53.838 [info] > git rev-parse refs/remotes/origin/main [1ms]
2026-06-08 11:08:53.854 [info] > git for-each-ref --sort -committerdate --format %(refname)%00%(objectname)%00%(*objectname) [1ms]
2026-06-08 11:08:53.966 [info] > git status -z -uall [123ms]
2026-06-08 11:08:58.986 [info] > git config --get commit.template [9ms]
2026-06-08 11:08:58.987 [info] > git for-each-ref --format=%(refname)%00%(upstream:short)%00%(objectname)%00%(upstream:track)%00%(upstream:remotename)%00%(upstream:remoteref) refs/heads/main refs/remotes/main [3ms]
2026-06-08 11:08:58.991 [warning] [Git][revParse] Unable to read file: ENOENT: no such file or directory, open '/home/alunos/.arthuruser001/webdesign.tri2.ativ1/.git/refs/remotes/origin/main'
2026-06-08 11:08:58.993 [info] > git rev-parse refs/remotes/origin/main [2ms]
2026-06-08 11:08:59.009 [info] > git for-each-ref --sort -committerdate --format %(refname)%00%(objectname)%00%(*objectname) [3ms]
2026-06-08 11:08:59.121 [info] > git status -z -uall [123ms]
2026-06-08 11:09:04.618 [info] > git config --get commit.template [7ms]
2026-06-08 11:09:04.619 [info] > git for-each-ref --format=%(refname)%00%(upstream:short)%00%(objectname)%00%(upstream:track)%00%(upstream:remotename)%00%(upstream:remoteref) refs/heads/main refs/remotes/main [2ms]
2026-06-08 11:09:04.625 [warning] [Git][revParse] Unable to read file: ENOENT: no such file or directory, open '/home/alunos/.arthuruser001/webdesign.tri2.ativ1/.git/refs/remotes/origin/main'
2026-06-08 11:09:04.627 [info] > git rev-parse refs/remotes/origin/main [2ms]
2026-06-08 11:09:04.643 [info] > git for-each-ref --sort -committerdate --format %(refname)%00%(objectname)%00%(*objectname) [4ms]
2026-06-08 11:09:04.750 [info] > git status -z -uall [118ms]
2026-06-08 11:09:23.814 [info] > git config --get commit.template [2ms]
2026-06-08 11:09:23.822 [info] > git for-each-ref --format=%(refname)%00%(upstream:short)%00%(objectname)%00%(upstream:track)%00%(upstream:remotename)%00%(upstream:remoteref) refs/heads/main refs/remotes/main [2ms]
2026-06-08 11:09:23.828 [warning] [Git][revParse] Unable to read file: ENOENT: no such file or directory, open '/home/alunos/.arthuruser001/webdesign.tri2.ativ1/.git/refs/remotes/origin/main'
2026-06-08 11:09:23.830 [info] > git rev-parse refs/remotes/origin/main [2ms]
2026-06-08 11:09:23.845 [info] > git for-each-ref --sort -committerdate --format %(refname)%00%(objectname)%00%(*objectname) [2ms]
2026-06-08 11:09:23.951 [info] > git status -z -uall [116ms]
2026-06-08 11:09:28.969 [info] > git config --get commit.template [6ms]
2026-06-08 11:09:28.970 [info] > git for-each-ref --format=%(refname)%00%(upstream:short)%00%(objectname)%00%(upstream:track)%00%(upstream:remotename)%00%(upstream:remoteref) refs/heads/main refs/remotes/main [2ms]
2026-06-08 11:09:28.975 [warning] [Git][revParse] Unable to read file: ENOENT: no such file or directory, open '/home/alunos/.arthuruser001/webdesign.tri2.ativ1/.git/refs/remotes/origin/main'
2026-06-08 11:09:28.977 [info] > git rev-parse refs/remotes/origin/main [2ms]
2026-06-08 11:09:28.990 [info] > git for-each-ref --sort -committerdate --format %(refname)%00%(objectname)%00%(*objectname) [3ms]
2026-06-08 11:09:29.112 [info] > git status -z -uall [130ms]
2026-06-08 11:09:34.130 [info] > git config --get commit.template [6ms]
2026-06-08 11:09:34.130 [info] > git for-each-ref --format=%(refname)%00%(upstream:short)%00%(objectname)%00%(upstream:track)%00%(upstream:remotename)%00%(upstream:remoteref) refs/heads/main refs/remotes/main [3ms]
2026-06-08 11:09:34.135 [warning] [Git][revParse] Unable to read file: ENOENT: no such file or directory, open '/home/alunos/.arthuruser001/webdesign.tri2.ativ1/.git/refs/remotes/origin/main'
2026-06-08 11:09:34.137 [info] > git rev-parse refs/remotes/origin/main [1ms]
2026-06-08 11:09:34.153 [info] > git for-each-ref --sort -committerdate --format %(refname)%00%(objectname)%00%(*objectname) [2ms]
2026-06-08 11:09:34.260 [info] > git status -z -uall [119ms]
2026-06-08 11:09:50.603 [info] > git config --get commit.template [6ms]
2026-06-08 11:09:50.605 [info] > git for-each-ref --format=%(refname)%00%(upstream:short)%00%(objectname)%00%(upstream:track)%00%(upstream:remotename)%00%(upstream:remoteref) refs/heads/main refs/remotes/main [2ms]
2026-06-08 11:09:50.609 [warning] [Git][revParse] Unable to read file: ENOENT: no such file or directory, open '/home/alunos/.arthuruser001/webdesign.tri2.ativ1/.git/refs/remotes/origin/main'
2026-06-08 11:09:50.611 [info] > git rev-parse refs/remotes/origin/main [2ms]
2026-06-08 11:09:50.625 [info] > git for-each-ref --sort -committerdate --format %(refname)%00%(objectname)%00%(*objectname) [2ms]
2026-06-08 11:09:50.727 [info] > git status -z -uall [112ms]
2026-06-08 11:09:56.691 [info] > git config --get commit.template [5ms]
2026-06-08 11:09:56.691 [info] > git for-each-ref --format=%(refname)%00%(upstream:short)%00%(objectname)%00%(upstream:track)%00%(upstream:remotename)%00%(upstream:remoteref) refs/heads/main refs/remotes/main [1ms]
2026-06-08 11:09:56.698 [warning] [Git][revParse] Unable to read file: ENOENT: no such file or directory, open '/home/alunos/.arthuruser001/webdesign.tri2.ativ1/.git/refs/remotes/origin/main'
2026-06-08 11:09:56.700 [info] > git rev-parse refs/remotes/origin/main [2ms]
2026-06-08 11:09:56.715 [info] > git for-each-ref --sort -committerdate --format %(refname)%00%(objectname)%00%(*objectname) [1ms]
2026-06-08 11:09:56.835 [info] > git status -z -uall [130ms]
2026-06-08 11:10:01.855 [info] > git config --get commit.template [8ms]
2026-06-08 11:10:01.857 [info] > git for-each-ref --format=%(refname)%00%(upstream:short)%00%(objectname)%00%(upstream:track)%00%(upstream:remotename)%00%(upstream:remoteref) refs/heads/main refs/remotes/main [2ms]
2026-06-08 11:10:01.863 [warning] [Git][revParse] Unable to read file: ENOENT: no such file or directory, open '/home/alunos/.arthuruser001/webdesign.tri2.ativ1/.git/refs/remotes/origin/main'
2026-06-08 11:10:01.865 [info] > git rev-parse refs/remotes/origin/main [2ms]
2026-06-08 11:10:01.879 [info] > git for-each-ref --sort -committerdate --format %(refname)%00%(objectname)%00%(*objectname) [3ms]
2026-06-08 11:10:01.985 [info] > git status -z -uall [116ms]
2026-06-08 11:10:07.002 [info] > git config --get commit.template [6ms]
2026-06-08 11:10:07.003 [info] > git for-each-ref --format=%(refname)%00%(upstream:short)%00%(objectname)%00%(upstream:track)%00%(upstream:remotename)%00%(upstream:remoteref) refs/heads/main refs/remotes/main [2ms]
2026-06-08 11:10:07.007 [warning] [Git][revParse] Unable to read file: ENOENT: no such file or directory, open '/home/alunos/.arthuruser001/webdesign.tri2.ativ1/.git/refs/remotes/origin/main'
2026-06-08 11:10:07.009 [info] > git rev-parse refs/remotes/origin/main [2ms]
2026-06-08 11:10:07.028 [info] > git for-each-ref --sort -committerdate --format %(refname)%00%(objectname)%00%(*objectname) [6ms]
2026-06-08 11:10:07.128 [info] > git status -z -uall [113ms]
2026-06-08 11:10:13.975 [info] > git config --get commit.template [7ms]
2026-06-08 11:10:13.977 [info] > git for-each-ref --format=%(refname)%00%(upstream:short)%00%(objectname)%00%(upstream:track)%00%(upstream:remotename)%00%(upstream:remoteref) refs/heads/main refs/remotes/main [3ms]
2026-06-08 11:10:13.983 [warning] [Git][revParse] Unable to read file: ENOENT: no such file or directory, open '/home/alunos/.arthuruser001/webdesign.tri2.ativ1/.git/refs/remotes/origin/main'
2026-06-08 11:10:13.984 [info] > git rev-parse refs/remotes/origin/main [1ms]
2026-06-08 11:10:13.997 [info] > git for-each-ref --sort -committerdate --format %(refname)%00%(objectname)%00%(*objectname) [3ms]
2026-06-08 11:10:14.098 [info] > git status -z -uall [110ms]
2026-06-08 11:10:19.115 [info] > git config --get commit.template [7ms]
2026-06-08 11:10:19.116 [info] > git for-each-ref --format=%(refname)%00%(upstream:short)%00%(objectname)%00%(upstream:track)%00%(upstream:remotename)%00%(upstream:remoteref) refs/heads/main refs/remotes/main [2ms]
2026-06-08 11:10:19.121 [warning] [Git][revParse] Unable to read file: ENOENT: no such file or directory, open '/home/alunos/.arthuruser001/webdesign.tri2.ativ1/.git/refs/remotes/origin/main'
2026-06-08 11:10:19.123 [info] > git rev-parse refs/remotes/origin/main [2ms]
2026-06-08 11:10:19.138 [info] > git for-each-ref --sort -committerdate --format %(refname)%00%(objectname)%00%(*objectname) [2ms]
2026-06-08 11:10:19.249 [info] > git status -z -uall [121ms]
2026-06-08 11:10:24.267 [info] > git config --get commit.template [7ms]
2026-06-08 11:10:24.268 [info] > git for-each-ref --format=%(refname)%00%(upstream:short)%00%(objectname)%00%(upstream:track)%00%(upstream:remotename)%00%(upstream:remoteref) refs/heads/main refs/remotes/main [2ms]
2026-06-08 11:10:24.272 [warning] [Git][revParse] Unable to read file: ENOENT: no such file or directory, open '/home/alunos/.arthuruser001/webdesign.tri2.ativ1/.git/refs/remotes/origin/main'
2026-06-08 11:10:24.274 [info] > git rev-parse refs/remotes/origin/main [2ms]
2026-06-08 11:10:24.287 [info] > git for-each-ref --sort -committerdate --format %(refname)%00%(objectname)%00%(*objectname) [1ms]
2026-06-08 11:10:24.399 [info] > git status -z -uall [120ms]
2026-06-08 11:10:29.415 [info] > git config --get commit.template [6ms]
2026-06-08 11:10:29.416 [info] > git for-each-ref --format=%(refname)%00%(upstream:short)%00%(objectname)%00%(upstream:track)%00%(upstream:remotename)%00%(upstream:remoteref) refs/heads/main refs/remotes/main [2ms]
2026-06-08 11:10:29.421 [warning] [Git][revParse] Unable to read file: ENOENT: no such file or directory, open '/home/alunos/.arthuruser001/webdesign.tri2.ativ1/.git/refs/remotes/origin/main'
2026-06-08 11:10:29.422 [info] > git rev-parse refs/remotes/origin/main [1ms]
2026-06-08 11:10:29.438 [info] > git for-each-ref --sort -committerdate --format %(refname)%00%(objectname)%00%(*objectname) [2ms]
2026-06-08 11:10:29.554 [info] > git status -z -uall [127ms]
2026-06-08 11:10:45.313 [info] > git for-each-ref --format=%(refname)%00%(upstream:short)%00%(objectname)%00%(upstream:track)%00%(upstream:remotename)%00%(upstream:remoteref) refs/heads/main refs/remotes/main [2ms]
2026-06-08 11:10:45.314 [info] > git config --get commit.template [15ms]
2026-06-08 11:10:45.323 [warning] [Git][revParse] Unable to read file: ENOENT: no such file or directory, open '/home/alunos/.arthuruser001/webdesign.tri2.ativ1/.git/refs/remotes/origin/main'
2026-06-08 11:10:45.328 [info] > git rev-parse refs/remotes/origin/main [5ms]
2026-06-08 11:10:45.351 [info] > git for-each-ref --sort -committerdate --format %(refname)%00%(objectname)%00%(*objectname) [2ms]
2026-06-08 11:10:45.469 [info] > git status -z -uall [136ms]
2026-06-08 11:10:50.492 [info] > git config --get commit.template [10ms]
2026-06-08 11:10:50.493 [info] > git for-each-ref --format=%(refname)%00%(upstream:short)%00%(objectname)%00%(upstream:track)%00%(upstream:remotename)%00%(upstream:remoteref) refs/heads/main refs/remotes/main [2ms]
2026-06-08 11:10:50.499 [warning] [Git][revParse] Unable to read file: ENOENT: no such file or directory, open '/home/alunos/.arthuruser001/webdesign.tri2.ativ1/.git/refs/remotes/origin/main'
2026-06-08 11:10:50.501 [info] > git rev-parse refs/remotes/origin/main [2ms]
2026-06-08 11:10:50.514 [info] > git for-each-ref --sort -committerdate --format %(refname)%00%(objectname)%00%(*objectname) [0ms]
2026-06-08 11:10:50.627 [info] > git status -z -uall [121ms]
2026-06-08 11:10:55.649 [info] > git config --get commit.template [9ms]
2026-06-08 11:10:55.650 [info] > git for-each-ref --format=%(refname)%00%(upstream:short)%00%(objectname)%00%(upstream:track)%00%(upstream:remotename)%00%(upstream:remoteref) refs/heads/main refs/remotes/main [2ms]
2026-06-08 11:10:55.655 [warning] [Git][revParse] Unable to read file: ENOENT: no such file or directory, open '/home/alunos/.arthuruser001/webdesign.tri2.ativ1/.git/refs/remotes/origin/main'
2026-06-08 11:10:55.656 [info] > git rev-parse refs/remotes/origin/main [1ms]
2026-06-08 11:10:55.670 [info] > git for-each-ref --sort -committerdate --format %(refname)%00%(objectname)%00%(*objectname) [3ms]
2026-06-08 11:10:55.782 [info] > git status -z -uall [121ms]
2026-06-08 11:11:00.800 [info] > git config --get commit.template [7ms]
2026-06-08 11:11:00.801 [info] > git for-each-ref --format=%(refname)%00%(upstream:short)%00%(objectname)%00%(upstream:track)%00%(upstream:remotename)%00%(upstream:remoteref) refs/heads/main refs/remotes/main [2ms]
2026-06-08 11:11:00.807 [warning] [Git][revParse] Unable to read file: ENOENT: no such file or directory, open '/home/alunos/.arthuruser001/webdesign.tri2.ativ1/.git/refs/remotes/origin/main'
2026-06-08 11:11:00.808 [info] > git rev-parse refs/remotes/origin/main [1ms]
2026-06-08 11:11:00.825 [info] > git for-each-ref --sort -committerdate --format %(refname)%00%(objectname)%00%(*objectname) [2ms]
2026-06-08 11:11:00.930 [info] > git status -z -uall [117ms]
2026-06-08 11:11:08.759 [info] > git config --get commit.template [6ms]
2026-06-08 11:11:08.762 [info] > git for-each-ref --format=%(refname)%00%(upstream:short)%00%(objectname)%00%(upstream:track)%00%(upstream:remotename)%00%(upstream:remoteref) refs/heads/main refs/remotes/main [4ms]
2026-06-08 11:11:08.769 [warning] [Git][revParse] Unable to read file: ENOENT: no such file or directory, open '/home/alunos/.arthuruser001/webdesign.tri2.ativ1/.git/refs/remotes/origin/main'
2026-06-08 11:11:08.771 [info] > git rev-parse refs/remotes/origin/main [2ms]
2026-06-08 11:11:08.788 [info] > git for-each-ref --sort -committerdate --format %(refname)%00%(objectname)%00%(*objectname) [2ms]
2026-06-08 11:11:08.901 [info] > git status -z -uall [125ms]
2026-06-08 11:11:13.918 [info] > git config --get commit.template [6ms]
2026-06-08 11:11:13.919 [info] > git for-each-ref --format=%(refname)%00%(upstream:short)%00%(objectname)%00%(upstream:track)%00%(upstream:remotename)%00%(upstream:remoteref) refs/heads/main refs/remotes/main [2ms]
2026-06-08 11:11:13.924 [warning] [Git][revParse] Unable to read file: ENOENT: no such file or directory, open '/home/alunos/.arthuruser001/webdesign.tri2.ativ1/.git/refs/remotes/origin/main'
2026-06-08 11:11:13.925 [info] > git rev-parse refs/remotes/origin/main [1ms]
2026-06-08 11:11:13.940 [info] > git for-each-ref --sort -committerdate --format %(refname)%00%(objectname)%00%(*objectname) [1ms]
2026-06-08 11:11:14.042 [info] > git status -z -uall [112ms]
2026-06-08 11:11:49.913 [info] > git config --get commit.template [2ms]
2026-06-08 11:11:49.921 [info] > git for-each-ref --format=%(refname)%00%(upstream:short)%00%(objectname)%00%(upstream:track)%00%(upstream:remotename)%00%(upstream:remoteref) refs/heads/main refs/remotes/main [2ms]
2026-06-08 11:11:49.929 [warning] [Git][revParse] Unable to read file: ENOENT: no such file or directory, open '/home/alunos/.arthuruser001/webdesign.tri2.ativ1/.git/refs/remotes/origin/main'
2026-06-08 11:11:49.931 [info] > git rev-parse refs/remotes/origin/main [2ms]
2026-06-08 11:11:49.949 [info] > git for-each-ref --sort -committerdate --format %(refname)%00%(objectname)%00%(*objectname) [2ms]
2026-06-08 11:11:50.061 [info] > git status -z -uall [125ms]
2026-06-08 11:15:09.309 [info] > git config --get commit.template [2ms]
2026-06-08 11:15:09.318 [info] > git for-each-ref --format=%(refname)%00%(upstream:short)%00%(objectname)%00%(upstream:track)%00%(upstream:remotename)%00%(upstream:remoteref) refs/heads/main refs/remotes/main [3ms]
2026-06-08 11:15:09.326 [warning] [Git][revParse] Unable to read file: ENOENT: no such file or directory, open '/home/alunos/.arthuruser001/webdesign.tri2.ativ1/.git/refs/remotes/origin/main'
2026-06-08 11:15:09.327 [info] > git rev-parse refs/remotes/origin/main [2ms]
2026-06-08 11:15:09.345 [info] > git for-each-ref --sort -committerdate --format %(refname)%00%(objectname)%00%(*objectname) [7ms]
2026-06-08 11:15:09.457 [info] > git status -z -uall [126ms]
2026-06-08 11:15:14.474 [info] > git config --get commit.template [6ms]
2026-06-08 11:15:14.475 [info] > git for-each-ref --format=%(refname)%00%(upstream:short)%00%(objectname)%00%(upstream:track)%00%(upstream:remotename)%00%(upstream:remoteref) refs/heads/main refs/remotes/main [2ms]
2026-06-08 11:15:14.479 [warning] [Git][revParse] Unable to read file: ENOENT: no such file or directory, open '/home/alunos/.arthuruser001/webdesign.tri2.ativ1/.git/refs/remotes/origin/main'
2026-06-08 11:15:14.481 [info] > git rev-parse refs/remotes/origin/main [2ms]
2026-06-08 11:15:14.495 [info] > git for-each-ref --sort -committerdate --format %(refname)%00%(objectname)%00%(*objectname) [3ms]
2026-06-08 11:15:14.596 [info] > git status -z -uall [111ms]
2026-06-08 11:15:19.613 [info] > git config --get commit.template [6ms]
2026-06-08 11:15:19.614 [info] > git for-each-ref --format=%(refname)%00%(upstream:short)%00%(objectname)%00%(upstream:track)%00%(upstream:remotename)%00%(upstream:remoteref) refs/heads/main refs/remotes/main [2ms]
2026-06-08 11:15:19.618 [warning] [Git][revParse] Unable to read file: ENOENT: no such file or directory, open '/home/alunos/.arthuruser001/webdesign.tri2.ativ1/.git/refs/remotes/origin/main'
2026-06-08 11:15:19.620 [info] > git rev-parse refs/remotes/origin/main [2ms]
2026-06-08 11:15:19.632 [info] > git for-each-ref --sort -committerdate --format %(refname)%00%(objectname)%00%(*objectname) [2ms]
2026-06-08 11:15:19.736 [info] > git status -z -uall [112ms]
2026-06-08 11:15:24.754 [info] > git config --get commit.template [6ms]
2026-06-08 11:15:24.756 [info] > git for-each-ref --format=%(refname)%00%(upstream:short)%00%(objectname)%00%(upstream:track)%00%(upstream:remotename)%00%(upstream:remoteref) refs/heads/main refs/remotes/main [3ms]
2026-06-08 11:15:24.761 [warning] [Git][revParse] Unable to read file: ENOENT: no such file or directory, open '/home/alunos/.arthuruser001/webdesign.tri2.ativ1/.git/refs/remotes/origin/main'
2026-06-08 11:15:24.763 [info] > git rev-parse refs/remotes/origin/main [2ms]
2026-06-08 11:15:24.779 [info] > git for-each-ref --sort -committerdate --format %(refname)%00%(objectname)%00%(*objectname) [3ms]
2026-06-08 11:15:24.885 [info] > git status -z -uall [118ms]
2026-06-08 11:15:29.906 [info] > git config --get commit.template [8ms]
2026-06-08 11:15:29.907 [info] > git for-each-ref --format=%(refname)%00%(upstream:short)%00%(objectname)%00%(upstream:track)%00%(upstream:remotename)%00%(upstream:remoteref) refs/heads/main refs/remotes/main [2ms]
2026-06-08 11:15:29.914 [warning] [Git][revParse] Unable to read file: ENOENT: no such file or directory, open '/home/alunos/.arthuruser001/webdesign.tri2.ativ1/.git/refs/remotes/origin/main'
2026-06-08 11:15:29.915 [info] > git rev-parse refs/remotes/origin/main [1ms]
2026-06-08 11:15:29.936 [info] > git for-each-ref --sort -committerdate --format %(refname)%00%(objectname)%00%(*objectname) [2ms]
2026-06-08 11:15:30.055 [info] > git status -z -uall [134ms]
2026-06-08 11:15:35.071 [info] > git config --get commit.template [5ms]
2026-06-08 11:15:35.073 [info] > git for-each-ref --format=%(refname)%00%(upstream:short)%00%(objectname)%00%(upstream:track)%00%(upstream:remotename)%00%(upstream:remoteref) refs/heads/main refs/remotes/main [2ms]
2026-06-08 11:15:35.078 [warning] [Git][revParse] Unable to read file: ENOENT: no such file or directory, open '/home/alunos/.arthuruser001/webdesign.tri2.ativ1/.git/refs/remotes/origin/main'
2026-06-08 11:15:35.080 [info] > git rev-parse refs/remotes/origin/main [2ms]
2026-06-08 11:15:35.093 [info] > git for-each-ref --sort -committerdate --format %(refname)%00%(objectname)%00%(*objectname) [4ms]
2026-06-08 11:15:35.203 [info] > git status -z -uall [119ms]
2026-06-08 11:15:40.697 [info] > git config --get commit.template [6ms]
2026-06-08 11:15:40.698 [info] > git for-each-ref --format=%(refname)%00%(upstream:short)%00%(objectname)%00%(upstream:track)%00%(upstream:remotename)%00%(upstream:remoteref) refs/heads/main refs/remotes/main [2ms]
2026-06-08 11:15:40.703 [warning] [Git][revParse] Unable to read file: ENOENT: no such file or directory, open '/home/alunos/.arthuruser001/webdesign.tri2.ativ1/.git/refs/remotes/origin/main'
2026-06-08 11:15:40.704 [info] > git rev-parse refs/remotes/origin/main [1ms]
2026-06-08 11:15:40.720 [info] > git for-each-ref --sort -committerdate --format %(refname)%00%(objectname)%00%(*objectname) [1ms]
2026-06-08 11:15:40.820 [info] > git status -z -uall [111ms]
2026-06-08 11:15:51.665 [info] > git config --get commit.template [6ms]
2026-06-08 11:15:51.666 [info] > git for-each-ref --format=%(refname)%00%(upstream:short)%00%(objectname)%00%(upstream:track)%00%(upstream:remotename)%00%(upstream:remoteref) refs/heads/main refs/remotes/main [2ms]
2026-06-08 11:15:51.671 [warning] [Git][revParse] Unable to read file: ENOENT: no such file or directory, open '/home/alunos/.arthuruser001/webdesign.tri2.ativ1/.git/refs/remotes/origin/main'
2026-06-08 11:15:51.672 [info] > git rev-parse refs/remotes/origin/main [1ms]
2026-06-08 11:15:51.690 [info] > git for-each-ref --sort -committerdate --format %(refname)%00%(objectname)%00%(*objectname) [5ms]
2026-06-08 11:15:51.799 [info] > git status -z -uall [121ms]
2026-06-08 11:15:58.996 [info] > git config --get commit.template [3ms]
2026-06-08 11:15:59.004 [info] > git for-each-ref --format=%(refname)%00%(upstream:short)%00%(objectname)%00%(upstream:track)%00%(upstream:remotename)%00%(upstream:remoteref) refs/heads/main refs/remotes/main [1ms]
2026-06-08 11:15:59.010 [warning] [Git][revParse] Unable to read file: ENOENT: no such file or directory, open '/home/alunos/.arthuruser001/webdesign.tri2.ativ1/.git/refs/remotes/origin/main'
2026-06-08 11:15:59.012 [info] > git rev-parse refs/remotes/origin/main [2ms]
2026-06-08 11:15:59.028 [info] > git for-each-ref --sort -committerdate --format %(refname)%00%(objectname)%00%(*objectname) [5ms]
2026-06-08 11:15:59.140 [info] > git status -z -uall [123ms]
2026-06-08 11:16:04.155 [info] > git config --get commit.template [6ms]
2026-06-08 11:16:04.156 [info] > git for-each-ref --format=%(refname)%00%(upstream:short)%00%(objectname)%00%(upstream:track)%00%(upstream:remotename)%00%(upstream:remoteref) refs/heads/main refs/remotes/main [2ms]
2026-06-08 11:16:04.161 [warning] [Git][revParse] Unable to read file: ENOENT: no such file or directory, open '/home/alunos/.arthuruser001/webdesign.tri2.ativ1/.git/refs/remotes/origin/main'
2026-06-08 11:16:04.163 [info] > git rev-parse refs/remotes/origin/main [2ms]
2026-06-08 11:16:04.177 [info] > git for-each-ref --sort -committerdate --format %(refname)%00%(objectname)%00%(*objectname) [2ms]
2026-06-08 11:16:04.279 [info] > git status -z -uall [112ms]
2026-06-08 11:16:09.295 [info] > git config --get commit.template [7ms]
2026-06-08 11:16:09.297 [info] > git for-each-ref --format=%(refname)%00%(upstream:short)%00%(objectname)%00%(upstream:track)%00%(upstream:remotename)%00%(upstream:remoteref) refs/heads/main refs/remotes/main [2ms]
2026-06-08 11:16:09.305 [warning] [Git][revParse] Unable to read file: ENOENT: no such file or directory, open '/home/alunos/.arthuruser001/webdesign.tri2.ativ1/.git/refs/remotes/origin/main'
2026-06-08 11:16:09.307 [info] > git rev-parse refs/remotes/origin/main [2ms]
2026-06-08 11:16:09.331 [info] > git for-each-ref --sort -committerdate --format %(refname)%00%(objectname)%00%(*objectname) [2ms]
2026-06-08 11:16:09.485 [info] > git status -z -uall [172ms]
2026-06-08 11:16:15.077 [info] > git config --get commit.template [8ms]
2026-06-08 11:16:15.078 [info] > git for-each-ref --format=%(refname)%00%(upstream:short)%00%(objectname)%00%(upstream:track)%00%(upstream:remotename)%00%(upstream:remoteref) refs/heads/main refs/remotes/main [2ms]
2026-06-08 11:16:15.084 [warning] [Git][revParse] Unable to read file: ENOENT: no such file or directory, open '/home/alunos/.arthuruser001/webdesign.tri2.ativ1/.git/refs/remotes/origin/main'
2026-06-08 11:16:15.086 [info] > git rev-parse refs/remotes/origin/main [2ms]
2026-06-08 11:16:15.101 [info] > git for-each-ref --sort -committerdate --format %(refname)%00%(objectname)%00%(*objectname) [2ms]
2026-06-08 11:16:15.228 [info] > git status -z -uall [136ms]
2026-06-08 11:17:10.271 [info] > git config --get commit.template [2ms]
2026-06-08 11:17:10.279 [info] > git for-each-ref --format=%(refname)%00%(upstream:short)%00%(objectname)%00%(upstream:track)%00%(upstream:remotename)%00%(upstream:remoteref) refs/heads/main refs/remotes/main [2ms]
2026-06-08 11:17:10.286 [warning] [Git][revParse] Unable to read file: ENOENT: no such file or directory, open '/home/alunos/.arthuruser001/webdesign.tri2.ativ1/.git/refs/remotes/origin/main'
2026-06-08 11:17:10.288 [info] > git rev-parse refs/remotes/origin/main [2ms]
2026-06-08 11:17:10.303 [info] > git for-each-ref --sort -committerdate --format %(refname)%00%(objectname)%00%(*objectname) [2ms]
2026-06-08 11:17:10.421 [info] > git status -z -uall [127ms]
2026-06-08 11:17:49.548 [info] > git config --get commit.template [7ms]
2026-06-08 11:17:49.549 [info] > git for-each-ref --format=%(refname)%00%(upstream:short)%00%(objectname)%00%(upstream:track)%00%(upstream:remotename)%00%(upstream:remoteref) refs/heads/main refs/remotes/main [2ms]
2026-06-08 11:17:49.555 [warning] [Git][revParse] Unable to read file: ENOENT: no such file or directory, open '/home/alunos/.arthuruser001/webdesign.tri2.ativ1/.git/refs/remotes/origin/main'
2026-06-08 11:17:49.556 [info] > git rev-parse refs/remotes/origin/main [1ms]
2026-06-08 11:17:49.572 [info] > git for-each-ref --sort -committerdate --format %(refname)%00%(objectname)%00%(*objectname) [1ms]
2026-06-08 11:17:49.694 [info] > git status -z -uall [132ms]
2026-06-08 11:17:54.711 [info] > git config --get commit.template [6ms]
2026-06-08 11:17:54.712 [info] > git for-each-ref --format=%(refname)%00%(upstream:short)%00%(objectname)%00%(upstream:track)%00%(upstream:remotename)%00%(upstream:remoteref) refs/heads/main refs/remotes/main [2ms]
2026-06-08 11:17:54.717 [warning] [Git][revParse] Unable to read file: ENOENT: no such file or directory, open '/home/alunos/.arthuruser001/webdesign.tri2.ativ1/.git/refs/remotes/origin/main'
2026-06-08 11:17:54.719 [info] > git rev-parse refs/remotes/origin/main [2ms]
2026-06-08 11:17:54.733 [info] > git for-each-ref --sort -committerdate --format %(refname)%00%(objectname)%00%(*objectname) [2ms]
2026-06-08 11:17:54.837 [info] > git status -z -uall [114ms]
2026-06-08 11:18:00.714 [info] > git config --get commit.template [6ms]
2026-06-08 11:18:00.715 [info] > git for-each-ref --format=%(refname)%00%(upstream:short)%00%(objectname)%00%(upstream:track)%00%(upstream:remotename)%00%(upstream:remoteref) refs/heads/main refs/remotes/main [2ms]
2026-06-08 11:18:00.720 [warning] [Git][revParse] Unable to read file: ENOENT: no such file or directory, open '/home/alunos/.arthuruser001/webdesign.tri2.ativ1/.git/refs/remotes/origin/main'
2026-06-08 11:18:00.721 [info] > git rev-parse refs/remotes/origin/main [1ms]
2026-06-08 11:18:00.736 [info] > git for-each-ref --sort -committerdate --format %(refname)%00%(objectname)%00%(*objectname) [2ms]
2026-06-08 11:18:00.837 [info] > git status -z -uall [111ms]
2026-06-08 11:18:05.853 [info] > git config --get commit.template [6ms]
2026-06-08 11:18:05.854 [info] > git for-each-ref --format=%(refname)%00%(upstream:short)%00%(objectname)%00%(upstream:track)%00%(upstream:remotename)%00%(upstream:remoteref) refs/heads/main refs/remotes/main [2ms]
2026-06-08 11:18:05.859 [warning] [Git][revParse] Unable to read file: ENOENT: no such file or directory, open '/home/alunos/.arthuruser001/webdesign.tri2.ativ1/.git/refs/remotes/origin/main'
2026-06-08 11:18:05.860 [info] > git rev-parse refs/remotes/origin/main [1ms]
2026-06-08 11:18:05.874 [info] > git for-each-ref --sort -committerdate --format %(refname)%00%(objectname)%00%(*objectname) [3ms]
2026-06-08 11:18:05.975 [info] > git status -z -uall [111ms]
2026-06-08 11:18:11.550 [info] > git config --get commit.template [8ms]
2026-06-08 11:18:11.551 [info] > git for-each-ref --format=%(refname)%00%(upstream:short)%00%(objectname)%00%(upstream:track)%00%(upstream:remotename)%00%(upstream:remoteref) refs/heads/main refs/remotes/main [2ms]
2026-06-08 11:18:11.556 [warning] [Git][revParse] Unable to read file: ENOENT: no such file or directory, open '/home/alunos/.arthuruser001/webdesign.tri2.ativ1/.git/refs/remotes/origin/main'
2026-06-08 11:18:11.558 [info] > git rev-parse refs/remotes/origin/main [2ms]
2026-06-08 11:18:11.572 [info] > git for-each-ref --sort -committerdate --format %(refname)%00%(objectname)%00%(*objectname) [2ms]
2026-06-08 11:18:11.683 [info] > git status -z -uall [121ms]
2026-06-08 11:18:16.698 [info] > git config --get commit.template [6ms]
2026-06-08 11:18:16.699 [info] > git for-each-ref --format=%(refname)%00%(upstream:short)%00%(objectname)%00%(upstream:track)%00%(upstream:remotename)%00%(upstream:remoteref) refs/heads/main refs/remotes/main [2ms]
2026-06-08 11:18:16.704 [warning] [Git][revParse] Unable to read file: ENOENT: no such file or directory, open '/home/alunos/.arthuruser001/webdesign.tri2.ativ1/.git/refs/remotes/origin/main'
2026-06-08 11:18:16.705 [info] > git rev-parse refs/remotes/origin/main [1ms]
2026-06-08 11:18:16.719 [info] > git for-each-ref --sort -committerdate --format %(refname)%00%(objectname)%00%(*objectname) [3ms]
2026-06-08 11:18:16.826 [info] > git status -z -uall [116ms]
2026-06-08 11:19:12.583 [info] > git config --get commit.template [3ms]
2026-06-08 11:19:12.591 [info] > git for-each-ref --format=%(refname)%00%(upstream:short)%00%(objectname)%00%(upstream:track)%00%(upstream:remotename)%00%(upstream:remoteref) refs/heads/main refs/remotes/main [2ms]
2026-06-08 11:19:12.597 [warning] [Git][revParse] Unable to read file: ENOENT: no such file or directory, open '/home/alunos/.arthuruser001/webdesign.tri2.ativ1/.git/refs/remotes/origin/main'
2026-06-08 11:19:12.599 [info] > git rev-parse refs/remotes/origin/main [2ms]
2026-06-08 11:19:12.621 [info] > git for-each-ref --sort -committerdate --format %(refname)%00%(objectname)%00%(*objectname) [5ms]
2026-06-08 11:19:12.725 [info] > git status -z -uall [119ms]
2026-06-08 11:26:58.591 [info] > git config --get commit.template [19ms]
2026-06-08 11:26:58.596 [info] > git for-each-ref --format=%(refname)%00%(upstream:short)%00%(objectname)%00%(upstream:track)%00%(upstream:remotename)%00%(upstream:remoteref) refs/heads/main refs/remotes/main [16ms]
2026-06-08 11:26:58.602 [warning] [Git][revParse] Unable to read file: ENOENT: no such file or directory, open '/home/alunos/.arthuruser001/webdesign.tri2.ativ1/.git/refs/remotes/origin/main'
2026-06-08 11:26:58.604 [info] > git rev-parse refs/remotes/origin/main [2ms]
2026-06-08 11:26:58.621 [info] > git for-each-ref --sort -committerdate --format %(refname)%00%(objectname)%00%(*objectname) [2ms]
2026-06-08 11:26:58.885 [info] > git status -z -uall [276ms]
2026-06-08 11:27:03.907 [info] > git config --get commit.template [7ms]
2026-06-08 11:27:03.908 [info] > git for-each-ref --format=%(refname)%00%(upstream:short)%00%(objectname)%00%(upstream:track)%00%(upstream:remotename)%00%(upstream:remoteref) refs/heads/main refs/remotes/main [2ms]
2026-06-08 11:27:03.913 [warning] [Git][revParse] Unable to read file: ENOENT: no such file or directory, open '/home/alunos/.arthuruser001/webdesign.tri2.ativ1/.git/refs/remotes/origin/main'
2026-06-08 11:27:03.914 [info] > git rev-parse refs/remotes/origin/main [1ms]
2026-06-08 11:27:03.929 [info] > git for-each-ref --sort -committerdate --format %(refname)%00%(objectname)%00%(*objectname) [2ms]
2026-06-08 11:27:04.028 [info] > git status -z -uall [109ms]
2026-06-08 11:27:11.313 [info] > git config --get commit.template [5ms]
2026-06-08 11:27:11.315 [info] > git for-each-ref --format=%(refname)%00%(upstream:short)%00%(objectname)%00%(upstream:track)%00%(upstream:remotename)%00%(upstream:remoteref) refs/heads/main refs/remotes/main [2ms]
2026-06-08 11:27:11.319 [warning] [Git][revParse] Unable to read file: ENOENT: no such file or directory, open '/home/alunos/.arthuruser001/webdesign.tri2.ativ1/.git/refs/remotes/origin/main'
2026-06-08 11:27:11.320 [info] > git rev-parse refs/remotes/origin/main [1ms]
2026-06-08 11:27:11.333 [info] > git for-each-ref --sort -committerdate --format %(refname)%00%(objectname)%00%(*objectname) [3ms]
2026-06-08 11:27:11.432 [info] > git status -z -uall [108ms]
2026-06-08 11:27:52.044 [info] > git config --get commit.template [6ms]
2026-06-08 11:27:52.045 [info] > git for-each-ref --format=%(refname)%00%(upstream:short)%00%(objectname)%00%(upstream:track)%00%(upstream:remotename)%00%(upstream:remoteref) refs/heads/main refs/remotes/main [2ms]
2026-06-08 11:27:52.049 [warning] [Git][revParse] Unable to read file: ENOENT: no such file or directory, open '/home/alunos/.arthuruser001/webdesign.tri2.ativ1/.git/refs/remotes/origin/main'
2026-06-08 11:27:52.051 [info] > git rev-parse refs/remotes/origin/main [2ms]
2026-06-08 11:27:52.063 [info] > git for-each-ref --sort -committerdate --format %(refname)%00%(objectname)%00%(*objectname) [3ms]
2026-06-08 11:27:52.166 [info] > git status -z -uall [111ms]
2026-06-08 11:28:04.235 [info] > git config --get commit.template [6ms]
2026-06-08 11:28:04.236 [info] > git for-each-ref --format=%(refname)%00%(upstream:short)%00%(objectname)%00%(upstream:track)%00%(upstream:remotename)%00%(upstream:remoteref) refs/heads/main refs/remotes/main [2ms]
2026-06-08 11:28:04.240 [warning] [Git][revParse] Unable to read file: ENOENT: no such file or directory, open '/home/alunos/.arthuruser001/webdesign.tri2.ativ1/.git/refs/remotes/origin/main'
2026-06-08 11:28:04.242 [info] > git rev-parse refs/remotes/origin/main [2ms]
2026-06-08 11:28:04.255 [info] > git for-each-ref --sort -committerdate --format %(refname)%00%(objectname)%00%(*objectname) [2ms]
2026-06-08 11:28:04.357 [info] > git status -z -uall [111ms]
2026-06-08 11:28:09.377 [info] > git config --get commit.template [7ms]
2026-06-08 11:28:09.378 [info] > git for-each-ref --format=%(refname)%00%(upstream:short)%00%(objectname)%00%(upstream:track)%00%(upstream:remotename)%00%(upstream:remoteref) refs/heads/main refs/remotes/main [2ms]
2026-06-08 11:28:09.382 [warning] [Git][revParse] Unable to read file: ENOENT: no such file or directory, open '/home/alunos/.arthuruser001/webdesign.tri2.ativ1/.git/refs/remotes/origin/main'
2026-06-08 11:28:09.384 [info] > git rev-parse refs/remotes/origin/main [2ms]
2026-06-08 11:28:09.397 [info] > git for-each-ref --sort -committerdate --format %(refname)%00%(objectname)%00%(*objectname) [2ms]
2026-06-08 11:28:09.502 [info] > git status -z -uall [112ms]
2026-06-08 11:28:14.517 [info] > git config --get commit.template [5ms]
2026-06-08 11:28:14.518 [info] > git for-each-ref --format=%(refname)%00%(upstream:short)%00%(objectname)%00%(upstream:track)%00%(upstream:remotename)%00%(upstream:remoteref) refs/heads/main refs/remotes/main [2ms]
2026-06-08 11:28:14.523 [warning] [Git][revParse] Unable to read file: ENOENT: no such file or directory, open '/home/alunos/.arthuruser001/webdesign.tri2.ativ1/.git/refs/remotes/origin/main'
2026-06-08 11:28:14.524 [info] > git rev-parse refs/remotes/origin/main [1ms]
2026-06-08 11:28:14.537 [info] > git for-each-ref --sort -committerdate --format %(refname)%00%(objectname)%00%(*objectname) [1ms]
2026-06-08 11:28:14.655 [info] > git status -z -uall [127ms]
2026-06-08 11:28:19.672 [info] > git config --get commit.template [6ms]
2026-06-08 11:28:19.673 [info] > git for-each-ref --format=%(refname)%00%(upstream:short)%00%(objectname)%00%(upstream:track)%00%(upstream:remotename)%00%(upstream:remoteref) refs/heads/main refs/remotes/main [2ms]
2026-06-08 11:28:19.677 [warning] [Git][revParse] Unable to read file: ENOENT: no such file or directory, open '/home/alunos/.arthuruser001/webdesign.tri2.ativ1/.git/refs/remotes/origin/main'
2026-06-08 11:28:19.679 [info] > git rev-parse refs/remotes/origin/main [2ms]
2026-06-08 11:28:19.692 [info] > git for-each-ref --sort -committerdate --format %(refname)%00%(objectname)%00%(*objectname) [4ms]
2026-06-08 11:28:19.796 [info] > git status -z -uall [113ms]
2026-06-08 11:28:24.814 [info] > git config --get commit.template [6ms]
2026-06-08 11:28:24.816 [info] > git for-each-ref --format=%(refname)%00%(upstream:short)%00%(objectname)%00%(upstream:track)%00%(upstream:remotename)%00%(upstream:remoteref) refs/heads/main refs/remotes/main [2ms]
2026-06-08 11:28:24.821 [warning] [Git][revParse] Unable to read file: ENOENT: no such file or directory, open '/home/alunos/.arthuruser001/webdesign.tri2.ativ1/.git/refs/remotes/origin/main'
2026-06-08 11:28:24.823 [info] > git rev-parse refs/remotes/origin/main [2ms]
2026-06-08 11:28:24.836 [info] > git for-each-ref --sort -committerdate --format %(refname)%00%(objectname)%00%(*objectname) [2ms]
2026-06-08 11:28:24.945 [info] > git status -z -uall [118ms]
2026-06-08 11:28:29.962 [info] > git config --get commit.template [6ms]
2026-06-08 11:28:29.963 [info] > git for-each-ref --format=%(refname)%00%(upstream:short)%00%(objectname)%00%(upstream:track)%00%(upstream:remotename)%00%(upstream:remoteref) refs/heads/main refs/remotes/main [2ms]
2026-06-08 11:28:29.967 [warning] [Git][revParse] Unable to read file: ENOENT: no such file or directory, open '/home/alunos/.arthuruser001/webdesign.tri2.ativ1/.git/refs/remotes/origin/main'
2026-06-08 11:28:29.969 [info] > git rev-parse refs/remotes/origin/main [2ms]
2026-06-08 11:28:29.982 [info] > git for-each-ref --sort -committerdate --format %(refname)%00%(objectname)%00%(*objectname) [2ms]
2026-06-08 11:28:30.086 [info] > git status -z -uall [113ms]
2026-06-08 11:28:38.137 [info] > git config --get commit.template [2ms]
2026-06-08 11:28:38.148 [info] > git for-each-ref --format=%(refname)%00%(upstream:short)%00%(objectname)%00%(upstream:track)%00%(upstream:remotename)%00%(upstream:remoteref) refs/heads/main refs/remotes/main [2ms]
2026-06-08 11:28:38.156 [warning] [Git][revParse] Unable to read file: ENOENT: no such file or directory, open '/home/alunos/.arthuruser001/webdesign.tri2.ativ1/.git/refs/remotes/origin/main'
2026-06-08 11:28:38.158 [info] > git rev-parse refs/remotes/origin/main [1ms]
2026-06-08 11:28:38.176 [info] > git for-each-ref --sort -committerdate --format %(refname)%00%(objectname)%00%(*objectname) [4ms]
2026-06-08 11:28:38.278 [info] > git status -z -uall [115ms]
2026-06-08 11:28:43.296 [info] > git config --get commit.template [6ms]
2026-06-08 11:28:43.297 [info] > git for-each-ref --format=%(refname)%00%(upstream:short)%00%(objectname)%00%(upstream:track)%00%(upstream:remotename)%00%(upstream:remoteref) refs/heads/main refs/remotes/main [2ms]
2026-06-08 11:28:43.302 [warning] [Git][revParse] Unable to read file: ENOENT: no such file or directory, open '/home/alunos/.arthuruser001/webdesign.tri2.ativ1/.git/refs/remotes/origin/main'
2026-06-08 11:28:43.306 [info] > git rev-parse refs/remotes/origin/main [4ms]
2026-06-08 11:28:43.317 [info] > git for-each-ref --sort -committerdate --format %(refname)%00%(objectname)%00%(*objectname) [1ms]
2026-06-08 11:28:43.419 [info] > git status -z -uall [109ms]
2026-06-08 11:28:48.434 [info] > git config --get commit.template [5ms]
2026-06-08 11:28:48.436 [info] > git for-each-ref --format=%(refname)%00%(upstream:short)%00%(objectname)%00%(upstream:track)%00%(upstream:remotename)%00%(upstream:remoteref) refs/heads/main refs/remotes/main [2ms]
2026-06-08 11:28:48.440 [warning] [Git][revParse] Unable to read file: ENOENT: no such file or directory, open '/home/alunos/.arthuruser001/webdesign.tri2.ativ1/.git/refs/remotes/origin/main'
2026-06-08 11:28:48.442 [info] > git rev-parse refs/remotes/origin/main [2ms]
2026-06-08 11:28:48.454 [info] > git for-each-ref --sort -committerdate --format %(refname)%00%(objectname)%00%(*objectname) [1ms]
2026-06-08 11:28:48.555 [info] > git status -z -uall [109ms]
2026-06-08 11:28:53.571 [info] > git config --get commit.template [6ms]
2026-06-08 11:28:53.572 [info] > git for-each-ref --format=%(refname)%00%(upstream:short)%00%(objectname)%00%(upstream:track)%00%(upstream:remotename)%00%(upstream:remoteref) refs/heads/main refs/remotes/main [2ms]
2026-06-08 11:28:53.576 [warning] [Git][revParse] Unable to read file: ENOENT: no such file or directory, open '/home/alunos/.arthuruser001/webdesign.tri2.ativ1/.git/refs/remotes/origin/main'
2026-06-08 11:28:53.578 [info] > git rev-parse refs/remotes/origin/main [2ms]
2026-06-08 11:28:53.591 [info] > git for-each-ref --sort -committerdate --format %(refname)%00%(objectname)%00%(*objectname) [2ms]
2026-06-08 11:28:53.691 [info] > git status -z -uall [109ms]
2026-06-08 11:28:58.706 [info] > git config --get commit.template [6ms]
2026-06-08 11:28:58.707 [info] > git for-each-ref --format=%(refname)%00%(upstream:short)%00%(objectname)%00%(upstream:track)%00%(upstream:remotename)%00%(upstream:remoteref) refs/heads/main refs/remotes/main [2ms]
2026-06-08 11:28:58.711 [warning] [Git][revParse] Unable to read file: ENOENT: no such file or directory, open '/home/alunos/.arthuruser001/webdesign.tri2.ativ1/.git/refs/remotes/origin/main'
2026-06-08 11:28:58.713 [info] > git rev-parse refs/remotes/origin/main [2ms]
2026-06-08 11:28:58.723 [info] > git for-each-ref --sort -committerdate --format %(refname)%00%(objectname)%00%(*objectname) [1ms]
2026-06-08 11:28:58.826 [info] > git status -z -uall [109ms]
2026-06-08 11:29:03.846 [info] > git config --get commit.template [9ms]
2026-06-08 11:29:03.849 [info] > git for-each-ref --format=%(refname)%00%(upstream:short)%00%(objectname)%00%(upstream:track)%00%(upstream:remotename)%00%(upstream:remoteref) refs/heads/main refs/remotes/main [4ms]
2026-06-08 11:29:03.855 [warning] [Git][revParse] Unable to read file: ENOENT: no such file or directory, open '/home/alunos/.arthuruser001/webdesign.tri2.ativ1/.git/refs/remotes/origin/main'
2026-06-08 11:29:03.857 [info] > git rev-parse refs/remotes/origin/main [2ms]
2026-06-08 11:29:03.871 [info] > git for-each-ref --sort -committerdate --format %(refname)%00%(objectname)%00%(*objectname) [1ms]
2026-06-08 11:29:03.980 [info] > git status -z -uall [117ms]
2026-06-08 11:29:08.996 [info] > git config --get commit.template [6ms]
2026-06-08 11:29:08.997 [info] > git for-each-ref --format=%(refname)%00%(upstream:short)%00%(objectname)%00%(upstream:track)%00%(upstream:remotename)%00%(upstream:remoteref) refs/heads/main refs/remotes/main [2ms]
2026-06-08 11:29:09.001 [warning] [Git][revParse] Unable to read file: ENOENT: no such file or directory, open '/home/alunos/.arthuruser001/webdesign.tri2.ativ1/.git/refs/remotes/origin/main'
2026-06-08 11:29:09.003 [info] > git rev-parse refs/remotes/origin/main [2ms]
2026-06-08 11:29:09.016 [info] > git for-each-ref --sort -committerdate --format %(refname)%00%(objectname)%00%(*objectname) [3ms]
2026-06-08 11:29:09.116 [info] > git status -z -uall [109ms]
2026-06-08 11:29:14.132 [info] > git config --get commit.template [3ms]
2026-06-08 11:29:14.139 [info] > git for-each-ref --format=%(refname)%00%(upstream:short)%00%(objectname)%00%(upstream:track)%00%(upstream:remotename)%00%(upstream:remoteref) refs/heads/main refs/remotes/main [2ms]
2026-06-08 11:29:14.145 [warning] [Git][revParse] Unable to read file: ENOENT: no such file or directory, open '/home/alunos/.arthuruser001/webdesign.tri2.ativ1/.git/refs/remotes/origin/main'
2026-06-08 11:29:14.146 [info] > git rev-parse refs/remotes/origin/main [1ms]
2026-06-08 11:29:14.163 [info] > git for-each-ref --sort -committerdate --format %(refname)%00%(objectname)%00%(*objectname) [3ms]
2026-06-08 11:29:14.272 [info] > git status -z -uall [122ms]
2026-06-08 11:29:19.289 [info] > git config --get commit.template [6ms]
2026-06-08 11:29:19.290 [info] > git for-each-ref --format=%(refname)%00%(upstream:short)%00%(objectname)%00%(upstream:track)%00%(upstream:remotename)%00%(upstream:remoteref) refs/heads/main refs/remotes/main [2ms]
2026-06-08 11:29:19.295 [warning] [Git][revParse] Unable to read file: ENOENT: no such file or directory, open '/home/alunos/.arthuruser001/webdesign.tri2.ativ1/.git/refs/remotes/origin/main'
2026-06-08 11:29:19.296 [info] > git rev-parse refs/remotes/origin/main [1ms]
2026-06-08 11:29:19.310 [info] > git for-each-ref --sort -committerdate --format %(refname)%00%(objectname)%00%(*objectname) [4ms]
2026-06-08 11:29:19.417 [info] > git status -z -uall [117ms]
2026-06-08 11:29:29.941 [info] > git config --get commit.template [6ms]
2026-06-08 11:29:29.943 [info] > git for-each-ref --format=%(refname)%00%(upstream:short)%00%(objectname)%00%(upstream:track)%00%(upstream:remotename)%00%(upstream:remoteref) refs/heads/main refs/remotes/main [3ms]
2026-06-08 11:29:29.948 [warning] [Git][revParse] Unable to read file: ENOENT: no such file or directory, open '/home/alunos/.arthuruser001/webdesign.tri2.ativ1/.git/refs/remotes/origin/main'
2026-06-08 11:29:29.950 [info] > git rev-parse refs/remotes/origin/main [2ms]
2026-06-08 11:29:29.965 [info] > git for-each-ref --sort -committerdate --format %(refname)%00%(objectname)%00%(*objectname) [3ms]
2026-06-08 11:29:30.064 [info] > git status -z -uall [109ms]
2026-06-08 11:29:35.082 [info] > git config --get commit.template [7ms]
2026-06-08 11:29:35.083 [info] > git for-each-ref --format=%(refname)%00%(upstream:short)%00%(objectname)%00%(upstream:track)%00%(upstream:remotename)%00%(upstream:remoteref) refs/heads/main refs/remotes/main [2ms]
2026-06-08 11:29:35.087 [warning] [Git][revParse] Unable to read file: ENOENT: no such file or directory, open '/home/alunos/.arthuruser001/webdesign.tri2.ativ1/.git/refs/remotes/origin/main'
2026-06-08 11:29:35.089 [info] > git rev-parse refs/remotes/origin/main [2ms]
2026-06-08 11:29:35.106 [info] > git for-each-ref --sort -committerdate --format %(refname)%00%(objectname)%00%(*objectname) [2ms]
2026-06-08 11:29:35.217 [info] > git status -z -uall [123ms]
2026-06-08 11:29:40.232 [info] > git config --get commit.template [5ms]
2026-06-08 11:29:40.234 [info] > git for-each-ref --format=%(refname)%00%(upstream:short)%00%(objectname)%00%(upstream:track)%00%(upstream:remotename)%00%(upstream:remoteref) refs/heads/main refs/remotes/main [2ms]
2026-06-08 11:29:40.238 [warning] [Git][revParse] Unable to read file: ENOENT: no such file or directory, open '/home/alunos/.arthuruser001/webdesign.tri2.ativ1/.git/refs/remotes/origin/main'
2026-06-08 11:29:40.239 [info] > git rev-parse refs/remotes/origin/main [1ms]
2026-06-08 11:29:40.253 [info] > git for-each-ref --sort -committerdate --format %(refname)%00%(objectname)%00%(*objectname) [2ms]
2026-06-08 11:29:40.351 [info] > git status -z -uall [108ms]
2026-06-08 11:29:45.368 [info] > git config --get commit.template [6ms]
2026-06-08 11:29:45.369 [info] > git for-each-ref --format=%(refname)%00%(upstream:short)%00%(objectname)%00%(upstream:track)%00%(upstream:remotename)%00%(upstream:remoteref) refs/heads/main refs/remotes/main [2ms]
2026-06-08 11:29:45.374 [warning] [Git][revParse] Unable to read file: ENOENT: no such file or directory, open '/home/alunos/.arthuruser001/webdesign.tri2.ativ1/.git/refs/remotes/origin/main'
2026-06-08 11:29:45.376 [info] > git rev-parse refs/remotes/origin/main [2ms]
2026-06-08 11:29:45.392 [info] > git for-each-ref --sort -committerdate --format %(refname)%00%(objectname)%00%(*objectname) [2ms]
2026-06-08 11:29:45.491 [info] > git status -z -uall [111ms]
2026-06-08 11:29:50.507 [info] > git config --get commit.template [6ms]
2026-06-08 11:29:50.508 [info] > git for-each-ref --format=%(refname)%00%(upstream:short)%00%(objectname)%00%(upstream:track)%00%(upstream:remotename)%00%(upstream:remoteref) refs/heads/main refs/remotes/main [2ms]
2026-06-08 11:29:50.513 [warning] [Git][revParse] Unable to read file: ENOENT: no such file or directory, open '/home/alunos/.arthuruser001/webdesign.tri2.ativ1/.git/refs/remotes/origin/main'
2026-06-08 11:29:50.514 [info] > git rev-parse refs/remotes/origin/main [2ms]
2026-06-08 11:29:50.528 [info] > git for-each-ref --sort -committerdate --format %(refname)%00%(objectname)%00%(*objectname) [2ms]
2026-06-08 11:29:50.627 [info] > git status -z -uall [109ms]
2026-06-08 11:31:18.414 [info] > git config --get commit.template [8ms]
2026-06-08 11:31:18.416 [info] > git for-each-ref --format=%(refname)%00%(upstream:short)%00%(objectname)%00%(upstream:track)%00%(upstream:remotename)%00%(upstream:remoteref) refs/heads/main refs/remotes/main [2ms]
2026-06-08 11:31:18.421 [warning] [Git][revParse] Unable to read file: ENOENT: no such file or directory, open '/home/alunos/.arthuruser001/webdesign.tri2.ativ1/.git/refs/remotes/origin/main'
2026-06-08 11:31:18.424 [info] > git rev-parse refs/remotes/origin/main [3ms]
2026-06-08 11:31:18.444 [info] > git for-each-ref --sort -committerdate --format %(refname)%00%(objectname)%00%(*objectname) [2ms]
2026-06-08 11:31:18.568 [info] > git status -z -uall [137ms]
