2026-05-28 08:42:41.757 [info] StorageMainService: creating application shared storage
2026-05-28 08:42:41.772 [info] [shared storage] Creating shared storage database at '/home/arthuruser001/.vscode-shared/sharedStorage/state.vscdb' (wasCreated: false)
2026-05-28 08:42:41.773 [info] [shared storage] Initializing fallback application storage (path: /home/arthuruser001/Trabalhos Escolares/Webdesign/Trimestre 2/Atividade 1/Vscode-Data/User/globalStorage/state.vscdb)
2026-05-28 08:42:41.795 [info] [shared storage] Fallback application storage initialized with 79 items
2026-05-28 08:42:41.798 [info] update#setState idle
2026-05-28 08:43:11.800 [info] update#setState checking for updates
2026-05-28 08:43:12.025 [info] update#setState idle
2026-05-28 08:44:35.931 [info] Extension host with pid 8774 exited with code: 0, signal: unknown.
2026-05-28 09:06:50.263 [error] [storage state.vscdb] prepare(): Error: SQLITE_READONLY_DBMOVED: attempt to write a readonly database (INSERT INTO ItemTable VALUES (?,?) ON CONFLICT (key) DO UPDATE SET value = excluded.value WHERE value != excluded.value). Details: Keys: workbench.explorer.treeViewState Length: 632
2026-05-28 09:07:36.816 [error] [storage state.vscdb] prepare(): Error: SQLITE_READONLY_DBMOVED: attempt to write a readonly database (INSERT INTO ItemTable VALUES (?,?),(?,?) ON CONFLICT (key) DO UPDATE SET value = excluded.value WHERE value != excluded.value). Details: Keys: workbench.explorer.treeViewState, memento/workbench.editors.files.textFileEditor Length: 561
2026-05-28 09:07:49.952 [error] [storage state.vscdb] prepare(): Error: SQLITE_READONLY_DBMOVED: attempt to write a readonly database (INSERT INTO ItemTable VALUES (?,?) ON CONFLICT (key) DO UPDATE SET value = excluded.value WHERE value != excluded.value). Details: Keys: workbench.explorer.treeViewState Length: 431
2026-05-28 09:07:52.187 [error] [storage state.vscdb] prepare(): Error: SQLITE_READONLY_DBMOVED: attempt to write a readonly database (INSERT INTO ItemTable VALUES (?,?) ON CONFLICT (key) DO UPDATE SET value = excluded.value WHERE value != excluded.value). Details: Keys: iconThemeData Length: 96818
2026-05-28 09:07:57.254 [error] [storage state.vscdb] prepare(): Error: SQLITE_READONLY_DBMOVED: attempt to write a readonly database (INSERT INTO ItemTable VALUES (?,?) ON CONFLICT (key) DO UPDATE SET value = excluded.value WHERE value != excluded.value). Details: Keys: workbench.explorer.treeViewState Length: 441
2026-05-28 09:07:58.970 [error] [storage state.vscdb] prepare(): Error: SQLITE_READONLY_DBMOVED: attempt to write a readonly database (INSERT INTO ItemTable VALUES (?,?) ON CONFLICT (key) DO UPDATE SET value = excluded.value WHERE value != excluded.value). Details: Keys: memento/workbench.editors.files.textFileEditor Length: 506
2026-05-28 09:08:06.421 [error] [storage state.vscdb] prepare(): Error: SQLITE_READONLY_DBMOVED: attempt to write a readonly database (INSERT INTO ItemTable VALUES (?,?) ON CONFLICT (key) DO UPDATE SET value = excluded.value WHERE value != excluded.value). Details: Keys: workbench.explorer.treeViewState Length: 619
2026-05-28 09:08:07.436 [error] [storage state.vscdb] prepare(): Error: SQLITE_READONLY_DBMOVED: attempt to write a readonly database (INSERT INTO ItemTable VALUES (?,?) ON CONFLICT (key) DO UPDATE SET value = excluded.value WHERE value != excluded.value). Details: Keys: workbench.explorer.treeViewState Length: 823
2026-05-28 09:08:15.803 [info] Extension host with pid 9250 exited with code: 0, signal: unknown.
2026-05-28 09:08:15.920 [error] [storage state.vscdb] prepare(): Error: SQLITE_READONLY_DBMOVED: attempt to write a readonly database (INSERT INTO ItemTable VALUES (?,?) ON CONFLICT (key) DO UPDATE SET value = excluded.value WHERE value != excluded.value). Details: Keys: editorFontInfo Length: 1467
2026-05-28 09:08:15.921 [error] [storage state.vscdb] prepare(): Error: SQLITE_READONLY_DBMOVED: attempt to write a readonly database (INSERT INTO ItemTable VALUES (?,?),(?,?),(?,?),(?,?),(?,?) ON CONFLICT (key) DO UPDATE SET value = excluded.value WHERE value != excluded.value). Details: Keys: __$__targetStorageMarker, terminal.integrated.bufferState, lifecyle.lastShutdownReason, workbench.explorer.treeViewState, codelens/cache2 Length: 30797
2026-05-28 09:08:15.997 [error] [storage state.vscdb] backup(): Error: ENOENT: no such file or directory, stat '/home/arthuruser001/Trabalhos Escolares/Webdesign/Trimestre 2/Atividade 1/Vscode-Data/User/workspaceStorage/1779968391458/state.vscdb'
2026-05-28 09:08:16.015 [error] Error: ENOENT: no such file or directory, unlink '/home/arthuruser001/Trabalhos Escolares/Webdesign/Trimestre 2/Atividade 1/Vscode-Data/User/globalStorage/state.vscdb'
    at async Object.unlink (node:internal/fs/promises:1061:10)
    at async i.doClose (file:///usr/share/code/resources/app/out/main.js:414:24209)
    at async mm.doClose (file:///usr/share/code/resources/app/out/main.js:414:95493)
    at async mm.close (file:///usr/share/code/resources/app/out/main.js:414:94783)
    at async Promise.all (index 1)
    at async Object.i [as settled] (file:///usr/share/code/resources/app/out/main.js:406:91701)
    at async file:///usr/share/code/resources/app/out/main.js:414:82480
