2026-05-28 08:44:39.000 [info] [         29ms] [/home/arthuruser001/Trabalhos Escolares/Webdesign/Trimestre 2/Atividade 1] git rev-parse --show-toplevel --git-dir --git-common-dir --show-superproject-working-tree • completed
2026-05-28 08:44:39.227 [info] [          9ms] [/home/arthuruser001/Trabalhos Escolares/Webdesign/Trimestre 2/Atividade 1] git remote -v • completed
2026-05-28 08:44:39.236 [info] [          6ms] [/home/arthuruser001/Trabalhos Escolares/Webdesign/Trimestre 2/Atividade 1] git config --get-regex ^branch\..*\.gk- • completed
2026-05-28 08:44:39.249 [info] [         12ms] [/home/arthuruser001/Trabalhos Escolares/Webdesign/Trimestre 2/Atividade 1] git config --get -f /home/arthuruser001/Trabalhos Escolares/Webdesign/Trimestre 2/Atividade 1/.git/gk/config gk.defaultRemote • completed
2026-05-28 08:45:14.180 [info] [         14ms] [/home/arthuruser001/Trabalhos Escolares/Webdesign/Trimestre 2/Atividade 1] git rev-list --max-parents=0 HEAD -- • completed
2026-05-28 08:45:14.181 [info] [         14ms] [/home/arthuruser001/Trabalhos Escolares/Webdesign/Trimestre 2/Atividade 1] git shortlog -s --all --no-min-parents --since=1.year.ago • completed
2026-05-28 08:46:35.970 [info] [          9ms] [/home/arthuruser001/Trabalhos Escolares/Webdesign/Trimestre 2/Atividade 1] git ls-files -- index.html • completed
2026-05-28 08:47:09.155 [info] [         12ms] [/home/arthuruser001/Trabalhos Escolares/Webdesign/Trimestre 2/Atividade 1] git for-each-ref --format=%1E%(HEAD)%1D%(refname)%1D%(objectname)%1D%(*objectname)%1D%(upstream)%1D%(upstream:track)%1D%(committerdate:iso8601)%1D%(creatordate:iso8601)%1D%(authordate:iso8601)%1D%(subject)%1D%(worktreepath)%1D refs/heads/ refs/remotes/ refs/tags/ • completed
2026-05-28 08:47:09.156 [info] [          6ms] [/home/arthuruser001/Trabalhos Escolares/Webdesign/Trimestre 2/Atividade 1] git config --get-regex -f /home/arthuruser001/Trabalhos Escolares/Webdesign/Trimestre 2/Atividade 1/.git/gk/config ^branch\..*\.gk-(last-(accessed|modified)|disposition|agent-last-activity)$ • completed
2026-05-28 08:47:09.165 [info] [          7ms] [/home/arthuruser001/Trabalhos Escolares/Webdesign/Trimestre 2/Atividade 1] git config --get -f /home/arthuruser001/Trabalhos Escolares/Webdesign/Trimestre 2/Atividade 1/.git/gk/config branch.main.gk-last-accessed • completed
2026-05-28 08:47:09.176 [info] [          9ms] [/home/arthuruser001/Trabalhos Escolares/Webdesign/Trimestre 2/Atividade 1] git config -f /home/arthuruser001/Trabalhos Escolares/Webdesign/Trimestre 2/Atividade 1/.git/gk/config branch.main.gk-last-accessed 2026-05-28T11:47:09.157Z • completed
2026-05-28 08:47:30.193 [info] [         10ms] [/home/arthuruser001/Trabalhos Escolares/Webdesign/Trimestre 2/Atividade 1] git ls-files -- index.html • completed
2026-05-28 08:48:15.653 [info] [          8ms] [/home/arthuruser001/Trabalhos Escolares/Webdesign/Trimestre 2/Atividade 1] git ls-files -- index.html • completed
2026-05-28 08:51:01.171 [info] [          7ms] [/home/arthuruser001/Trabalhos Escolares/Webdesign/Trimestre 2/Atividade 1] git ls-files -- index.html • completed
2026-05-28 09:00:32.463 [info] [         10ms] [/home/arthuruser001/Trabalhos Escolares/Webdesign/Trimestre 2/Atividade 1] git for-each-ref --format=%1E%(HEAD)%1D%(refname)%1D%(objectname)%1D%(*objectname)%1D%(upstream)%1D%(upstream:track)%1D%(committerdate:iso8601)%1D%(creatordate:iso8601)%1D%(authordate:iso8601)%1D%(subject)%1D%(worktreepath)%1D refs/heads/ refs/remotes/ refs/tags/ • completed
2026-05-28 09:00:32.465 [info] [          6ms] [/home/arthuruser001/Trabalhos Escolares/Webdesign/Trimestre 2/Atividade 1] git config --get-regex -f /home/arthuruser001/Trabalhos Escolares/Webdesign/Trimestre 2/Atividade 1/.git/gk/config ^branch\..*\.gk-(last-(accessed|modified)|disposition|agent-last-activity)$ • completed
2026-05-28 09:01:04.684 [info] [          6ms] [/home/arthuruser001/Trabalhos Escolares/Webdesign/Trimestre 2/Atividade 1] git remote -v • completed
2026-05-28 09:01:04.691 [info] [          6ms] [/home/arthuruser001/Trabalhos Escolares/Webdesign/Trimestre 2/Atividade 1] git config --get -f /home/arthuruser001/Trabalhos Escolares/Webdesign/Trimestre 2/Atividade 1/.git/gk/config gk.defaultRemote • completed
2026-05-28 09:01:30.448 [info] [          9ms] [/home/arthuruser001/Trabalhos Escolares/Webdesign/Trimestre 2/Atividade 1] git ls-files -- start.sh • completed
2026-05-28 09:01:32.346 [info] [         10ms] [/home/arthuruser001/Trabalhos Escolares/Webdesign/Trimestre 2/Atividade 1] git for-each-ref --format=%1E%(HEAD)%1D%(refname)%1D%(objectname)%1D%(*objectname)%1D%(upstream)%1D%(upstream:track)%1D%(committerdate:iso8601)%1D%(creatordate:iso8601)%1D%(authordate:iso8601)%1D%(subject)%1D%(worktreepath)%1D refs/heads/ refs/remotes/ refs/tags/ • completed
2026-05-28 09:02:40.531 [info] [         12ms] [/home/arthuruser001/Trabalhos Escolares/Webdesign/Trimestre 2/Atividade 1] git config --get -f /home/arthuruser001/Trabalhos Escolares/Webdesign/Trimestre 2/Atividade 1/.git/gk/config branch.main.gk-last-accessed • completed
2026-05-28 09:02:40.545 [info] [         11ms] [/home/arthuruser001/Trabalhos Escolares/Webdesign/Trimestre 2/Atividade 1] git config -f /home/arthuruser001/Trabalhos Escolares/Webdesign/Trimestre 2/Atividade 1/.git/gk/config branch.main.gk-last-accessed 2026-05-28T12:02:40.518Z • completed
2026-05-28 09:02:40.553 [info] [          7ms] [/home/arthuruser001/Trabalhos Escolares/Webdesign/Trimestre 2/Atividade 1] git config --get -f /home/arthuruser001/Trabalhos Escolares/Webdesign/Trimestre 2/Atividade 1/.git/gk/config branch.main.gk-last-modified • completed
2026-05-28 09:02:40.569 [info] [          7ms] [/home/arthuruser001/Trabalhos Escolares/Webdesign/Trimestre 2/Atividade 1] git config -f /home/arthuruser001/Trabalhos Escolares/Webdesign/Trimestre 2/Atividade 1/.git/gk/config branch.main.gk-last-modified 2026-05-28T12:02:40.518Z • completed
2026-05-28 09:05:16.665 [info] [          9ms] [/home/arthuruser001/Trabalhos Escolares/Webdesign/Trimestre 2/Atividade 1] git ls-files -- start.sh • completed
2026-05-28 09:05:34.070 [info] [          7ms] [/home/arthuruser001/Trabalhos Escolares/Webdesign/Trimestre 2/Atividade 1] git rev-parse --verify --end-of-options db7910f^{commit} • completed
2026-05-28 09:06:29.765 [info] [          8ms] [/home/arthuruser001/Trabalhos Escolares/Webdesign/Trimestre 2/Atividade 1] git ls-files -- start.sh • completed
2026-05-28 09:07:13.623 [info] [         14ms] [/home/arthuruser001/Trabalhos Escolares/Webdesign/Trimestre 2/Atividade 1] git ls-files -- start.sh • completed
