2026-06-15 10:28:16.927 [info] [         14ms] [/home/alunos/.arthuruser001/webdesign.tri2.ativ1] git rev-parse --show-toplevel --git-dir --git-common-dir --show-superproject-working-tree • completed
2026-06-15 10:28:17.191 [info] [         10ms] [/home/alunos/.arthuruser001/webdesign.tri2.ativ1] git remote -v • completed
2026-06-15 10:28:17.209 [info] [         11ms] [/home/alunos/.arthuruser001/webdesign.tri2.ativ1] git config --get-regex ^branch\..*\.gk- • completed
2026-06-15 10:28:17.233 [info] [         23ms] [/home/alunos/.arthuruser001/webdesign.tri2.ativ1] git config --get -f /home/alunos/.arthuruser001/webdesign.tri2.ativ1/.git/gk/config gk.defaultRemote • completed
2026-06-15 10:28:18.743 [info] [          5ms] [/home/alunos/.arthuruser001/webdesign.tri2.ativ1] git remote -v • completed
2026-06-15 10:28:18.751 [info] [          7ms] [/home/alunos/.arthuruser001/webdesign.tri2.ativ1] git rev-parse --show-toplevel --git-dir --git-common-dir --show-superproject-working-tree • completed
2026-06-15 10:28:18.757 [info] [          5ms] [/home/alunos/.arthuruser001/webdesign.tri2.ativ1] git config --get -f /home/alunos/.arthuruser001/webdesign.tri2.ativ1/.git/gk/config gk.defaultRemote • completed
2026-06-15 10:28:52.065 [info] [         11ms] [/home/alunos/.arthuruser001/webdesign.tri2.ativ1] git rev-list --max-parents=0 HEAD -- • completed
2026-06-15 10:28:52.068 [info] [         12ms] [/home/alunos/.arthuruser001/webdesign.tri2.ativ1] git shortlog -s --all --no-min-parents --since=1.year.ago • completed
2026-06-15 10:29:38.617 [info] [          9ms] [/home/alunos/.arthuruser001/webdesign.tri2.ativ1] git ls-files -- index.html • completed
2026-06-15 10:29:38.625 [info] [          6ms] [/home/alunos/.arthuruser001/webdesign.tri2.ativ1] git config --get-regex ^user\.(name|email)$ • completed
2026-06-15 10:29:38.633 [info] [          6ms] [/home/alunos/.arthuruser001/webdesign.tri2.ativ1] git check-mailmap Your Name <you@example.com> • completed
2026-06-15 10:29:38.640 [info] [→1           ] (spawn) [/home/alunos/.arthuruser001/webdesign.tri2.ativ1] git blame --root --incremental --encoding=utf-8 -- index.html • starting...
2026-06-15 10:29:38.660 [info] [←1       25ms] (spawn) [/home/alunos/.arthuruser001/webdesign.tri2.ativ1] git blame --root --incremental --encoding=utf-8 -- index.html • completed
2026-06-15 10:29:38.723 [info] [         46ms] [/home/alunos/.arthuruser001/webdesign.tri2.ativ1] git log --format=%x1E%H%x1D --summary -n1 34da9ab9f2006d571dd0f0d8bda6d377260e66fa^ -- index.html • completed
2026-06-15 10:29:38.724 [info] [         62ms] [/home/alunos/.arthuruser001/webdesign.tri2.ativ1] git show --textconv HEAD:./index.html -- • completed
2026-06-15 10:29:38.836 [info] [        152ms] [/home/alunos/.arthuruser001/webdesign.tri2.ativ1] git log --format=%x1E%H%x1D%aN%x1D%aE%x1D%at%x1D%cN%x1D%cE%x1D%ct%x1D%P%x1D%D%x1D%B%x1D --numstat --raw -M --use-mailmap -m --no-min-parents -n1 34da9ab9f2006d571dd0f0d8bda6d377260e66fa -- • completed
2026-06-15 10:30:46.962 [info] [          9ms] [/home/alunos/.arthuruser001/webdesign.tri2.ativ1] git for-each-ref --format=%1E%(HEAD)%1D%(refname)%1D%(objectname)%1D%(*objectname)%1D%(upstream)%1D%(upstream:track)%1D%(committerdate:iso8601)%1D%(creatordate:iso8601)%1D%(authordate:iso8601)%1D%(subject)%1D%(worktreepath)%1D refs/heads/ refs/remotes/ refs/tags/ • completed
2026-06-15 10:30:46.964 [info] [          6ms] [/home/alunos/.arthuruser001/webdesign.tri2.ativ1] git config --get-regex -f /home/alunos/.arthuruser001/webdesign.tri2.ativ1/.git/gk/config ^branch\..*\.gk-(last-(accessed|modified)|disposition|agent-last-activity)$ • completed
2026-06-15 10:30:46.971 [info] [          5ms] [/home/alunos/.arthuruser001/webdesign.tri2.ativ1] git config --get -f /home/alunos/.arthuruser001/webdesign.tri2.ativ1/.git/gk/config branch.main.gk-last-accessed • completed
2026-06-15 10:30:46.978 [info] [          5ms] [/home/alunos/.arthuruser001/webdesign.tri2.ativ1] git config -f /home/alunos/.arthuruser001/webdesign.tri2.ativ1/.git/gk/config branch.main.gk-last-accessed 2026-06-15T13:30:46.965Z • completed
2026-06-15 10:31:39.116 [info] [          7ms] [/home/alunos/.arthuruser001/webdesign.tri2.ativ1] git cat-file commit 34da9ab9f2006d571dd0f0d8bda6d377260e66fa • completed
2026-06-15 10:47:48.219 [info] [         12ms] [/home/alunos/.arthuruser001/webdesign.tri2.ativ1] git ls-files -- index.html • completed
2026-06-15 10:47:48.231 [info] [→2           ] (spawn) [/home/alunos/.arthuruser001/webdesign.tri2.ativ1] git blame --root --incremental --encoding=utf-8 -- index.html • starting...
2026-06-15 10:47:48.248 [info] [←2       23ms] (spawn) [/home/alunos/.arthuruser001/webdesign.tri2.ativ1] git blame --root --incremental --encoding=utf-8 -- index.html • completed
2026-06-15 10:47:48.272 [info] [         22ms] [/home/alunos/.arthuruser001/webdesign.tri2.ativ1] git show --textconv HEAD:./index.html -- • completed
2026-06-15 10:47:48.322 [info] [         58ms] [/home/alunos/.arthuruser001/webdesign.tri2.ativ1] git log --format=%x1E%H%x1D%aN%x1D%aE%x1D%at%x1D%cN%x1D%cE%x1D%ct%x1D%P%x1D%D%x1D%B%x1D --numstat --raw -M --use-mailmap -m --no-min-parents -n1 34da9ab9f2006d571dd0f0d8bda6d377260e66fa -- • completed
2026-06-15 10:48:17.777 [info] [         10ms] [/home/alunos/.arthuruser001/webdesign.tri2.ativ1] git ls-files -- aluno-cadastro.html • completed
2026-06-15 10:49:49.629 [info] [         89ms] [/home/alunos/.arthuruser001/webdesign.tri2.ativ1] git ls-files -- aluno-cadastro.html • completed
2026-06-15 10:49:49.645 [info] [         11ms] [/home/alunos/.arthuruser001/webdesign.tri2.ativ1] git ls-tree -l HEAD -- aluno-cadastro.html • completed
2026-06-15 10:49:49.684 [info] [         34ms] [/home/alunos/.arthuruser001/webdesign.tri2.ativ1] git config --get core.excludesFile • completed
2026-06-15 10:49:50.464 [info] [        792ms] [/home/alunos/.arthuruser001/webdesign.tri2.ativ1] git status --porcelain=v2 --branch -u --find-renames -- • completed
2026-06-15 10:54:17.049 [info] [          9ms] [/home/alunos/.arthuruser001/webdesign.tri2.ativ1] git ls-files -- aluno-cadastro.html • completed
2026-06-15 10:55:28.221 [info] [          8ms] [/home/alunos/.arthuruser001/webdesign.tri2.ativ1] git ls-files -- aluno-cadastro.html • completed
2026-06-15 10:56:28.264 [info] [          9ms] [/home/alunos/.arthuruser001/webdesign.tri2.ativ1] git ls-files -- aluno-cadastro.html • completed
2026-06-15 10:57:28.444 [info] [         27ms] [/home/alunos/.arthuruser001/webdesign.tri2.ativ1] git worktree list --porcelain • completed
2026-06-15 10:57:29.159 [info] [        683ms] [/home/alunos/.arthuruser001/webdesign.tri2.ativ1] git status --porcelain=v2 --branch -u --find-renames -- • completed
2026-06-15 10:57:32.079 [info] [        647ms] [/home/alunos/.arthuruser001/webdesign.tri2.ativ1] git status --porcelain=v2 --branch -u --find-renames -- • completed
2026-06-15 10:57:34.331 [info] [        618ms] [/home/alunos/.arthuruser001/webdesign.tri2.ativ1] git status --porcelain=v2 --branch -u --find-renames -- • completed
2026-06-15 10:57:37.468 [info] [        631ms] [/home/alunos/.arthuruser001/webdesign.tri2.ativ1] git status --porcelain=v2 --branch -u --find-renames -- • completed
2026-06-15 10:57:39.268 [info] [         17ms] [/home/alunos/.arthuruser001/webdesign.tri2.ativ1] git ls-files -- aluno-cadastro.html • completed
2026-06-15 10:57:39.546 [info] [          6ms] [/home/alunos/.arthuruser001/webdesign.tri2.ativ1] git ls-tree -l HEAD -- aluno-cadastro.html • completed
2026-06-15 10:57:39.686 [info] [        635ms] [/home/alunos/.arthuruser001/webdesign.tri2.ativ1] git status --porcelain=v2 --branch -u --find-renames -- • completed
2026-06-15 10:57:40.228 [info] [        679ms] [/home/alunos/.arthuruser001/webdesign.tri2.ativ1] git status --porcelain=v2 --branch -u --find-renames -- • completed
2026-06-15 10:57:41.206 [info] [        703ms] [/home/alunos/.arthuruser001/webdesign.tri2.ativ1] git status --porcelain=v2 --branch -u --find-renames -- • completed
2026-06-15 10:58:42.215 [info] [         23ms] [/home/alunos/.arthuruser001/webdesign.tri2.ativ1] git rev-parse --show-toplevel --git-dir --git-common-dir --show-superproject-working-tree • completed
2026-06-15 10:58:42.261 [info] [         30ms] [/home/alunos/.arthuruser001/webdesign.tri2.ativ1] git ls-files -- aluno-cadastro.html • completed
2026-06-15 10:58:42.355 [info] [         11ms] [/home/alunos/.arthuruser001/webdesign.tri2.ativ1] git remote -v • completed
2026-06-15 10:58:42.369 [info] [          9ms] [/home/alunos/.arthuruser001/webdesign.tri2.ativ1] git config --get-regex -f /home/alunos/.arthuruser001/webdesign.tri2.ativ1/.git/gk/config . • completed
2026-06-15 10:59:17.242 [info] [         10ms] [/home/alunos/.arthuruser001/webdesign.tri2.ativ1] git rev-list --max-parents=0 HEAD -- • completed
2026-06-15 10:59:17.245 [info] [         13ms] [/home/alunos/.arthuruser001/webdesign.tri2.ativ1] git shortlog -s --all --no-min-parents --since=1.year.ago • completed
2026-06-15 11:01:12.232 [info] [          6ms] [/home/alunos/.arthuruser001/webdesign.tri2.ativ1] git for-each-ref --format=%1E%(HEAD)%1D%(refname)%1D%(objectname)%1D%(*objectname)%1D%(upstream)%1D%(upstream:track)%1D%(committerdate:iso8601)%1D%(creatordate:iso8601)%1D%(authordate:iso8601)%1D%(subject)%1D%(worktreepath)%1D refs/heads/ refs/remotes/ refs/tags/ • completed
2026-06-15 11:01:12.242 [info] [          6ms] [/home/alunos/.arthuruser001/webdesign.tri2.ativ1] git config -f /home/alunos/.arthuruser001/webdesign.tri2.ativ1/.git/gk/config branch.main.gk-last-accessed 2026-06-15T14:01:12.234Z • completed
2026-06-15 11:05:00.533 [info] [         12ms] [/home/alunos/.arthuruser001/webdesign.tri2.ativ1] git ls-files -- main.css • completed
2026-06-15 11:05:00.545 [info] [          9ms] [/home/alunos/.arthuruser001/webdesign.tri2.ativ1] git config --get-regex ^user\.(name|email)$ • completed
2026-06-15 11:05:00.556 [info] [          8ms] [/home/alunos/.arthuruser001/webdesign.tri2.ativ1] git check-mailmap Your Name <you@example.com> • completed
2026-06-15 11:05:00.567 [info] [→1           ] (spawn) [/home/alunos/.arthuruser001/webdesign.tri2.ativ1] git blame --root --incremental --encoding=utf-8 -- main.css • starting...
2026-06-15 11:05:00.573 [info] [←1       14ms] (spawn) [/home/alunos/.arthuruser001/webdesign.tri2.ativ1] git blame --root --incremental --encoding=utf-8 -- main.css • completed
2026-06-15 11:05:00.638 [info] [         46ms] [/home/alunos/.arthuruser001/webdesign.tri2.ativ1] git log --format=%x1E%H%x1D --summary -n1 34da9ab9f2006d571dd0f0d8bda6d377260e66fa^ -- main.css • completed
2026-06-15 11:05:00.639 [info] [         64ms] [/home/alunos/.arthuruser001/webdesign.tri2.ativ1] git show --textconv HEAD:./main.css -- • completed
2026-06-15 11:05:00.659 [info] [         59ms] [/home/alunos/.arthuruser001/webdesign.tri2.ativ1] git log --format=%x1E%H%x1D%aN%x1D%aE%x1D%at%x1D%cN%x1D%cE%x1D%ct%x1D%P%x1D%D%x1D%B%x1D --numstat --raw -M --use-mailmap -m --no-min-parents -n1 34da9ab9f2006d571dd0f0d8bda6d377260e66fa -- • completed
2026-06-15 11:05:03.250 [info] [         15ms] [/home/alunos/.arthuruser001/webdesign.tri2.ativ1] git ls-files -- index.html • completed
2026-06-15 11:05:03.257 [info] [→2           ] (spawn) [/home/alunos/.arthuruser001/webdesign.tri2.ativ1] git blame --root --incremental --encoding=utf-8 -- index.html • starting...
2026-06-15 11:05:03.263 [info] [←2       11ms] (spawn) [/home/alunos/.arthuruser001/webdesign.tri2.ativ1] git blame --root --incremental --encoding=utf-8 -- index.html • completed
2026-06-15 11:05:03.295 [info] [         21ms] [/home/alunos/.arthuruser001/webdesign.tri2.ativ1] git log --format=%x1E%H%x1D --summary -n1 34da9ab9f2006d571dd0f0d8bda6d377260e66fa^ -- index.html • completed
2026-06-15 11:05:03.298 [info] [         34ms] [/home/alunos/.arthuruser001/webdesign.tri2.ativ1] git show --textconv HEAD:./index.html -- • completed
2026-06-15 11:05:05.278 [info] [          9ms] [/home/alunos/.arthuruser001/webdesign.tri2.ativ1] git show --textconv HEAD:./main.css -- • completed
2026-06-15 11:05:08.892 [info] [         15ms] [/home/alunos/.arthuruser001/webdesign.tri2.ativ1] git show --textconv HEAD:./index.html -- • completed
2026-06-15 11:05:09.803 [info] [         12ms] [/home/alunos/.arthuruser001/webdesign.tri2.ativ1] git show --textconv HEAD:./main.css -- • completed
2026-06-15 11:05:12.842 [info] [         17ms] [/home/alunos/.arthuruser001/webdesign.tri2.ativ1] git show --textconv HEAD:./index.html -- • completed
2026-06-15 11:05:51.013 [info] [          8ms] [/home/alunos/.arthuruser001/webdesign.tri2.ativ1] git ls-files -- aluno-cadastro.html • completed
2026-06-15 11:07:28.566 [info] [          9ms] [/home/alunos/.arthuruser001/webdesign.tri2.ativ1] git ls-files -- aluno-cadastro.html • completed
2026-06-15 11:08:47.354 [info] [         11ms] [/home/alunos/.arthuruser001/webdesign.tri2.ativ1] git ls-files -- Arthur.css • completed
2026-06-15 11:09:48.133 [info] [          8ms] [/home/alunos/.arthuruser001/webdesign.tri2.ativ1] git ls-files -- Arthur.css • completed
2026-06-15 11:10:56.010 [info] [         20ms] [/home/alunos/.arthuruser001/webdesign.tri2.ativ1] git ls-files -- index.html • completed
2026-06-15 11:10:56.034 [info] [         21ms] [/home/alunos/.arthuruser001/webdesign.tri2.ativ1] git show --textconv HEAD:./index.html -- • completed
2026-06-15 11:13:17.833 [info] [          8ms] [/home/alunos/.arthuruser001/webdesign.tri2.ativ1] git ls-files -- aluno-cadastro.html • completed
2026-06-15 11:14:23.705 [info] [          9ms] [/home/alunos/.arthuruser001/webdesign.tri2.ativ1] git cat-file commit 34da9ab9f2006d571dd0f0d8bda6d377260e66fa • completed
2026-06-15 11:16:09.006 [info] [         14ms] [/home/alunos/.arthuruser001/webdesign.tri2.ativ1] git diff --no-ext-diff --minimal -U0 -M --diff-filter=MRC -- index.html • completed
2026-06-15 11:16:09.615 [info] [        631ms] [/home/alunos/.arthuruser001/webdesign.tri2.ativ1] git status --porcelain=v2 --branch -u --find-renames -- • completed
2026-06-15 11:16:09.633 [info] [         11ms] [/home/alunos/.arthuruser001/webdesign.tri2.ativ1] git log --format=%x1E%H%x1D -n2 -L1,1:index.html • completed
2026-06-15 11:16:09.641 [info] [         19ms] [/home/alunos/.arthuruser001/webdesign.tri2.ativ1] git log --format=%x1E%H%x1D -n2 -L6,6:index.html • completed
2026-06-15 11:16:09.642 [info] [          7ms] [/home/alunos/.arthuruser001/webdesign.tri2.ativ1] git rev-parse --verify --end-of-options 34da9ab9f2006d571dd0f0d8bda6d377260e66fa^^{commit} • completed
2026-06-15 11:16:15.108 [info] [        684ms] [/home/alunos/.arthuruser001/webdesign.tri2.ativ1] git status --porcelain=v2 --branch -u --find-renames -- • completed
2026-06-15 11:16:15.188 [info] [         74ms] [/home/alunos/.arthuruser001/webdesign.tri2.ativ1] git log --format=%x1E%H%x1D --summary -n2 --follow HEAD -- index.html • completed
2026-06-15 11:16:15.197 [info] [          7ms] [/home/alunos/.arthuruser001/webdesign.tri2.ativ1] git log --format=%x1E%H%x1D --summary -n1 34da9ab9f2006d571dd0f0d8bda6d377260e66fa -- index.html • completed
2026-06-15 11:16:15.207 [info] [          8ms] [/home/alunos/.arthuruser001/webdesign.tri2.ativ1] git ls-files -c -o -- index.html • completed
2026-06-15 11:16:15.284 [info] [         17ms] [/home/alunos/.arthuruser001/webdesign.tri2.ativ1] git show --textconv 34da9ab9f2006d571dd0f0d8bda6d377260e66fa:./index.html -- • completed
2026-06-15 11:16:15.287 [info] [         11ms] [/home/alunos/.arthuruser001/webdesign.tri2.ativ1] git ls-tree -l 34da9ab9f2006d571dd0f0d8bda6d377260e66fa -- index.html • completed
2026-06-15 11:16:15.326 [info] [         20ms] [/home/alunos/.arthuruser001/webdesign.tri2.ativ1] git ls-files -- index.html • completed
2026-06-15 11:16:15.683 [info] [→3           ] (spawn) [/home/alunos/.arthuruser001/webdesign.tri2.ativ1] git blame --root --incremental --encoding=utf-8 34da9ab9f2006d571dd0f0d8bda6d377260e66fa -- index.html • starting...
2026-06-15 11:16:15.685 [info] [←3       12ms] (spawn) [/home/alunos/.arthuruser001/webdesign.tri2.ativ1] git blame --root --incremental --encoding=utf-8 34da9ab9f2006d571dd0f0d8bda6d377260e66fa -- index.html • completed
2026-06-15 11:17:17.046 [info] [          8ms] [/home/alunos/.arthuruser001/webdesign.tri2.ativ1] git ls-files -- index.html • completed
2026-06-15 11:17:17.055 [info] [→4           ] (spawn) [/home/alunos/.arthuruser001/webdesign.tri2.ativ1] git blame --root --incremental --encoding=utf-8 -- index.html • starting...
2026-06-15 11:17:17.060 [info] [←4       11ms] (spawn) [/home/alunos/.arthuruser001/webdesign.tri2.ativ1] git blame --root --incremental --encoding=utf-8 -- index.html • completed
2026-06-15 11:17:17.084 [info] [→5           ] (spawn) [/home/alunos/.arthuruser001/webdesign.tri2.ativ1] git blame --root --incremental --encoding=utf-8 HEAD -- index.html • starting...
2026-06-15 11:17:17.085 [info] [         24ms] [/home/alunos/.arthuruser001/webdesign.tri2.ativ1] git show --textconv HEAD:./index.html -- • completed
2026-06-15 11:17:17.088 [info] [←5       12ms] (spawn) [/home/alunos/.arthuruser001/webdesign.tri2.ativ1] git blame --root --incremental --encoding=utf-8 HEAD -- index.html • completed
2026-06-15 11:17:17.703 [info] [        634ms] [/home/alunos/.arthuruser001/webdesign.tri2.ativ1] git status --porcelain=v2 --branch -u --find-renames -- • completed
2026-06-15 11:17:17.716 [info] [          8ms] [/home/alunos/.arthuruser001/webdesign.tri2.ativ1] git log --format=%x1E%H%x1D -n2 -L5,5:index.html (waiting) • completed
2026-06-15 11:17:17.716 [info] [          8ms] [/home/alunos/.arthuruser001/webdesign.tri2.ativ1] git log --format=%x1E%H%x1D -n2 -L5,5:index.html (waiting) • completed
2026-06-15 11:17:17.716 [info] [          8ms] [/home/alunos/.arthuruser001/webdesign.tri2.ativ1] git log --format=%x1E%H%x1D -n2 -L5,5:index.html • completed
2026-06-15 11:17:17.725 [info] [          6ms] [/home/alunos/.arthuruser001/webdesign.tri2.ativ1] git rev-parse --verify --end-of-options 34da9ab9f2006d571dd0f0d8bda6d377260e66fa^^{commit} • completed
2026-06-15 11:17:21.802 [info] [         43ms] [/home/alunos/.arthuruser001/webdesign.tri2.ativ1] git log --format=%x1E%H%x1D%aN%x1D%aE%x1D%at%x1D%cN%x1D%cE%x1D%ct%x1D%P%x1D%D%x1D%B%x1D --numstat --raw -M --use-mailmap -m --no-min-parents -n1 34da9ab9f2006d571dd0f0d8bda6d377260e66fa -- • completed
2026-06-15 11:17:22.400 [info] [        652ms] [/home/alunos/.arthuruser001/webdesign.tri2.ativ1] git status --porcelain=v2 --branch -u --find-renames -- • completed
2026-06-15 11:17:22.413 [info] [          9ms] [/home/alunos/.arthuruser001/webdesign.tri2.ativ1] git log --format=%x1E%H%x1D -n2 -L5,5:index.html (waiting) • completed
2026-06-15 11:17:22.413 [info] [          9ms] [/home/alunos/.arthuruser001/webdesign.tri2.ativ1] git log --format=%x1E%H%x1D -n2 -L5,5:index.html (waiting) • completed
2026-06-15 11:17:22.413 [info] [          9ms] [/home/alunos/.arthuruser001/webdesign.tri2.ativ1] git log --format=%x1E%H%x1D -n2 -L5,5:index.html • completed
2026-06-15 11:17:23.413 [info] [        646ms] [/home/alunos/.arthuruser001/webdesign.tri2.ativ1] git status --porcelain=v2 --branch -u --find-renames -- • completed
2026-06-15 11:17:23.426 [info] [          8ms] [/home/alunos/.arthuruser001/webdesign.tri2.ativ1] git log --format=%x1E%H%x1D -n2 -L5,5:index.html (waiting) • completed
2026-06-15 11:17:23.426 [info] [          8ms] [/home/alunos/.arthuruser001/webdesign.tri2.ativ1] git log --format=%x1E%H%x1D -n2 -L5,5:index.html • completed
2026-06-15 11:18:43.874 [info] [          9ms] [/home/alunos/.arthuruser001/webdesign.tri2.ativ1] git ls-files -- aluno-cadastro.html • completed
2026-06-15 11:19:21.738 [info] [          9ms] [/home/alunos/.arthuruser001/webdesign.tri2.ativ1] git ls-files -- aluno-cadastro.html • completed
