2026-06-15 10:28:08.611 [info] Reading sessions from keychain...
2026-06-15 10:28:08.611 [info] Getting sessions for all scopes...
2026-06-15 10:28:11.803 [info] Got 0 sessions for ...
2026-06-15 10:28:11.803 [info] Getting sessions for all scopes...
2026-06-15 10:28:11.805 [info] Got 0 sessions for ...
2026-06-15 10:28:11.805 [info] Getting sessions for all scopes...
2026-06-15 10:28:11.806 [info] Got 0 sessions for ...
2026-06-15 10:28:11.837 [info] Getting sessions for all scopes...
2026-06-15 10:28:11.838 [info] Got 0 sessions for ...
2026-06-15 10:28:12.527 [info] Getting sessions for all scopes...
2026-06-15 10:28:12.527 [info] Got 0 sessions for ...
2026-06-15 10:28:16.896 [info] Getting sessions for read:user,repo,user:email...
2026-06-15 10:28:16.896 [info] Got 0 sessions for read:user,repo,user:email...
2026-06-15 10:28:17.146 [info] Getting sessions for read:user,repo,user:email...
2026-06-15 10:28:17.146 [info] Got 0 sessions for read:user,repo,user:email...
2026-06-15 10:28:18.293 [info] Getting sessions for read:user,repo,user:email,workflow...
2026-06-15 10:28:18.293 [info] Got 0 sessions for read:user,repo,user:email,workflow...
2026-06-15 10:28:18.737 [info] Getting sessions for read:user,repo,user:email...
2026-06-15 10:28:18.737 [info] Got 0 sessions for read:user,repo,user:email...
2026-06-15 10:35:52.068 [info] Getting sessions for all scopes...
2026-06-15 10:35:52.068 [info] Got 0 sessions for ...
2026-06-15 10:36:09.555 [info] Getting sessions for all scopes...
2026-06-15 10:36:09.555 [info] Got 0 sessions for ...
2026-06-15 10:36:14.230 [info] Getting sessions for read:user,repo,user:email,workflow...
2026-06-15 10:36:14.230 [info] Got 0 sessions for read:user,repo,user:email,workflow...
2026-06-15 10:36:17.888 [info] Getting sessions for all scopes...
2026-06-15 10:36:17.888 [info] Got 0 sessions for ...
2026-06-15 10:36:18.589 [info] Getting sessions for all scopes...
2026-06-15 10:36:18.589 [info] Got 0 sessions for ...
2026-06-15 10:36:19.014 [info] Getting sessions for all scopes...
2026-06-15 10:36:19.014 [info] Got 0 sessions for ...
2026-06-15 10:36:19.404 [info] Getting sessions for all scopes...
2026-06-15 10:36:19.405 [info] Got 0 sessions for ...
2026-06-15 10:36:19.728 [info] Getting sessions for all scopes...
2026-06-15 10:36:19.728 [info] Got 0 sessions for ...
2026-06-15 10:36:20.590 [info] Getting sessions for all scopes...
2026-06-15 10:36:20.590 [info] Got 0 sessions for ...
2026-06-15 10:36:29.249 [info] Getting sessions for all scopes...
2026-06-15 10:36:29.249 [info] Got 0 sessions for ...
2026-06-15 10:49:50.130 [info] Getting sessions for read:user,repo,user:email...
2026-06-15 10:49:50.130 [info] Got 0 sessions for read:user,repo,user:email...
2026-06-15 10:57:28.386 [info] Getting sessions for read:user,repo,user:email...
2026-06-15 10:57:28.386 [info] Got 0 sessions for read:user,repo,user:email...
2026-06-15 10:58:41.674 [info] Reading sessions from keychain...
2026-06-15 10:58:41.678 [info] Getting sessions for all scopes...
2026-06-15 10:58:41.678 [info] Got 0 sessions for ...
2026-06-15 10:58:41.678 [info] Getting sessions for all scopes...
2026-06-15 10:58:41.678 [info] Got 0 sessions for ...
2026-06-15 10:58:41.678 [info] Getting sessions for all scopes...
2026-06-15 10:58:41.678 [info] Got 0 sessions for ...
2026-06-15 10:58:41.678 [info] Getting sessions for all scopes...
2026-06-15 10:58:41.678 [info] Got 0 sessions for ...
2026-06-15 10:58:41.678 [info] Getting sessions for all scopes...
2026-06-15 10:58:41.678 [info] Got 0 sessions for ...
2026-06-15 10:58:41.799 [info] Getting sessions for read:user,repo,user:email...
2026-06-15 10:58:41.799 [info] Got 0 sessions for read:user,repo,user:email...
2026-06-15 10:58:42.331 [info] Getting sessions for read:user,repo,user:email...
2026-06-15 10:58:42.331 [info] Got 0 sessions for read:user,repo,user:email...
2026-06-15 10:58:43.077 [info] Getting sessions for read:user,repo,user:email,workflow...
2026-06-15 10:58:43.077 [info] Got 0 sessions for read:user,repo,user:email,workflow...
