2026-06-08 10:32:23.730 [info] Reading sessions from keychain...
2026-06-08 10:32:23.730 [info] Getting sessions for all scopes...
2026-06-08 10:32:27.409 [info] Got 0 sessions for ...
2026-06-08 10:32:27.409 [info] Getting sessions for all scopes...
2026-06-08 10:32:27.409 [info] Got 0 sessions for ...
2026-06-08 10:32:27.409 [info] Getting sessions for all scopes...
2026-06-08 10:32:27.409 [info] Got 0 sessions for ...
2026-06-08 10:32:27.410 [info] Getting sessions for all scopes...
2026-06-08 10:32:27.410 [info] Got 0 sessions for ...
2026-06-08 10:32:27.416 [info] Getting sessions for all scopes...
2026-06-08 10:32:27.416 [info] Got 0 sessions for ...
2026-06-08 10:32:27.449 [info] Getting sessions for all scopes...
2026-06-08 10:32:27.449 [info] Got 0 sessions for ...
2026-06-08 10:32:27.710 [info] Getting sessions for read:user,repo,user:email...
2026-06-08 10:32:27.710 [info] Got 0 sessions for read:user,repo,user:email...
2026-06-08 10:32:56.220 [info] Getting sessions for read:user,repo,user:email...
2026-06-08 10:32:56.220 [info] Got 0 sessions for read:user,repo,user:email...
2026-06-08 10:33:16.479 [info] Reading sessions from keychain...
2026-06-08 10:33:16.479 [info] Getting sessions for all scopes...
2026-06-08 10:33:16.479 [info] Got 0 sessions for ...
2026-06-08 10:33:16.479 [info] Getting sessions for all scopes...
2026-06-08 10:33:16.479 [info] Got 0 sessions for ...
2026-06-08 10:33:16.479 [info] Getting sessions for all scopes...
2026-06-08 10:33:16.479 [info] Got 0 sessions for ...
2026-06-08 10:33:16.614 [info] Getting sessions for all scopes...
2026-06-08 10:33:16.614 [info] Got 0 sessions for ...
2026-06-08 10:33:17.853 [info] Getting sessions for all scopes...
2026-06-08 10:33:17.853 [info] Got 0 sessions for ...
2026-06-08 10:33:21.701 [info] Getting sessions for read:user,repo,user:email...
2026-06-08 10:33:21.701 [info] Got 0 sessions for read:user,repo,user:email...
2026-06-08 10:33:21.824 [info] Getting sessions for read:user,repo,user:email...
2026-06-08 10:33:21.824 [info] Got 0 sessions for read:user,repo,user:email...
2026-06-08 10:33:22.443 [info] Getting sessions for read:user,repo,user:email,workflow...
2026-06-08 10:33:22.443 [info] Got 0 sessions for read:user,repo,user:email,workflow...
2026-06-08 10:33:32.213 [info] Getting sessions for read:user,repo,user:email,workflow...
2026-06-08 10:33:32.213 [info] Got 0 sessions for read:user,repo,user:email,workflow...
2026-06-08 10:33:56.807 [info] Getting sessions for read:user,repo,user:email...
2026-06-08 10:33:56.807 [info] Got 0 sessions for read:user,repo,user:email...
