2026-05-28 09:13:45.775 [info] [main] Log level: Info
2026-05-28 09:13:45.775 [info] [main] Validating found git in: "git"
2026-05-28 09:13:45.775 [info] [main] Using git "2.54.0" from "git"
2026-05-28 09:13:45.775 [info] [Model][doInitialScan] Initial repository scan started
2026-05-28 09:13:45.775 [info] > git rev-parse --show-toplevel [50ms]
2026-05-28 09:13:45.779 [info] > git rev-parse --git-dir --git-common-dir --show-superproject-working-tree [6ms]
2026-05-28 09:13:45.812 [info] [Model][openRepository] Opened repository (path): /home/arthuruser001/Trabalhos Escolares/Webdesign/Trimestre 2/Atividade 1
2026-05-28 09:13:45.812 [info] [Model][openRepository] Opened repository (real path): /home/arthuruser001/Trabalhos Escolares/Webdesign/Trimestre 2/Atividade 1
2026-05-28 09:13:45.812 [info] [Model][openRepository] Opened repository (kind): repository
2026-05-28 09:13:45.841 [info] > git config --get commit.template [15ms]
2026-05-28 09:13:45.841 [info] > git config --get --local core.virtualfilesystem [21ms]
2026-05-28 09:13:45.841 [warning] [Git][config] git config failed: Failed to execute git
2026-05-28 09:13:45.843 [info] > git rev-parse --show-toplevel [3ms]
2026-05-28 09:13:45.859 [info] > git for-each-ref --format=%(refname)%00%(upstream:short)%00%(objectname)%00%(upstream:track)%00%(upstream:remotename)%00%(upstream:remoteref) refs/heads/main refs/remotes/main [8ms]
2026-05-28 09:13:45.898 [info] > git rev-parse --show-toplevel [35ms]
2026-05-28 09:13:45.900 [info] [Model][doInitialScan] Initial repository scan completed - repositories (1), closed repositories (0), parent repositories (0), unsafe repositories (0)
2026-05-28 09:13:45.921 [info] > git status -z -uall [8ms]
2026-05-28 09:13:45.925 [info] > git for-each-ref --sort -committerdate --format %(refname)%00%(objectname)%00%(*objectname) [6ms]
2026-05-28 09:13:46.014 [info] > git for-each-ref --format=%(refname)%00%(upstream:short)%00%(objectname)%00%(upstream:track)%00%(upstream:remotename)%00%(upstream:remoteref) refs/heads/main refs/remotes/main [31ms]
2026-05-28 09:13:46.250 [info] > git config --get --local branch.main.vscode-merge-base [223ms]
2026-05-28 09:13:46.262 [info] > git config --get commit.template [260ms]
2026-05-28 09:13:46.271 [info] > git for-each-ref --format=%(refname)%00%(upstream:short)%00%(objectname)%00%(upstream:track)%00%(upstream:remotename)%00%(upstream:remoteref) refs/heads/origin/main refs/remotes/origin/main [10ms]
2026-05-28 09:13:46.295 [info] > git merge-base refs/heads/main refs/remotes/origin/main [15ms]
2026-05-28 09:13:46.316 [info] > git diff --raw --numstat --diff-filter=ADMR -z --find-renames=50% db7910f01309052a2a5f7d635a999ecd079428a5...refs/remotes/origin/main -- [10ms]
2026-05-28 09:13:46.319 [info] > git for-each-ref --format=%(refname)%00%(upstream:short)%00%(objectname)%00%(upstream:track)%00%(upstream:remotename)%00%(upstream:remoteref) refs/heads/main refs/remotes/main [25ms]
2026-05-28 09:13:46.340 [info] > git status -z -uall [10ms]
2026-05-28 09:13:46.344 [info] > git for-each-ref --sort -committerdate --format %(refname)%00%(objectname)%00%(*objectname) [6ms]
2026-05-28 09:13:46.403 [info] > git check-ignore -v -z --stdin [2ms]
2026-05-28 09:13:49.513 [info] > git config --get commit.template [2ms]
2026-05-28 09:13:49.523 [info] > git for-each-ref --format=%(refname)%00%(upstream:short)%00%(objectname)%00%(upstream:track)%00%(upstream:remotename)%00%(upstream:remoteref) refs/heads/main refs/remotes/main [2ms]
2026-05-28 09:13:49.542 [info] > git status -z -uall [10ms]
2026-05-28 09:13:49.542 [info] > git for-each-ref --sort -committerdate --format %(refname)%00%(objectname)%00%(*objectname) [1ms]
2026-05-28 09:13:54.579 [info] > git config --get commit.template [6ms]
2026-05-28 09:13:54.580 [info] > git for-each-ref --format=%(refname)%00%(upstream:short)%00%(objectname)%00%(upstream:track)%00%(upstream:remotename)%00%(upstream:remoteref) refs/heads/main refs/remotes/main [1ms]
2026-05-28 09:13:54.592 [info] > git status -z -uall [6ms]
2026-05-28 09:13:54.594 [info] > git for-each-ref --sort -committerdate --format %(refname)%00%(objectname)%00%(*objectname) [4ms]
2026-05-28 09:13:59.625 [info] > git config --get commit.template [2ms]
2026-05-28 09:13:59.634 [info] > git for-each-ref --format=%(refname)%00%(upstream:short)%00%(objectname)%00%(upstream:track)%00%(upstream:remotename)%00%(upstream:remoteref) refs/heads/main refs/remotes/main [2ms]
2026-05-28 09:13:59.646 [info] > git status -z -uall [6ms]
2026-05-28 09:13:59.648 [info] > git for-each-ref --sort -committerdate --format %(refname)%00%(objectname)%00%(*objectname) [2ms]
2026-05-28 09:14:04.679 [info] > git config --get commit.template [4ms]
2026-05-28 09:14:04.691 [info] > git for-each-ref --format=%(refname)%00%(upstream:short)%00%(objectname)%00%(upstream:track)%00%(upstream:remotename)%00%(upstream:remoteref) refs/heads/main refs/remotes/main [3ms]
2026-05-28 09:14:04.706 [info] > git status -z -uall [8ms]
2026-05-28 09:14:04.706 [info] > git for-each-ref --sort -committerdate --format %(refname)%00%(objectname)%00%(*objectname) [2ms]
2026-05-28 09:14:27.348 [info] > git config --get commit.template [1ms]
2026-05-28 09:14:27.354 [info] > git for-each-ref --format=%(refname)%00%(upstream:short)%00%(objectname)%00%(upstream:track)%00%(upstream:remotename)%00%(upstream:remoteref) refs/heads/main refs/remotes/main [1ms]
2026-05-28 09:14:27.372 [info] > git for-each-ref --sort -committerdate --format %(refname)%00%(objectname)%00%(*objectname) [1ms]
2026-05-28 09:14:27.389 [info] > git status -z -uall [25ms]
2026-05-28 09:14:32.521 [info] > git for-each-ref --format=%(refname)%00%(upstream:short)%00%(objectname)%00%(upstream:track)%00%(upstream:remotename)%00%(upstream:remoteref) refs/heads/main refs/remotes/main [1ms]
2026-05-28 09:14:32.522 [info] > git config --get commit.template [12ms]
2026-05-28 09:14:32.538 [info] > git for-each-ref --sort -committerdate --format %(refname)%00%(objectname)%00%(*objectname) [1ms]
2026-05-28 09:14:32.555 [info] > git status -z -uall [24ms]
2026-05-28 09:14:37.673 [info] > git config --get commit.template [10ms]
2026-05-28 09:14:37.674 [info] > git for-each-ref --format=%(refname)%00%(upstream:short)%00%(objectname)%00%(upstream:track)%00%(upstream:remotename)%00%(upstream:remoteref) refs/heads/main refs/remotes/main [2ms]
2026-05-28 09:14:37.692 [info] > git for-each-ref --sort -committerdate --format %(refname)%00%(objectname)%00%(*objectname) [1ms]
2026-05-28 09:14:37.707 [info] > git status -z -uall [24ms]
2026-05-28 09:14:42.812 [info] > git for-each-ref --format=%(refname)%00%(upstream:short)%00%(objectname)%00%(upstream:track)%00%(upstream:remotename)%00%(upstream:remoteref) refs/heads/main refs/remotes/main [1ms]
2026-05-28 09:14:42.813 [info] > git config --get commit.template [12ms]
2026-05-28 09:14:42.831 [info] > git for-each-ref --sort -committerdate --format %(refname)%00%(objectname)%00%(*objectname) [2ms]
2026-05-28 09:14:42.850 [info] > git status -z -uall [28ms]
2026-05-28 09:14:47.947 [info] > git config --get commit.template [3ms]
2026-05-28 09:14:47.955 [info] > git for-each-ref --format=%(refname)%00%(upstream:short)%00%(objectname)%00%(upstream:track)%00%(upstream:remotename)%00%(upstream:remoteref) refs/heads/main refs/remotes/main [0ms]
2026-05-28 09:14:47.972 [info] > git for-each-ref --sort -committerdate --format %(refname)%00%(objectname)%00%(*objectname) [2ms]
2026-05-28 09:14:47.990 [info] > git status -z -uall [26ms]
2026-05-28 09:14:49.444 [info] > git log --format=%H%n%aN%n%aE%n%at%n%ct%n%P%n%D%n%B -z --shortstat --diff-merges=first-parent -n50 --skip=0 --topo-order --decorate=full --stdin [288ms]
2026-05-28 09:14:49.679 [info] > git check-ignore -v -z --stdin [2ms]
2026-05-28 09:14:50.278 [info] > git merge-base main origin/main [0ms]
2026-05-28 09:14:53.098 [info] > git config --get commit.template [1ms]
2026-05-28 09:14:53.106 [info] > git for-each-ref --format=%(refname)%00%(upstream:short)%00%(objectname)%00%(upstream:track)%00%(upstream:remotename)%00%(upstream:remoteref) refs/heads/main refs/remotes/main [2ms]
2026-05-28 09:14:53.120 [info] > git for-each-ref --sort -committerdate --format %(refname)%00%(objectname)%00%(*objectname) [3ms]
2026-05-28 09:14:53.138 [info] > git status -z -uall [27ms]
2026-05-28 09:14:58.244 [info] > git config --get commit.template [10ms]
2026-05-28 09:14:58.244 [info] > git for-each-ref --format=%(refname)%00%(upstream:short)%00%(objectname)%00%(upstream:track)%00%(upstream:remotename)%00%(upstream:remoteref) refs/heads/main refs/remotes/main [1ms]
2026-05-28 09:14:58.265 [info] > git for-each-ref --sort -committerdate --format %(refname)%00%(objectname)%00%(*objectname) [2ms]
2026-05-28 09:14:58.280 [info] > git status -z -uall [26ms]
2026-05-28 09:15:00.672 [info] > git log --format=%H%n%aN%n%aE%n%at%n%ct%n%P%n%D%n%B -z --shortstat --diff-merges=first-parent -n50 --skip=0 --topo-order --decorate=full --stdin [146ms]
2026-05-28 09:15:00.833 [info] > git merge-base main origin/main [1ms]
2026-05-28 09:15:03.420 [info] > git config --get commit.template [6ms]
2026-05-28 09:15:03.421 [info] > git for-each-ref --format=%(refname)%00%(upstream:short)%00%(objectname)%00%(upstream:track)%00%(upstream:remotename)%00%(upstream:remoteref) refs/heads/main refs/remotes/main [2ms]
2026-05-28 09:15:03.431 [info] > git for-each-ref --sort -committerdate --format %(refname)%00%(objectname)%00%(*objectname) [1ms]
2026-05-28 09:15:03.449 [info] > git status -z -uall [23ms]
2026-05-28 09:15:08.549 [info] > git config --get commit.template [2ms]
2026-05-28 09:15:08.558 [info] > git for-each-ref --format=%(refname)%00%(upstream:short)%00%(objectname)%00%(upstream:track)%00%(upstream:remotename)%00%(upstream:remoteref) refs/heads/main refs/remotes/main [2ms]
2026-05-28 09:15:08.573 [info] > git for-each-ref --sort -committerdate --format %(refname)%00%(objectname)%00%(*objectname) [3ms]
2026-05-28 09:15:08.588 [info] > git status -z -uall [23ms]
