2026-06-08 10:32:21.777 [info] Started local extension host with pid 6413.
2026-06-08 10:32:27.414 [info] [AccountPolicyGate] apply: state=inactive, reason=undefined, isRestricted=false
2026-06-08 10:32:27.417 [info] Settings Sync: Account status changed from uninitialized to unavailable
2026-06-08 10:32:29.129 [info] [AccountPolicyGate] apply: state=inactive, reason=undefined, isRestricted=false
2026-06-08 10:32:29.168 [info] [perf] Render performance baseline is 29ms
2026-06-08 10:33:15.373 [info] Started local extension host with pid 6804.
2026-06-08 10:33:16.803 [info] [AccountPolicyGate] apply: state=inactive, reason=undefined, isRestricted=false
2026-06-08 10:33:17.182 [info] Settings Sync: Account status changed from uninitialized to unavailable
2026-06-08 10:33:18.262 [info] [perf] Render performance baseline is 27ms
2026-06-08 10:33:21.802 [info] [AccountPolicyGate] apply: state=inactive, reason=undefined, isRestricted=false
2026-06-08 10:34:29.817 [error] Error: The editor could not be opened because the file was not found.
    at Z9.handleSetInputError (vscode-file://vscode-app/usr/share/code/resources/app/out/vs/workbench/workbench.desktop.main.js:3894:92375)
    at async Z9.setInput (vscode-file://vscode-app/usr/share/code/resources/app/out/vs/workbench/workbench.desktop.main.js:3894:91384)
    at async SPe.doSetInput (vscode-file://vscode-app/usr/share/code/resources/app/out/vs/workbench/workbench.desktop.main.js:1204:34161)
    at async SPe.doOpenEditor (vscode-file://vscode-app/usr/share/code/resources/app/out/vs/workbench/workbench.desktop.main.js:1204:31947)
    at async SPe.openEditor (vscode-file://vscode-app/usr/share/code/resources/app/out/vs/workbench/workbench.desktop.main.js:1204:30895)
    at async vscode-file://vscode-app/usr/share/code/resources/app/out/vs/workbench/workbench.desktop.main.js:1316:31397
    at async xit.doOpenCodeEditor (vscode-file://vscode-app/usr/share/code/resources/app/out/vs/workbench/workbench.desktop.main.js:1767:37645)
    at async xit.openCodeEditor (vscode-file://vscode-app/usr/share/code/resources/app/out/vs/workbench/workbench.desktop.main.js:1767:26551)
    at async Uot.open (vscode-file://vscode-app/usr/share/code/resources/app/out/vs/workbench/workbench.desktop.main.js:1877:636)
    at async UAe.open (vscode-file://vscode-app/usr/share/code/resources/app/out/vs/workbench/workbench.desktop.main.js:1877:1936)
