2026-05-28 08:42:44.634 [info] [principal] Nível de log: Info
2026-05-28 08:42:44.634 [info] [principal] Validando o git encontrado em: "git"
2026-05-28 08:42:44.634 [info] [principal] Usando git "2.54.0" de "git"
2026-05-28 08:42:44.634 [info] [Model][doInitialScan] Initial repository scan started
2026-05-28 08:42:44.634 [info] [Model][doInitialScan] Initial repository scan completed - repositories (0), closed repositories (0), parent repositories (0), unsafe repositories (0)
2026-05-28 08:44:38.386 [info] [principal] Nível de log: Info
2026-05-28 08:44:38.386 [info] [principal] Validando o git encontrado em: "git"
2026-05-28 08:44:38.386 [info] [principal] Usando git "2.54.0" de "git"
2026-05-28 08:44:38.386 [info] [Model][doInitialScan] Initial repository scan started
2026-05-28 08:44:38.386 [info] > git rev-parse --show-toplevel [25ms]
2026-05-28 08:44:38.387 [info] > git rev-parse --git-dir --git-common-dir --show-superproject-working-tree [7ms]
2026-05-28 08:44:38.894 [info] [Model][openRepository] Opened repository (path): /home/arthuruser001/Trabalhos Escolares/Webdesign/Trimestre 2/Atividade 1
2026-05-28 08:44:38.894 [info] [Model][openRepository] Opened repository (real path): /home/arthuruser001/Trabalhos Escolares/Webdesign/Trimestre 2/Atividade 1
2026-05-28 08:44:38.894 [info] [Model][openRepository] Opened repository (kind): repository
2026-05-28 08:44:38.932 [info] > git config --get --local core.virtualfilesystem [28ms]
2026-05-28 08:44:38.933 [warning] [Git][config] git config failed: Failed to execute git
2026-05-28 08:44:38.936 [info] > git rev-parse --show-toplevel [5ms]
2026-05-28 08:44:38.938 [info] [Model][doInitialScan] Initial repository scan completed - repositories (1), closed repositories (0), parent repositories (0), unsafe repositories (0)
2026-05-28 08:44:38.939 [info] > git config --get commit.template [15ms]
2026-05-28 08:44:38.979 [info] > git for-each-ref --format=%(refname)%00%(upstream:short)%00%(objectname)%00%(upstream:track)%00%(upstream:remotename)%00%(upstream:remoteref) refs/heads/main refs/remotes/main [11ms]
2026-05-28 08:44:39.000 [info] > git status -z -uall [10ms]
2026-05-28 08:44:39.003 [info] > git for-each-ref --sort -committerdate --format %(refname)%00%(objectname)%00%(*objectname) [3ms]
2026-05-28 08:44:39.051 [info] > git for-each-ref --format=%(refname)%00%(upstream:short)%00%(objectname)%00%(upstream:track)%00%(upstream:remotename)%00%(upstream:remoteref) refs/heads/main refs/remotes/main [27ms]
2026-05-28 08:44:39.062 [info] > git config --get --local branch.main.vscode-merge-base [2ms]
2026-05-28 08:44:39.072 [info] > git config --get commit.template [30ms]
2026-05-28 08:44:39.077 [info] > git for-each-ref --format=%(refname)%00%(upstream:short)%00%(objectname)%00%(upstream:track)%00%(upstream:remotename)%00%(upstream:remoteref) refs/heads/origin/main refs/remotes/origin/main [5ms]
2026-05-28 08:44:39.142 [info] > git for-each-ref --format=%(refname)%00%(upstream:short)%00%(objectname)%00%(upstream:track)%00%(upstream:remotename)%00%(upstream:remoteref) refs/heads/main refs/remotes/main [44ms]
2026-05-28 08:44:39.142 [info] > git merge-base refs/heads/main refs/remotes/origin/main [53ms]
2026-05-28 08:44:39.154 [info] > git diff --raw --numstat --diff-filter=ADMR -z --find-renames=50% f6d798d5d718cb63c53a7a2a6d948895e9f1e869...refs/remotes/origin/main -- [3ms]
2026-05-28 08:44:39.193 [info] > git status -z -uall [21ms]
2026-05-28 08:44:39.193 [info] > git for-each-ref --sort -committerdate --format %(refname)%00%(objectname)%00%(*objectname) [11ms]
2026-05-28 08:44:39.468 [info] > git check-ignore -v -z --stdin [12ms]
2026-05-28 08:44:43.149 [info] > git config --get commit.template [6ms]
2026-05-28 08:44:43.151 [info] > git for-each-ref --format=%(refname)%00%(upstream:short)%00%(objectname)%00%(upstream:track)%00%(upstream:remotename)%00%(upstream:remoteref) refs/heads/main refs/remotes/main [3ms]
2026-05-28 08:44:43.166 [info] > git status -z -uall [8ms]
2026-05-28 08:44:43.167 [info] > git for-each-ref --sort -committerdate --format %(refname)%00%(objectname)%00%(*objectname) [4ms]
2026-05-28 08:44:45.029 [info] > git log --format=%H%n%aN%n%aE%n%at%n%ct%n%P%n%D%n%B -z --shortstat --diff-merges=first-parent -n50 --skip=0 --topo-order --decorate=full --stdin [51ms]
2026-05-28 08:44:45.214 [info] > git merge-base main origin/main [7ms]
2026-05-28 08:44:45.624 [info] > git check-ignore -v -z --stdin [1ms]
2026-05-28 08:44:48.184 [info] > git config --get commit.template [2ms]
2026-05-28 08:44:48.192 [info] > git for-each-ref --format=%(refname)%00%(upstream:short)%00%(objectname)%00%(upstream:track)%00%(upstream:remotename)%00%(upstream:remoteref) refs/heads/main refs/remotes/main [2ms]
2026-05-28 08:44:48.218 [info] > git status -z -uall [11ms]
2026-05-28 08:44:48.218 [info] > git for-each-ref --sort -committerdate --format %(refname)%00%(objectname)%00%(*objectname) [2ms]
2026-05-28 08:44:50.940 [info] > git check-ignore -v -z --stdin [4ms]
2026-05-28 08:44:52.234 [info] > git check-ignore -v -z --stdin [1ms]
2026-05-28 08:44:58.155 [info] > git config --get commit.template [3ms]
2026-05-28 08:44:58.164 [info] > git for-each-ref --format=%(refname)%00%(upstream:short)%00%(objectname)%00%(upstream:track)%00%(upstream:remotename)%00%(upstream:remoteref) refs/heads/main refs/remotes/main [2ms]
2026-05-28 08:44:58.176 [info] > git for-each-ref --sort -committerdate --format %(refname)%00%(objectname)%00%(*objectname) [2ms]
2026-05-28 08:44:58.177 [info] > git status -z -uall [8ms]
2026-05-28 08:45:03.198 [info] > git for-each-ref --format=%(refname)%00%(upstream:short)%00%(objectname)%00%(upstream:track)%00%(upstream:remotename)%00%(upstream:remoteref) refs/heads/main refs/remotes/main [2ms]
2026-05-28 08:45:03.198 [info] > git config --get commit.template [10ms]
2026-05-28 08:45:03.212 [info] > git status -z -uall [8ms]
2026-05-28 08:45:03.213 [info] > git for-each-ref --sort -committerdate --format %(refname)%00%(objectname)%00%(*objectname) [4ms]
2026-05-28 08:45:12.713 [info] > git config --get commit.template [7ms]
2026-05-28 08:45:12.714 [info] > git for-each-ref --format=%(refname)%00%(upstream:short)%00%(objectname)%00%(upstream:track)%00%(upstream:remotename)%00%(upstream:remoteref) refs/heads/main refs/remotes/main [2ms]
2026-05-28 08:45:12.731 [info] > git status -z -uall [10ms]
2026-05-28 08:45:12.733 [info] > git for-each-ref --sort -committerdate --format %(refname)%00%(objectname)%00%(*objectname) [2ms]
2026-05-28 08:45:17.752 [info] > git config --get commit.template [7ms]
2026-05-28 08:45:17.752 [info] > git for-each-ref --format=%(refname)%00%(upstream:short)%00%(objectname)%00%(upstream:track)%00%(upstream:remotename)%00%(upstream:remoteref) refs/heads/main refs/remotes/main [1ms]
2026-05-28 08:45:17.766 [info] > git for-each-ref --sort -committerdate --format %(refname)%00%(objectname)%00%(*objectname) [2ms]
2026-05-28 08:45:17.768 [info] > git status -z -uall [10ms]
2026-05-28 08:45:23.471 [info] > git config --get commit.template [2ms]
2026-05-28 08:45:23.480 [info] > git for-each-ref --format=%(refname)%00%(upstream:short)%00%(objectname)%00%(upstream:track)%00%(upstream:remotename)%00%(upstream:remoteref) refs/heads/main refs/remotes/main [2ms]
2026-05-28 08:45:23.503 [info] > git for-each-ref --sort -committerdate --format %(refname)%00%(objectname)%00%(*objectname) [2ms]
2026-05-28 08:45:23.504 [info] > git status -z -uall [8ms]
2026-05-28 08:45:28.530 [info] > git config --get commit.template [11ms]
2026-05-28 08:45:28.531 [info] > git for-each-ref --format=%(refname)%00%(upstream:short)%00%(objectname)%00%(upstream:track)%00%(upstream:remotename)%00%(upstream:remoteref) refs/heads/main refs/remotes/main [1ms]
2026-05-28 08:45:28.543 [info] > git status -z -uall [8ms]
2026-05-28 08:45:28.543 [info] > git for-each-ref --sort -committerdate --format %(refname)%00%(objectname)%00%(*objectname) [2ms]
2026-05-28 08:45:38.961 [info] > git config --get commit.template [1ms]
2026-05-28 08:45:38.969 [info] > git for-each-ref --format=%(refname)%00%(upstream:short)%00%(objectname)%00%(upstream:track)%00%(upstream:remotename)%00%(upstream:remoteref) refs/heads/main refs/remotes/main [1ms]
2026-05-28 08:45:38.986 [info] > git status -z -uall [7ms]
2026-05-28 08:45:38.987 [info] > git for-each-ref --sort -committerdate --format %(refname)%00%(objectname)%00%(*objectname) [3ms]
2026-05-28 08:46:12.519 [info] > git config --get commit.template [11ms]
2026-05-28 08:46:12.520 [info] > git for-each-ref --format=%(refname)%00%(upstream:short)%00%(objectname)%00%(upstream:track)%00%(upstream:remotename)%00%(upstream:remoteref) refs/heads/main refs/remotes/main [2ms]
2026-05-28 08:46:12.542 [info] > git status -z -uall [10ms]
2026-05-28 08:46:12.542 [info] > git for-each-ref --sort -committerdate --format %(refname)%00%(objectname)%00%(*objectname) [1ms]
2026-05-28 08:46:16.546 [info] > git log --format=%H%n%aN%n%aE%n%at%n%ct%n%P%n%D%n%B -z --shortstat --diff-merges=first-parent -n50 --skip=0 --topo-order --decorate=full --stdin [49ms]
2026-05-28 08:46:16.571 [info] > git merge-base main origin/main [1ms]
2026-05-28 08:46:18.687 [info] > git config --get commit.template [5ms]
2026-05-28 08:46:18.688 [info] > git for-each-ref --format=%(refname)%00%(upstream:short)%00%(objectname)%00%(upstream:track)%00%(upstream:remotename)%00%(upstream:remoteref) refs/heads/main refs/remotes/main [2ms]
2026-05-28 08:46:18.698 [info] > git for-each-ref --sort -committerdate --format %(refname)%00%(objectname)%00%(*objectname) [1ms]
2026-05-28 08:46:18.699 [info] > git status -z -uall [7ms]
2026-05-28 08:46:24.947 [info] > git config --get commit.template [2ms]
2026-05-28 08:46:24.954 [info] > git for-each-ref --format=%(refname)%00%(upstream:short)%00%(objectname)%00%(upstream:track)%00%(upstream:remotename)%00%(upstream:remoteref) refs/heads/main refs/remotes/main [2ms]
2026-05-28 08:46:24.967 [info] > git status -z -uall [9ms]
2026-05-28 08:46:24.968 [info] > git for-each-ref --sort -committerdate --format %(refname)%00%(objectname)%00%(*objectname) [2ms]
2026-05-28 08:46:29.993 [info] > git config --get commit.template [10ms]
2026-05-28 08:46:29.993 [info] > git for-each-ref --format=%(refname)%00%(upstream:short)%00%(objectname)%00%(upstream:track)%00%(upstream:remotename)%00%(upstream:remoteref) refs/heads/main refs/remotes/main [1ms]
2026-05-28 08:46:30.008 [info] > git status -z -uall [9ms]
2026-05-28 08:46:30.010 [info] > git for-each-ref --sort -committerdate --format %(refname)%00%(objectname)%00%(*objectname) [2ms]
2026-05-28 08:46:36.245 [info] > git check-ignore -v -z --stdin [1ms]
2026-05-28 08:46:36.274 [info] > git show --textconv :index.html [9ms]
2026-05-28 08:46:36.284 [info] > git ls-files --stage -- index.html [11ms]
2026-05-28 08:46:36.295 [info] > git hash-object -t tree /dev/null [11ms]
2026-05-28 08:46:36.296 [warning] [GitFileSystemProvider][readFile] File not found - git:/home/arthuruser001/Trabalhos%20Escolares/Webdesign/Trimestre%202/Atividade%201/index.html.git?%7B%22path%22%3A%22%2Fhome%2Farthuruser001%2FTrabalhos%20Escolares%2FWebdesign%2FTrimestre%202%2FAtividade%201%2Findex.html%22%2C%22ref%22%3A%22%22%7D
2026-05-28 08:46:36.296 [info] > git hash-object -t tree /dev/null [2ms]
2026-05-28 08:46:36.296 [warning] [GitFileSystemProvider][stat] File not found - git:/home/arthuruser001/Trabalhos%20Escolares/Webdesign/Trimestre%202/Atividade%201/index.html.git?%7B%22path%22%3A%22%2Fhome%2Farthuruser001%2FTrabalhos%20Escolares%2FWebdesign%2FTrimestre%202%2FAtividade%201%2Findex.html%22%2C%22ref%22%3A%22%22%7D
2026-05-28 08:46:36.448 [info] > git check-ignore -v -z --stdin [1ms]
2026-05-28 08:46:37.904 [info] > git for-each-ref --format=%(refname)%00%(upstream:short)%00%(objectname)%00%(upstream:track)%00%(upstream:remotename)%00%(upstream:remoteref) refs/heads/main refs/remotes/main [1ms]
2026-05-28 08:46:37.905 [info] > git config --get commit.template [8ms]
2026-05-28 08:46:37.920 [info] > git status -z -uall [10ms]
2026-05-28 08:46:37.920 [info] > git for-each-ref --sort -committerdate --format %(refname)%00%(objectname)%00%(*objectname) [2ms]
2026-05-28 08:46:42.938 [info] > git config --get commit.template [6ms]
2026-05-28 08:46:42.939 [info] > git for-each-ref --format=%(refname)%00%(upstream:short)%00%(objectname)%00%(upstream:track)%00%(upstream:remotename)%00%(upstream:remoteref) refs/heads/main refs/remotes/main [2ms]
2026-05-28 08:46:42.952 [info] > git for-each-ref --sort -committerdate --format %(refname)%00%(objectname)%00%(*objectname) [1ms]
2026-05-28 08:46:42.953 [info] > git status -z -uall [7ms]
2026-05-28 08:46:47.969 [info] > git config --get commit.template [5ms]
2026-05-28 08:46:47.970 [info] > git for-each-ref --format=%(refname)%00%(upstream:short)%00%(objectname)%00%(upstream:track)%00%(upstream:remotename)%00%(upstream:remoteref) refs/heads/main refs/remotes/main [1ms]
2026-05-28 08:46:47.988 [info] > git for-each-ref --sort -committerdate --format %(refname)%00%(objectname)%00%(*objectname) [2ms]
2026-05-28 08:46:47.990 [info] > git status -z -uall [8ms]
2026-05-28 08:46:53.005 [info] > git config --get commit.template [1ms]
2026-05-28 08:46:53.015 [info] > git for-each-ref --format=%(refname)%00%(upstream:short)%00%(objectname)%00%(upstream:track)%00%(upstream:remotename)%00%(upstream:remoteref) refs/heads/main refs/remotes/main [2ms]
2026-05-28 08:46:53.036 [info] > git status -z -uall [8ms]
2026-05-28 08:46:53.037 [info] > git for-each-ref --sort -committerdate --format %(refname)%00%(objectname)%00%(*objectname) [3ms]
2026-05-28 08:46:58.054 [info] > git config --get commit.template [6ms]
2026-05-28 08:46:58.055 [info] > git for-each-ref --format=%(refname)%00%(upstream:short)%00%(objectname)%00%(upstream:track)%00%(upstream:remotename)%00%(upstream:remoteref) refs/heads/main refs/remotes/main [2ms]
2026-05-28 08:46:58.066 [info] > git for-each-ref --sort -committerdate --format %(refname)%00%(objectname)%00%(*objectname) [2ms]
2026-05-28 08:46:58.067 [info] > git status -z -uall [7ms]
2026-05-28 08:47:03.086 [info] > git config --get commit.template [6ms]
2026-05-28 08:47:03.087 [info] > git for-each-ref --format=%(refname)%00%(upstream:short)%00%(objectname)%00%(upstream:track)%00%(upstream:remotename)%00%(upstream:remoteref) refs/heads/main refs/remotes/main [2ms]
2026-05-28 08:47:03.106 [info] > git status -z -uall [12ms]
2026-05-28 08:47:03.106 [info] > git for-each-ref --sort -committerdate --format %(refname)%00%(objectname)%00%(*objectname) [5ms]
2026-05-28 08:47:08.910 [info] > git for-each-ref --format=%(refname)%00%(upstream:short)%00%(objectname)%00%(upstream:track)%00%(upstream:remotename)%00%(upstream:remoteref) refs/heads/main refs/remotes/main [3ms]
2026-05-28 08:47:08.910 [info] > git config --get commit.template [9ms]
2026-05-28 08:47:08.928 [info] > git status -z -uall [10ms]
2026-05-28 08:47:08.928 [info] > git for-each-ref --sort -committerdate --format %(refname)%00%(objectname)%00%(*objectname) [2ms]
2026-05-28 08:47:13.947 [info] > git config --get commit.template [5ms]
2026-05-28 08:47:13.948 [info] > git for-each-ref --format=%(refname)%00%(upstream:short)%00%(objectname)%00%(upstream:track)%00%(upstream:remotename)%00%(upstream:remoteref) refs/heads/main refs/remotes/main [2ms]
2026-05-28 08:47:13.959 [info] > git status -z -uall [6ms]
2026-05-28 08:47:13.960 [info] > git for-each-ref --sort -committerdate --format %(refname)%00%(objectname)%00%(*objectname) [2ms]
2026-05-28 08:47:18.977 [info] > git config --get commit.template [5ms]
2026-05-28 08:47:18.978 [info] > git for-each-ref --format=%(refname)%00%(upstream:short)%00%(objectname)%00%(upstream:track)%00%(upstream:remotename)%00%(upstream:remoteref) refs/heads/main refs/remotes/main [2ms]
2026-05-28 08:47:18.994 [info] > git status -z -uall [8ms]
2026-05-28 08:47:18.996 [info] > git for-each-ref --sort -committerdate --format %(refname)%00%(objectname)%00%(*objectname) [2ms]
2026-05-28 08:47:24.020 [info] > git config --get commit.template [11ms]
2026-05-28 08:47:24.020 [info] > git for-each-ref --format=%(refname)%00%(upstream:short)%00%(objectname)%00%(upstream:track)%00%(upstream:remotename)%00%(upstream:remoteref) refs/heads/main refs/remotes/main [2ms]
2026-05-28 08:47:24.036 [info] > git for-each-ref --sort -committerdate --format %(refname)%00%(objectname)%00%(*objectname) [1ms]
2026-05-28 08:47:24.037 [info] > git status -z -uall [8ms]
2026-05-28 08:47:31.332 [info] > git config --get commit.template [5ms]
2026-05-28 08:47:31.333 [info] > git for-each-ref --format=%(refname)%00%(upstream:short)%00%(objectname)%00%(upstream:track)%00%(upstream:remotename)%00%(upstream:remoteref) refs/heads/main refs/remotes/main [1ms]
2026-05-28 08:47:31.346 [info] > git status -z -uall [6ms]
2026-05-28 08:47:31.347 [info] > git for-each-ref --sort -committerdate --format %(refname)%00%(objectname)%00%(*objectname) [3ms]
2026-05-28 08:47:37.770 [info] > git config --get commit.template [2ms]
2026-05-28 08:47:37.778 [info] > git for-each-ref --format=%(refname)%00%(upstream:short)%00%(objectname)%00%(upstream:track)%00%(upstream:remotename)%00%(upstream:remoteref) refs/heads/main refs/remotes/main [2ms]
2026-05-28 08:47:37.791 [info] > git for-each-ref --sort -committerdate --format %(refname)%00%(objectname)%00%(*objectname) [1ms]
2026-05-28 08:47:37.792 [info] > git status -z -uall [7ms]
2026-05-28 08:47:43.146 [info] > git config --get commit.template [5ms]
2026-05-28 08:47:43.147 [info] > git for-each-ref --format=%(refname)%00%(upstream:short)%00%(objectname)%00%(upstream:track)%00%(upstream:remotename)%00%(upstream:remoteref) refs/heads/main refs/remotes/main [2ms]
2026-05-28 08:47:43.161 [info] > git status -z -uall [7ms]
2026-05-28 08:47:43.162 [info] > git for-each-ref --sort -committerdate --format %(refname)%00%(objectname)%00%(*objectname) [2ms]
2026-05-28 08:48:01.145 [info] > git config --get commit.template [0ms]
2026-05-28 08:48:01.156 [info] > git for-each-ref --format=%(refname)%00%(upstream:short)%00%(objectname)%00%(upstream:track)%00%(upstream:remotename)%00%(upstream:remoteref) refs/heads/main refs/remotes/main [3ms]
2026-05-28 08:48:01.186 [info] > git status -z -uall [12ms]
2026-05-28 08:48:01.192 [info] > git for-each-ref --sort -committerdate --format %(refname)%00%(objectname)%00%(*objectname) [7ms]
2026-05-28 08:48:10.962 [info] > git config --get commit.template [2ms]
2026-05-28 08:48:10.969 [info] > git for-each-ref --format=%(refname)%00%(upstream:short)%00%(objectname)%00%(upstream:track)%00%(upstream:remotename)%00%(upstream:remoteref) refs/heads/main refs/remotes/main [1ms]
2026-05-28 08:48:10.986 [info] > git status -z -uall [7ms]
2026-05-28 08:48:10.987 [info] > git for-each-ref --sort -committerdate --format %(refname)%00%(objectname)%00%(*objectname) [2ms]
2026-05-28 08:48:16.726 [info] > git config --get commit.template [1ms]
2026-05-28 08:48:16.734 [info] > git for-each-ref --format=%(refname)%00%(upstream:short)%00%(objectname)%00%(upstream:track)%00%(upstream:remotename)%00%(upstream:remoteref) refs/heads/main refs/remotes/main [2ms]
2026-05-28 08:48:16.761 [info] > git status -z -uall [12ms]
2026-05-28 08:48:16.763 [info] > git for-each-ref --sort -committerdate --format %(refname)%00%(objectname)%00%(*objectname) [3ms]
2026-05-28 08:48:21.779 [info] > git config --get commit.template [6ms]
2026-05-28 08:48:21.780 [info] > git for-each-ref --format=%(refname)%00%(upstream:short)%00%(objectname)%00%(upstream:track)%00%(upstream:remotename)%00%(upstream:remoteref) refs/heads/main refs/remotes/main [2ms]
2026-05-28 08:48:21.794 [info] > git status -z -uall [7ms]
2026-05-28 08:48:21.795 [info] > git for-each-ref --sort -committerdate --format %(refname)%00%(objectname)%00%(*objectname) [3ms]
2026-05-28 08:48:26.819 [info] > git for-each-ref --format=%(refname)%00%(upstream:short)%00%(objectname)%00%(upstream:track)%00%(upstream:remotename)%00%(upstream:remoteref) refs/heads/main refs/remotes/main [2ms]
2026-05-28 08:48:26.819 [info] > git config --get commit.template [9ms]
2026-05-28 08:48:26.837 [info] > git status -z -uall [12ms]
2026-05-28 08:48:26.837 [info] > git for-each-ref --sort -committerdate --format %(refname)%00%(objectname)%00%(*objectname) [2ms]
2026-05-28 08:48:31.857 [info] > git for-each-ref --format=%(refname)%00%(upstream:short)%00%(objectname)%00%(upstream:track)%00%(upstream:remotename)%00%(upstream:remoteref) refs/heads/main refs/remotes/main [2ms]
2026-05-28 08:48:31.858 [info] > git config --get commit.template [9ms]
2026-05-28 08:48:31.876 [info] > git for-each-ref --sort -committerdate --format %(refname)%00%(objectname)%00%(*objectname) [3ms]
2026-05-28 08:48:31.877 [info] > git status -z -uall [9ms]
2026-05-28 08:48:37.809 [info] > git config --get commit.template [7ms]
2026-05-28 08:48:37.810 [info] > git for-each-ref --format=%(refname)%00%(upstream:short)%00%(objectname)%00%(upstream:track)%00%(upstream:remotename)%00%(upstream:remoteref) refs/heads/main refs/remotes/main [1ms]
2026-05-28 08:48:37.825 [info] > git status -z -uall [8ms]
2026-05-28 08:48:37.827 [info] > git for-each-ref --sort -committerdate --format %(refname)%00%(objectname)%00%(*objectname) [3ms]
2026-05-28 08:48:51.074 [info] > git config --get commit.template [4ms]
2026-05-28 08:48:51.088 [info] > git for-each-ref --format=%(refname)%00%(upstream:short)%00%(objectname)%00%(upstream:track)%00%(upstream:remotename)%00%(upstream:remoteref) refs/heads/main refs/remotes/main [3ms]
2026-05-28 08:48:51.110 [info] > git status -z -uall [13ms]
2026-05-28 08:48:51.110 [info] > git for-each-ref --sort -committerdate --format %(refname)%00%(objectname)%00%(*objectname) [2ms]
2026-05-28 08:48:56.130 [info] > git config --get commit.template [2ms]
2026-05-28 08:48:56.139 [info] > git for-each-ref --format=%(refname)%00%(upstream:short)%00%(objectname)%00%(upstream:track)%00%(upstream:remotename)%00%(upstream:remoteref) refs/heads/main refs/remotes/main [2ms]
2026-05-28 08:48:56.159 [info] > git status -z -uall [12ms]
2026-05-28 08:48:56.159 [info] > git for-each-ref --sort -committerdate --format %(refname)%00%(objectname)%00%(*objectname) [2ms]
2026-05-28 08:49:01.179 [info] > git for-each-ref --format=%(refname)%00%(upstream:short)%00%(objectname)%00%(upstream:track)%00%(upstream:remotename)%00%(upstream:remoteref) refs/heads/main refs/remotes/main [2ms]
2026-05-28 08:49:01.179 [info] > git config --get commit.template [8ms]
2026-05-28 08:49:01.193 [info] > git for-each-ref --sort -committerdate --format %(refname)%00%(objectname)%00%(*objectname) [3ms]
2026-05-28 08:49:01.193 [info] > git status -z -uall [7ms]
2026-05-28 08:49:06.721 [info] > git for-each-ref --format=%(refname)%00%(upstream:short)%00%(objectname)%00%(upstream:track)%00%(upstream:remotename)%00%(upstream:remoteref) refs/heads/main refs/remotes/main [3ms]
2026-05-28 08:49:06.721 [info] > git config --get commit.template [8ms]
2026-05-28 08:49:06.742 [info] > git status -z -uall [11ms]
2026-05-28 08:49:06.743 [info] > git for-each-ref --sort -committerdate --format %(refname)%00%(objectname)%00%(*objectname) [3ms]
2026-05-28 08:49:11.762 [info] > git config --get commit.template [4ms]
2026-05-28 08:49:11.763 [info] > git for-each-ref --format=%(refname)%00%(upstream:short)%00%(objectname)%00%(upstream:track)%00%(upstream:remotename)%00%(upstream:remoteref) refs/heads/main refs/remotes/main [1ms]
2026-05-28 08:49:11.786 [info] > git status -z -uall [9ms]
2026-05-28 08:49:11.786 [info] > git for-each-ref --sort -committerdate --format %(refname)%00%(objectname)%00%(*objectname) [1ms]
2026-05-28 08:49:16.808 [info] > git config --get commit.template [6ms]
2026-05-28 08:49:16.809 [info] > git for-each-ref --format=%(refname)%00%(upstream:short)%00%(objectname)%00%(upstream:track)%00%(upstream:remotename)%00%(upstream:remoteref) refs/heads/main refs/remotes/main [2ms]
2026-05-28 08:49:16.819 [info] > git for-each-ref --sort -committerdate --format %(refname)%00%(objectname)%00%(*objectname) [1ms]
2026-05-28 08:49:16.821 [info] > git status -z -uall [7ms]
2026-05-28 08:49:26.403 [info] > git config --get commit.template [7ms]
2026-05-28 08:49:26.404 [info] > git for-each-ref --format=%(refname)%00%(upstream:short)%00%(objectname)%00%(upstream:track)%00%(upstream:remotename)%00%(upstream:remoteref) refs/heads/main refs/remotes/main [2ms]
2026-05-28 08:49:26.423 [info] > git status -z -uall [11ms]
2026-05-28 08:49:26.423 [info] > git for-each-ref --sort -committerdate --format %(refname)%00%(objectname)%00%(*objectname) [2ms]
2026-05-28 08:50:44.010 [info] > git config --get commit.template [13ms]
2026-05-28 08:50:44.011 [info] > git for-each-ref --format=%(refname)%00%(upstream:short)%00%(objectname)%00%(upstream:track)%00%(upstream:remotename)%00%(upstream:remoteref) refs/heads/main refs/remotes/main [2ms]
2026-05-28 08:50:44.030 [info] > git status -z -uall [12ms]
2026-05-28 08:50:44.030 [info] > git for-each-ref --sort -committerdate --format %(refname)%00%(objectname)%00%(*objectname) [3ms]
2026-05-28 08:50:46.488 [info] > git log --format=%H%n%aN%n%aE%n%at%n%ct%n%P%n%D%n%B -z --shortstat --diff-merges=first-parent -n50 --skip=0 --topo-order --decorate=full --stdin [50ms]
2026-05-28 08:50:46.578 [info] > git merge-base main origin/main [0ms]
2026-05-28 08:50:49.047 [info] > git config --get commit.template [2ms]
2026-05-28 08:50:49.055 [info] > git for-each-ref --format=%(refname)%00%(upstream:short)%00%(objectname)%00%(upstream:track)%00%(upstream:remotename)%00%(upstream:remoteref) refs/heads/main refs/remotes/main [1ms]
2026-05-28 08:50:49.069 [info] > git status -z -uall [7ms]
2026-05-28 08:50:49.069 [info] > git for-each-ref --sort -committerdate --format %(refname)%00%(objectname)%00%(*objectname) [1ms]
2026-05-28 08:50:54.086 [info] > git config --get commit.template [0ms]
2026-05-28 08:50:54.092 [info] > git for-each-ref --format=%(refname)%00%(upstream:short)%00%(objectname)%00%(upstream:track)%00%(upstream:remotename)%00%(upstream:remoteref) refs/heads/main refs/remotes/main [1ms]
2026-05-28 08:50:54.107 [info] > git for-each-ref --sort -committerdate --format %(refname)%00%(objectname)%00%(*objectname) [2ms]
2026-05-28 08:50:54.108 [info] > git status -z -uall [7ms]
2026-05-28 08:50:59.128 [info] > git config --get commit.template [8ms]
2026-05-28 08:50:59.129 [info] > git for-each-ref --format=%(refname)%00%(upstream:short)%00%(objectname)%00%(upstream:track)%00%(upstream:remotename)%00%(upstream:remoteref) refs/heads/main refs/remotes/main [2ms]
2026-05-28 08:50:59.145 [info] > git for-each-ref --sort -committerdate --format %(refname)%00%(objectname)%00%(*objectname) [2ms]
2026-05-28 08:50:59.146 [info] > git status -z -uall [9ms]
2026-05-28 08:51:06.577 [info] > git config --get commit.template [3ms]
2026-05-28 08:51:06.587 [info] > git for-each-ref --format=%(refname)%00%(upstream:short)%00%(objectname)%00%(upstream:track)%00%(upstream:remotename)%00%(upstream:remoteref) refs/heads/main refs/remotes/main [1ms]
2026-05-28 08:51:06.602 [info] > git status -z -uall [9ms]
2026-05-28 08:51:06.602 [info] > git for-each-ref --sort -committerdate --format %(refname)%00%(objectname)%00%(*objectname) [3ms]
2026-05-28 08:51:11.625 [info] > git config --get commit.template [9ms]
2026-05-28 08:51:11.626 [info] > git for-each-ref --format=%(refname)%00%(upstream:short)%00%(objectname)%00%(upstream:track)%00%(upstream:remotename)%00%(upstream:remoteref) refs/heads/main refs/remotes/main [1ms]
2026-05-28 08:51:11.649 [info] > git status -z -uall [10ms]
2026-05-28 08:51:11.650 [info] > git for-each-ref --sort -committerdate --format %(refname)%00%(objectname)%00%(*objectname) [2ms]
2026-05-28 08:51:24.380 [info] > git for-each-ref --format=%(refname)%00%(upstream:short)%00%(objectname)%00%(upstream:track)%00%(upstream:remotename)%00%(upstream:remoteref) refs/heads/main refs/remotes/main [2ms]
2026-05-28 08:51:24.380 [info] > git config --get commit.template [10ms]
2026-05-28 08:51:24.395 [info] > git status -z -uall [10ms]
2026-05-28 08:51:24.395 [info] > git for-each-ref --sort -committerdate --format %(refname)%00%(objectname)%00%(*objectname) [2ms]
2026-05-28 08:51:29.409 [info] > git config --get commit.template [0ms]
2026-05-28 08:51:29.417 [info] > git for-each-ref --format=%(refname)%00%(upstream:short)%00%(objectname)%00%(upstream:track)%00%(upstream:remotename)%00%(upstream:remoteref) refs/heads/main refs/remotes/main [2ms]
2026-05-28 08:51:29.431 [info] > git status -z -uall [6ms]
2026-05-28 08:51:29.432 [info] > git for-each-ref --sort -committerdate --format %(refname)%00%(objectname)%00%(*objectname) [1ms]
2026-05-28 08:51:36.170 [info] > git config --get commit.template [2ms]
2026-05-28 08:51:36.177 [info] > git for-each-ref --format=%(refname)%00%(upstream:short)%00%(objectname)%00%(upstream:track)%00%(upstream:remotename)%00%(upstream:remoteref) refs/heads/main refs/remotes/main [2ms]
2026-05-28 08:51:36.191 [info] > git status -z -uall [8ms]
2026-05-28 08:51:36.191 [info] > git for-each-ref --sort -committerdate --format %(refname)%00%(objectname)%00%(*objectname) [2ms]
2026-05-28 08:51:41.210 [info] > git config --get commit.template [7ms]
2026-05-28 08:51:41.210 [info] > git for-each-ref --format=%(refname)%00%(upstream:short)%00%(objectname)%00%(upstream:track)%00%(upstream:remotename)%00%(upstream:remoteref) refs/heads/main refs/remotes/main [1ms]
2026-05-28 08:51:41.225 [info] > git status -z -uall [8ms]
2026-05-28 08:51:41.226 [info] > git for-each-ref --sort -committerdate --format %(refname)%00%(objectname)%00%(*objectname) [2ms]
2026-05-28 08:51:46.242 [info] > git config --get commit.template [2ms]
2026-05-28 08:51:46.250 [info] > git for-each-ref --format=%(refname)%00%(upstream:short)%00%(objectname)%00%(upstream:track)%00%(upstream:remotename)%00%(upstream:remoteref) refs/heads/main refs/remotes/main [1ms]
2026-05-28 08:51:46.262 [info] > git status -z -uall [6ms]
2026-05-28 08:51:46.264 [info] > git for-each-ref --sort -committerdate --format %(refname)%00%(objectname)%00%(*objectname) [3ms]
2026-05-28 08:52:19.418 [info] > git config --get commit.template [3ms]
2026-05-28 08:52:19.428 [info] > git for-each-ref --format=%(refname)%00%(upstream:short)%00%(objectname)%00%(upstream:track)%00%(upstream:remotename)%00%(upstream:remoteref) refs/heads/main refs/remotes/main [2ms]
2026-05-28 08:52:19.442 [info] > git status -z -uall [8ms]
2026-05-28 08:52:19.444 [info] > git for-each-ref --sort -committerdate --format %(refname)%00%(objectname)%00%(*objectname) [4ms]
2026-05-28 08:52:35.268 [info] > git for-each-ref --format=%(refname)%00%(upstream:short)%00%(objectname)%00%(upstream:track)%00%(upstream:remotename)%00%(upstream:remoteref) refs/heads/main refs/remotes/main [2ms]
2026-05-28 08:52:35.268 [info] > git config --get commit.template [7ms]
2026-05-28 08:52:35.279 [info] > git for-each-ref --sort -committerdate --format %(refname)%00%(objectname)%00%(*objectname) [1ms]
2026-05-28 08:52:35.280 [info] > git status -z -uall [7ms]
2026-05-28 08:52:40.299 [info] > git config --get commit.template [2ms]
2026-05-28 08:52:40.307 [info] > git for-each-ref --format=%(refname)%00%(upstream:short)%00%(objectname)%00%(upstream:track)%00%(upstream:remotename)%00%(upstream:remoteref) refs/heads/main refs/remotes/main [1ms]
2026-05-28 08:52:40.319 [info] > git for-each-ref --sort -committerdate --format %(refname)%00%(objectname)%00%(*objectname) [2ms]
2026-05-28 08:52:40.320 [info] > git status -z -uall [8ms]
2026-05-28 08:52:45.345 [info] > git config --get commit.template [13ms]
2026-05-28 08:52:45.345 [info] > git for-each-ref --format=%(refname)%00%(upstream:short)%00%(objectname)%00%(upstream:track)%00%(upstream:remotename)%00%(upstream:remoteref) refs/heads/main refs/remotes/main [1ms]
2026-05-28 08:52:45.361 [info] > git status -z -uall [9ms]
2026-05-28 08:52:45.361 [info] > git for-each-ref --sort -committerdate --format %(refname)%00%(objectname)%00%(*objectname) [3ms]
2026-05-28 08:53:04.272 [info] > git config --get commit.template [3ms]
2026-05-28 08:53:04.281 [info] > git for-each-ref --format=%(refname)%00%(upstream:short)%00%(objectname)%00%(upstream:track)%00%(upstream:remotename)%00%(upstream:remoteref) refs/heads/main refs/remotes/main [2ms]
2026-05-28 08:53:04.297 [info] > git status -z -uall [7ms]
2026-05-28 08:53:04.297 [info] > git for-each-ref --sort -committerdate --format %(refname)%00%(objectname)%00%(*objectname) [2ms]
2026-05-28 08:53:31.132 [info] > git config --get commit.template [5ms]
2026-05-28 08:53:31.136 [info] > git for-each-ref --format=%(refname)%00%(upstream:short)%00%(objectname)%00%(upstream:track)%00%(upstream:remotename)%00%(upstream:remoteref) refs/heads/main refs/remotes/main [5ms]
2026-05-28 08:53:31.152 [info] > git for-each-ref --sort -committerdate --format %(refname)%00%(objectname)%00%(*objectname) [1ms]
2026-05-28 08:53:31.153 [info] > git status -z -uall [8ms]
2026-05-28 08:53:37.565 [info] > git for-each-ref --format=%(refname)%00%(upstream:short)%00%(objectname)%00%(upstream:track)%00%(upstream:remotename)%00%(upstream:remoteref) refs/heads/main refs/remotes/main [1ms]
2026-05-28 08:53:37.566 [info] > git config --get commit.template [9ms]
2026-05-28 08:53:37.582 [info] > git status -z -uall [9ms]
2026-05-28 08:53:37.582 [info] > git for-each-ref --sort -committerdate --format %(refname)%00%(objectname)%00%(*objectname) [2ms]
2026-05-28 08:54:12.867 [info] > git config --get commit.template [6ms]
2026-05-28 08:54:12.868 [info] > git for-each-ref --format=%(refname)%00%(upstream:short)%00%(objectname)%00%(upstream:track)%00%(upstream:remotename)%00%(upstream:remoteref) refs/heads/main refs/remotes/main [2ms]
2026-05-28 08:54:12.879 [info] > git for-each-ref --sort -committerdate --format %(refname)%00%(objectname)%00%(*objectname) [1ms]
2026-05-28 08:54:12.881 [info] > git status -z -uall [8ms]
2026-05-28 08:54:37.565 [info] > git config --get commit.template [2ms]
2026-05-28 08:54:37.572 [info] > git for-each-ref --format=%(refname)%00%(upstream:short)%00%(objectname)%00%(upstream:track)%00%(upstream:remotename)%00%(upstream:remoteref) refs/heads/main refs/remotes/main [2ms]
2026-05-28 08:54:37.587 [info] > git status -z -uall [8ms]
2026-05-28 08:54:37.588 [info] > git for-each-ref --sort -committerdate --format %(refname)%00%(objectname)%00%(*objectname) [3ms]
2026-05-28 08:54:57.942 [info] > git config --get commit.template [6ms]
2026-05-28 08:54:57.943 [info] > git for-each-ref --format=%(refname)%00%(upstream:short)%00%(objectname)%00%(upstream:track)%00%(upstream:remotename)%00%(upstream:remoteref) refs/heads/main refs/remotes/main [1ms]
2026-05-28 08:54:57.954 [info] > git for-each-ref --sort -committerdate --format %(refname)%00%(objectname)%00%(*objectname) [2ms]
2026-05-28 08:54:57.955 [info] > git status -z -uall [7ms]
2026-05-28 08:55:37.580 [info] > git config --get commit.template [1ms]
2026-05-28 08:55:37.588 [info] > git for-each-ref --format=%(refname)%00%(upstream:short)%00%(objectname)%00%(upstream:track)%00%(upstream:remotename)%00%(upstream:remoteref) refs/heads/main refs/remotes/main [2ms]
2026-05-28 08:55:37.602 [info] > git status -z -uall [9ms]
2026-05-28 08:55:37.602 [info] > git for-each-ref --sort -committerdate --format %(refname)%00%(objectname)%00%(*objectname) [2ms]
2026-05-28 08:56:00.733 [info] > git for-each-ref --format=%(refname)%00%(upstream:short)%00%(objectname)%00%(upstream:track)%00%(upstream:remotename)%00%(upstream:remoteref) refs/heads/main refs/remotes/main [4ms]
2026-05-28 08:56:00.733 [info] > git config --get commit.template [9ms]
2026-05-28 08:56:00.746 [info] > git for-each-ref --sort -committerdate --format %(refname)%00%(objectname)%00%(*objectname) [1ms]
2026-05-28 08:56:00.748 [info] > git status -z -uall [8ms]
2026-05-28 08:56:26.269 [info] > git config --get commit.template [2ms]
2026-05-28 08:56:26.277 [info] > git for-each-ref --format=%(refname)%00%(upstream:short)%00%(objectname)%00%(upstream:track)%00%(upstream:remotename)%00%(upstream:remoteref) refs/heads/main refs/remotes/main [1ms]
2026-05-28 08:56:26.288 [info] > git for-each-ref --sort -committerdate --format %(refname)%00%(objectname)%00%(*objectname) [2ms]
2026-05-28 08:56:26.288 [info] > git status -z -uall [6ms]
2026-05-28 08:56:35.739 [info] > git config --get commit.template [1ms]
2026-05-28 08:56:35.747 [info] > git for-each-ref --format=%(refname)%00%(upstream:short)%00%(objectname)%00%(upstream:track)%00%(upstream:remotename)%00%(upstream:remoteref) refs/heads/main refs/remotes/main [3ms]
2026-05-28 08:56:35.769 [info] > git status -z -uall [8ms]
2026-05-28 08:56:35.771 [info] > git for-each-ref --sort -committerdate --format %(refname)%00%(objectname)%00%(*objectname) [3ms]
2026-05-28 08:56:40.797 [info] > git config --get commit.template [13ms]
2026-05-28 08:56:40.799 [info] > git for-each-ref --format=%(refname)%00%(upstream:short)%00%(objectname)%00%(upstream:track)%00%(upstream:remotename)%00%(upstream:remoteref) refs/heads/main refs/remotes/main [2ms]
2026-05-28 08:56:40.821 [info] > git status -z -uall [11ms]
2026-05-28 08:56:40.822 [info] > git for-each-ref --sort -committerdate --format %(refname)%00%(objectname)%00%(*objectname) [6ms]
2026-05-28 08:56:50.163 [info] > git for-each-ref --format=%(refname)%00%(upstream:short)%00%(objectname)%00%(upstream:track)%00%(upstream:remotename)%00%(upstream:remoteref) refs/heads/main refs/remotes/main [2ms]
2026-05-28 08:56:50.163 [info] > git config --get commit.template [8ms]
2026-05-28 08:56:50.179 [info] > git for-each-ref --sort -committerdate --format %(refname)%00%(objectname)%00%(*objectname) [2ms]
2026-05-28 08:56:50.180 [info] > git status -z -uall [8ms]
2026-05-28 08:56:55.244 [info] > git config --get commit.template [7ms]
2026-05-28 08:56:55.244 [info] > git for-each-ref --format=%(refname)%00%(upstream:short)%00%(objectname)%00%(upstream:track)%00%(upstream:remotename)%00%(upstream:remoteref) refs/heads/main refs/remotes/main [1ms]
2026-05-28 08:56:55.258 [info] > git status -z -uall [8ms]
2026-05-28 08:56:55.258 [info] > git for-each-ref --sort -committerdate --format %(refname)%00%(objectname)%00%(*objectname) [2ms]
2026-05-28 08:57:16.255 [info] > git for-each-ref --format=%(refname)%00%(upstream:short)%00%(objectname)%00%(upstream:track)%00%(upstream:remotename)%00%(upstream:remoteref) refs/heads/main refs/remotes/main [1ms]
2026-05-28 08:57:16.255 [info] > git config --get commit.template [10ms]
2026-05-28 08:57:16.272 [info] > git status -z -uall [9ms]
2026-05-28 08:57:16.272 [info] > git for-each-ref --sort -committerdate --format %(refname)%00%(objectname)%00%(*objectname) [2ms]
2026-05-28 08:57:37.627 [info] > git for-each-ref --format=%(refname)%00%(upstream:short)%00%(objectname)%00%(upstream:track)%00%(upstream:remotename)%00%(upstream:remoteref) refs/heads/main refs/remotes/main [4ms]
2026-05-28 08:57:37.627 [info] > git config --get commit.template [9ms]
2026-05-28 08:57:37.644 [info] > git status -z -uall [9ms]
2026-05-28 08:57:37.645 [info] > git for-each-ref --sort -committerdate --format %(refname)%00%(objectname)%00%(*objectname) [2ms]
2026-05-28 08:57:56.404 [info] > git config --get commit.template [0ms]
2026-05-28 08:57:56.412 [info] > git for-each-ref --format=%(refname)%00%(upstream:short)%00%(objectname)%00%(upstream:track)%00%(upstream:remotename)%00%(upstream:remoteref) refs/heads/main refs/remotes/main [2ms]
2026-05-28 08:57:56.425 [info] > git status -z -uall [7ms]
2026-05-28 08:57:56.425 [info] > git for-each-ref --sort -committerdate --format %(refname)%00%(objectname)%00%(*objectname) [1ms]
2026-05-28 08:58:37.614 [info] > git config --get commit.template [1ms]
2026-05-28 08:58:37.623 [info] > git for-each-ref --format=%(refname)%00%(upstream:short)%00%(objectname)%00%(upstream:track)%00%(upstream:remotename)%00%(upstream:remoteref) refs/heads/main refs/remotes/main [3ms]
2026-05-28 08:58:37.638 [info] > git status -z -uall [8ms]
2026-05-28 08:58:37.638 [info] > git for-each-ref --sort -committerdate --format %(refname)%00%(objectname)%00%(*objectname) [3ms]
2026-05-28 08:58:53.400 [info] > git config --get commit.template [9ms]
2026-05-28 08:58:53.401 [info] > git for-each-ref --format=%(refname)%00%(upstream:short)%00%(objectname)%00%(upstream:track)%00%(upstream:remotename)%00%(upstream:remoteref) refs/heads/main refs/remotes/main [3ms]
2026-05-28 08:58:53.420 [info] > git for-each-ref --sort -committerdate --format %(refname)%00%(objectname)%00%(*objectname) [1ms]
2026-05-28 08:58:53.422 [info] > git status -z -uall [15ms]
2026-05-28 08:59:12.998 [info] > git config --get commit.template [6ms]
2026-05-28 08:59:12.999 [info] > git for-each-ref --format=%(refname)%00%(upstream:short)%00%(objectname)%00%(upstream:track)%00%(upstream:remotename)%00%(upstream:remoteref) refs/heads/main refs/remotes/main [2ms]
2026-05-28 08:59:13.013 [info] > git status -z -uall [6ms]
2026-05-28 08:59:13.013 [info] > git for-each-ref --sort -committerdate --format %(refname)%00%(objectname)%00%(*objectname) [2ms]
2026-05-28 08:59:37.873 [info] > git config --get commit.template [7ms]
2026-05-28 08:59:37.873 [info] > git for-each-ref --format=%(refname)%00%(upstream:short)%00%(objectname)%00%(upstream:track)%00%(upstream:remotename)%00%(upstream:remoteref) refs/heads/main refs/remotes/main [1ms]
2026-05-28 08:59:37.886 [info] > git for-each-ref --sort -committerdate --format %(refname)%00%(objectname)%00%(*objectname) [2ms]
2026-05-28 08:59:37.887 [info] > git status -z -uall [8ms]
2026-05-28 08:59:41.652 [info] > git log --format=%H%n%aN%n%aE%n%at%n%ct%n%P%n%D%n%B -z --shortstat --diff-merges=first-parent -n50 --skip=0 --topo-order --decorate=full --stdin [51ms]
2026-05-28 08:59:41.673 [info] > git merge-base main origin/main [2ms]
2026-05-28 08:59:43.768 [info] > git for-each-ref --format=%(refname)%00%(upstream:short)%00%(objectname)%00%(upstream:track)%00%(upstream:remotename)%00%(upstream:remoteref) refs/heads/main refs/remotes/main [4ms]
2026-05-28 08:59:43.768 [info] > git config --get commit.template [11ms]
2026-05-28 08:59:43.788 [info] > git status -z -uall [9ms]
2026-05-28 08:59:43.788 [info] > git for-each-ref --sort -committerdate --format %(refname)%00%(objectname)%00%(*objectname) [2ms]
2026-05-28 08:59:51.709 [info] > git for-each-ref --format=%(refname)%00%(upstream:short)%00%(objectname)%00%(upstream:track)%00%(upstream:remotename)%00%(upstream:remoteref) refs/heads/main refs/remotes/main [2ms]
2026-05-28 08:59:51.709 [info] > git config --get commit.template [7ms]
2026-05-28 08:59:51.724 [info] > git for-each-ref --sort -committerdate --format %(refname)%00%(objectname)%00%(*objectname) [1ms]
2026-05-28 08:59:51.726 [info] > git status -z -uall [7ms]
2026-05-28 08:59:57.938 [info] > git config --get commit.template [2ms]
2026-05-28 08:59:57.944 [info] > git for-each-ref --format=%(refname)%00%(upstream:short)%00%(objectname)%00%(upstream:track)%00%(upstream:remotename)%00%(upstream:remoteref) refs/heads/main refs/remotes/main [2ms]
2026-05-28 08:59:57.956 [info] > git for-each-ref --sort -committerdate --format %(refname)%00%(objectname)%00%(*objectname) [1ms]
2026-05-28 08:59:57.957 [info] > git status -z -uall [7ms]
2026-05-28 09:00:06.376 [info] > git config --get commit.template [6ms]
2026-05-28 09:00:06.377 [info] > git for-each-ref --format=%(refname)%00%(upstream:short)%00%(objectname)%00%(upstream:track)%00%(upstream:remotename)%00%(upstream:remoteref) refs/heads/main refs/remotes/main [2ms]
2026-05-28 09:00:06.396 [info] > git status -z -uall [11ms]
2026-05-28 09:00:06.396 [info] > git for-each-ref --sort -committerdate --format %(refname)%00%(objectname)%00%(*objectname) [3ms]
2026-05-28 09:00:07.712 [info] > git for-each-ref --format=%(refname)%00%(upstream:short)%00%(objectname)%00%(upstream:track)%00%(upstream:remotename)%00%(upstream:remoteref) refs/heads/main refs/remotes/main [2ms]
2026-05-28 09:00:07.712 [info] > git config --get commit.template [7ms]
2026-05-28 09:00:07.724 [info] > git status -z -uall [5ms]
2026-05-28 09:00:07.725 [info] > git for-each-ref --sort -committerdate --format %(refname)%00%(objectname)%00%(*objectname) [2ms]
2026-05-28 09:00:12.742 [info] > git config --get commit.template [6ms]
2026-05-28 09:00:12.743 [info] > git for-each-ref --format=%(refname)%00%(upstream:short)%00%(objectname)%00%(upstream:track)%00%(upstream:remotename)%00%(upstream:remoteref) refs/heads/main refs/remotes/main [2ms]
2026-05-28 09:00:12.754 [info] > git status -z -uall [5ms]
2026-05-28 09:00:12.758 [info] > git for-each-ref --sort -committerdate --format %(refname)%00%(objectname)%00%(*objectname) [4ms]
2026-05-28 09:00:29.035 [info] > git config --get commit.template [4ms]
2026-05-28 09:00:29.044 [info] > git for-each-ref --format=%(refname)%00%(upstream:short)%00%(objectname)%00%(upstream:track)%00%(upstream:remotename)%00%(upstream:remoteref) refs/heads/main refs/remotes/main [2ms]
2026-05-28 09:00:29.068 [info] > git for-each-ref --sort -committerdate --format %(refname)%00%(objectname)%00%(*objectname) [3ms]
2026-05-28 09:00:29.075 [info] > git status -z -uall [18ms]
2026-05-28 09:00:29.091 [info] > git merge-base refs/heads/main refs/remotes/origin/main [2ms]
2026-05-28 09:00:29.101 [info] > git diff --raw --numstat --diff-filter=ADMR -z --find-renames=50% f6d798d5d718cb63c53a7a2a6d948895e9f1e869...refs/remotes/origin/main -- [2ms]
2026-05-28 09:00:30.394 [info] > git config --get commit.template [4ms]
2026-05-28 09:00:30.395 [info] > git for-each-ref --format=%(refname)%00%(upstream:short)%00%(objectname)%00%(upstream:track)%00%(upstream:remotename)%00%(upstream:remoteref) refs/heads/main refs/remotes/main [1ms]
2026-05-28 09:00:30.406 [info] > git status -z -uall [7ms]
2026-05-28 09:00:30.407 [info] > git for-each-ref --sort -committerdate --format %(refname)%00%(objectname)%00%(*objectname) [2ms]
2026-05-28 09:00:35.422 [info] > git config --get commit.template [5ms]
2026-05-28 09:00:35.423 [info] > git for-each-ref --format=%(refname)%00%(upstream:short)%00%(objectname)%00%(upstream:track)%00%(upstream:remotename)%00%(upstream:remoteref) refs/heads/main refs/remotes/main [2ms]
2026-05-28 09:00:35.435 [info] > git status -z -uall [5ms]
2026-05-28 09:00:35.437 [info] > git for-each-ref --sort -committerdate --format %(refname)%00%(objectname)%00%(*objectname) [3ms]
2026-05-28 09:00:40.652 [info] > git config --get commit.template [5ms]
2026-05-28 09:00:40.663 [info] > git for-each-ref --format=%(refname)%00%(upstream:short)%00%(objectname)%00%(upstream:track)%00%(upstream:remotename)%00%(upstream:remoteref) refs/heads/main refs/remotes/main [2ms]
2026-05-28 09:00:40.687 [info] > git status -z -uall [10ms]
2026-05-28 09:00:40.689 [info] > git for-each-ref --sort -committerdate --format %(refname)%00%(objectname)%00%(*objectname) [3ms]
2026-05-28 09:00:53.593 [info] > git config --get commit.template [14ms]
2026-05-28 09:00:53.593 [info] > git for-each-ref --format=%(refname)%00%(upstream:short)%00%(objectname)%00%(upstream:track)%00%(upstream:remotename)%00%(upstream:remoteref) refs/heads/main refs/remotes/main [2ms]
2026-05-28 09:00:53.622 [info] > git status -z -uall [18ms]
2026-05-28 09:00:53.634 [info] > git for-each-ref --sort -committerdate --format %(refname)%00%(objectname)%00%(*objectname) [13ms]
2026-05-28 09:00:53.656 [info] > git merge-base refs/heads/main refs/remotes/origin/main [2ms]
2026-05-28 09:00:53.678 [info] > git diff --raw --numstat --diff-filter=ADMR -z --find-renames=50% db7910f01309052a2a5f7d635a999ecd079428a5...refs/remotes/origin/main -- [4ms]
2026-05-28 09:01:04.442 [info] > git for-each-ref --format=%(refname)%00%(upstream:short)%00%(objectname)%00%(upstream:track)%00%(upstream:remotename)%00%(upstream:remoteref) refs/heads/main refs/remotes/main [1ms]
2026-05-28 09:01:04.443 [info] > git config --get commit.template [11ms]
2026-05-28 09:01:04.455 [info] > git status -z -uall [4ms]
2026-05-28 09:01:04.456 [info] > git for-each-ref --sort -committerdate --format %(refname)%00%(objectname)%00%(*objectname) [1ms]
2026-05-28 09:01:08.694 [info] > git log --format=%H%n%aN%n%aE%n%at%n%ct%n%P%n%D%n%B -z --shortstat --diff-merges=first-parent -n50 --skip=0 --topo-order --decorate=full --stdin [149ms]
2026-05-28 09:01:09.095 [info] > git check-ignore -v -z --stdin [2ms]
2026-05-28 09:01:09.471 [info] > git config --get commit.template [3ms]
2026-05-28 09:01:09.480 [info] > git for-each-ref --format=%(refname)%00%(upstream:short)%00%(objectname)%00%(upstream:track)%00%(upstream:remotename)%00%(upstream:remoteref) refs/heads/main refs/remotes/main [2ms]
2026-05-28 09:01:09.493 [info] > git status -z -uall [6ms]
2026-05-28 09:01:09.494 [info] > git for-each-ref --sort -committerdate --format %(refname)%00%(objectname)%00%(*objectname) [2ms]
2026-05-28 09:01:09.604 [info] > git merge-base main origin/main [1ms]
2026-05-28 09:01:10.128 [info] > git check-ignore -v -z --stdin [8ms]
2026-05-28 09:01:14.514 [info] > git config --get commit.template [9ms]
2026-05-28 09:01:14.515 [info] > git for-each-ref --format=%(refname)%00%(upstream:short)%00%(objectname)%00%(upstream:track)%00%(upstream:remotename)%00%(upstream:remoteref) refs/heads/main refs/remotes/main [2ms]
2026-05-28 09:01:14.532 [info] > git status -z -uall [10ms]
2026-05-28 09:01:14.533 [info] > git for-each-ref --sort -committerdate --format %(refname)%00%(objectname)%00%(*objectname) [2ms]
2026-05-28 09:01:15.167 [info] > git check-ignore -v -z --stdin [3ms]
2026-05-28 09:01:22.898 [info] > git config --get commit.template [6ms]
2026-05-28 09:01:22.898 [info] > git for-each-ref --format=%(refname)%00%(upstream:short)%00%(objectname)%00%(upstream:track)%00%(upstream:remotename)%00%(upstream:remoteref) refs/heads/main refs/remotes/main [1ms]
2026-05-28 09:01:22.912 [info] > git status -z -uall [6ms]
2026-05-28 09:01:22.912 [info] > git for-each-ref --sort -committerdate --format %(refname)%00%(objectname)%00%(*objectname) [2ms]
2026-05-28 09:01:30.646 [info] > git check-ignore -v -z --stdin [1ms]
2026-05-28 09:01:30.666 [info] > git show --textconv :start.sh [11ms]
2026-05-28 09:01:30.666 [info] > git ls-files --stage -- start.sh [1ms]
2026-05-28 09:01:30.666 [warning] [GitFileSystemProvider][stat] File not found - git:/home/arthuruser001/Trabalhos%20Escolares/Webdesign/Trimestre%202/Atividade%201/start.sh.git?%7B%22path%22%3A%22%2Fhome%2Farthuruser001%2FTrabalhos%20Escolares%2FWebdesign%2FTrimestre%202%2FAtividade%201%2Fstart.sh%22%2C%22ref%22%3A%22%22%7D
2026-05-28 09:01:30.667 [warning] [GitFileSystemProvider][readFile] File not found - git:/home/arthuruser001/Trabalhos%20Escolares/Webdesign/Trimestre%202/Atividade%201/start.sh.git?%7B%22path%22%3A%22%2Fhome%2Farthuruser001%2FTrabalhos%20Escolares%2FWebdesign%2FTrimestre%202%2FAtividade%201%2Fstart.sh%22%2C%22ref%22%3A%22%22%7D
2026-05-28 09:01:30.928 [info] > git check-ignore -v -z --stdin [2ms]
2026-05-28 09:01:31.827 [info] > git config --get commit.template [4ms]
2026-05-28 09:01:31.842 [info] > git for-each-ref --format=%(refname)%00%(upstream:short)%00%(objectname)%00%(upstream:track)%00%(upstream:remotename)%00%(upstream:remoteref) refs/heads/main refs/remotes/main [4ms]
2026-05-28 09:01:31.864 [info] > git status -z -uall [10ms]
2026-05-28 09:01:31.864 [info] > git for-each-ref --sort -committerdate --format %(refname)%00%(objectname)%00%(*objectname) [1ms]
2026-05-28 09:01:36.879 [info] > git config --get commit.template [2ms]
2026-05-28 09:01:36.889 [info] > git for-each-ref --format=%(refname)%00%(upstream:short)%00%(objectname)%00%(upstream:track)%00%(upstream:remotename)%00%(upstream:remoteref) refs/heads/main refs/remotes/main [2ms]
2026-05-28 09:01:36.907 [info] > git status -z -uall [7ms]
2026-05-28 09:01:36.908 [info] > git for-each-ref --sort -committerdate --format %(refname)%00%(objectname)%00%(*objectname) [2ms]
2026-05-28 09:05:13.549 [info] > git config --get commit.template [13ms]
2026-05-28 09:05:13.551 [info] > git for-each-ref --format=%(refname)%00%(upstream:short)%00%(objectname)%00%(upstream:track)%00%(upstream:remotename)%00%(upstream:remoteref) refs/heads/main refs/remotes/main [3ms]
2026-05-28 09:05:13.573 [info] > git status -z -uall [13ms]
2026-05-28 09:05:13.575 [info] > git for-each-ref --sort -committerdate --format %(refname)%00%(objectname)%00%(*objectname) [4ms]
2026-05-28 09:05:18.588 [info] > git config --get commit.template [2ms]
2026-05-28 09:05:18.599 [info] > git for-each-ref --format=%(refname)%00%(upstream:short)%00%(objectname)%00%(upstream:track)%00%(upstream:remotename)%00%(upstream:remoteref) refs/heads/main refs/remotes/main [1ms]
2026-05-28 09:05:18.611 [info] > git status -z -uall [6ms]
2026-05-28 09:05:18.612 [info] > git for-each-ref --sort -committerdate --format %(refname)%00%(objectname)%00%(*objectname) [2ms]
2026-05-28 09:05:35.215 [info] > git for-each-ref --format=%(refname)%00%(upstream:short)%00%(objectname)%00%(upstream:track)%00%(upstream:remotename)%00%(upstream:remoteref) refs/heads/main refs/remotes/main [3ms]
2026-05-28 09:05:35.216 [info] > git config --get commit.template [10ms]
2026-05-28 09:05:35.233 [info] > git status -z -uall [11ms]
2026-05-28 09:05:35.233 [info] > git for-each-ref --sort -committerdate --format %(refname)%00%(objectname)%00%(*objectname) [2ms]
2026-05-28 09:05:40.249 [info] > git config --get commit.template [6ms]
2026-05-28 09:05:40.250 [info] > git for-each-ref --format=%(refname)%00%(upstream:short)%00%(objectname)%00%(upstream:track)%00%(upstream:remotename)%00%(upstream:remoteref) refs/heads/main refs/remotes/main [1ms]
2026-05-28 09:05:40.262 [info] > git status -z -uall [7ms]
2026-05-28 09:05:40.263 [info] > git for-each-ref --sort -committerdate --format %(refname)%00%(objectname)%00%(*objectname) [1ms]
2026-05-28 09:05:49.769 [info] > git config --get commit.template [6ms]
2026-05-28 09:05:49.770 [info] > git for-each-ref --format=%(refname)%00%(upstream:short)%00%(objectname)%00%(upstream:track)%00%(upstream:remotename)%00%(upstream:remoteref) refs/heads/main refs/remotes/main [2ms]
2026-05-28 09:05:49.789 [info] > git status -z -uall [8ms]
2026-05-28 09:05:49.789 [info] > git for-each-ref --sort -committerdate --format %(refname)%00%(objectname)%00%(*objectname) [1ms]
2026-05-28 09:06:06.003 [info] > git config --get commit.template [2ms]
2026-05-28 09:06:06.035 [info] > git for-each-ref --format=%(refname)%00%(upstream:short)%00%(objectname)%00%(upstream:track)%00%(upstream:remotename)%00%(upstream:remoteref) refs/heads/main refs/remotes/main [17ms]
2026-05-28 09:06:06.057 [info] > git status -z -uall [11ms]
2026-05-28 09:06:06.059 [info] > git for-each-ref --sort -committerdate --format %(refname)%00%(objectname)%00%(*objectname) [2ms]
2026-05-28 09:06:11.080 [info] > git for-each-ref --format=%(refname)%00%(upstream:short)%00%(objectname)%00%(upstream:track)%00%(upstream:remotename)%00%(upstream:remoteref) refs/heads/main refs/remotes/main [4ms]
2026-05-28 09:06:11.080 [info] > git config --get commit.template [10ms]
2026-05-28 09:06:11.098 [info] > git status -z -uall [6ms]
2026-05-28 09:06:11.099 [info] > git for-each-ref --sort -committerdate --format %(refname)%00%(objectname)%00%(*objectname) [1ms]
2026-05-28 09:06:21.620 [info] > git check-ignore -v -z --stdin [3ms]
2026-05-28 09:06:22.190 [info] > git config --get commit.template [6ms]
2026-05-28 09:06:22.190 [info] > git for-each-ref --format=%(refname)%00%(upstream:short)%00%(objectname)%00%(upstream:track)%00%(upstream:remotename)%00%(upstream:remoteref) refs/heads/main refs/remotes/main [1ms]
2026-05-28 09:06:22.203 [info] > git status -z -uall [7ms]
2026-05-28 09:06:22.204 [info] > git for-each-ref --sort -committerdate --format %(refname)%00%(objectname)%00%(*objectname) [2ms]
2026-05-28 09:06:28.855 [info] > git config --get commit.template [11ms]
2026-05-28 09:06:28.856 [info] > git for-each-ref --format=%(refname)%00%(upstream:short)%00%(objectname)%00%(upstream:track)%00%(upstream:remotename)%00%(upstream:remoteref) refs/heads/main refs/remotes/main [2ms]
2026-05-28 09:06:28.869 [info] > git status -z -uall [7ms]
2026-05-28 09:06:28.870 [info] > git for-each-ref --sort -committerdate --format %(refname)%00%(objectname)%00%(*objectname) [2ms]
2026-05-28 09:06:33.891 [info] > git config --get commit.template [8ms]
2026-05-28 09:06:33.891 [info] > git for-each-ref --format=%(refname)%00%(upstream:short)%00%(objectname)%00%(upstream:track)%00%(upstream:remotename)%00%(upstream:remoteref) refs/heads/main refs/remotes/main [1ms]
2026-05-28 09:06:33.904 [info] > git status -z -uall [6ms]
2026-05-28 09:06:33.904 [info] > git for-each-ref --sort -committerdate --format %(refname)%00%(objectname)%00%(*objectname) [2ms]
2026-05-28 09:06:38.917 [info] > git config --get commit.template [4ms]
2026-05-28 09:06:38.929 [info] > git for-each-ref --format=%(refname)%00%(upstream:short)%00%(objectname)%00%(upstream:track)%00%(upstream:remotename)%00%(upstream:remoteref) refs/heads/main refs/remotes/main [2ms]
2026-05-28 09:06:38.951 [info] > git status -z -uall [7ms]
2026-05-28 09:06:38.952 [info] > git for-each-ref --sort -committerdate --format %(refname)%00%(objectname)%00%(*objectname) [2ms]
2026-05-28 09:06:40.409 [info] > git check-ignore -v -z --stdin [1ms]
2026-05-28 09:06:43.967 [info] > git config --get commit.template [1ms]
2026-05-28 09:06:43.976 [info] > git for-each-ref --format=%(refname)%00%(upstream:short)%00%(objectname)%00%(upstream:track)%00%(upstream:remotename)%00%(upstream:remoteref) refs/heads/main refs/remotes/main [3ms]
2026-05-28 09:06:43.999 [info] > git status -z -uall [9ms]
2026-05-28 09:06:43.999 [info] > git for-each-ref --sort -committerdate --format %(refname)%00%(objectname)%00%(*objectname) [2ms]
2026-05-28 09:06:47.291 [info] > git check-ignore -v -z --stdin [1ms]
2026-05-28 09:06:49.023 [info] > git config --get commit.template [8ms]
2026-05-28 09:06:49.024 [info] > git for-each-ref --format=%(refname)%00%(upstream:short)%00%(objectname)%00%(upstream:track)%00%(upstream:remotename)%00%(upstream:remoteref) refs/heads/main refs/remotes/main [2ms]
2026-05-28 09:06:49.041 [info] > git status -z -uall [11ms]
2026-05-28 09:06:49.041 [info] > git for-each-ref --sort -committerdate --format %(refname)%00%(objectname)%00%(*objectname) [4ms]
2026-05-28 09:06:57.973 [info] > git check-ignore -v -z --stdin [1ms]
2026-05-28 09:06:58.531 [info] > git config --get commit.template [5ms]
2026-05-28 09:06:58.531 [info] > git for-each-ref --format=%(refname)%00%(upstream:short)%00%(objectname)%00%(upstream:track)%00%(upstream:remotename)%00%(upstream:remoteref) refs/heads/main refs/remotes/main [1ms]
2026-05-28 09:06:58.543 [info] > git status -z -uall [6ms]
2026-05-28 09:06:58.545 [info] > git for-each-ref --sort -committerdate --format %(refname)%00%(objectname)%00%(*objectname) [3ms]
2026-05-28 09:07:14.702 [info] > git config --get commit.template [8ms]
2026-05-28 09:07:14.704 [info] > git for-each-ref --format=%(refname)%00%(upstream:short)%00%(objectname)%00%(upstream:track)%00%(upstream:remotename)%00%(upstream:remoteref) refs/heads/main refs/remotes/main [2ms]
2026-05-28 09:07:14.718 [info] > git status -z -uall [7ms]
2026-05-28 09:07:14.720 [info] > git for-each-ref --sort -committerdate --format %(refname)%00%(objectname)%00%(*objectname) [3ms]
2026-05-28 09:07:23.057 [info] > git config --get commit.template [8ms]
2026-05-28 09:07:23.058 [info] > git for-each-ref --format=%(refname)%00%(upstream:short)%00%(objectname)%00%(upstream:track)%00%(upstream:remotename)%00%(upstream:remoteref) refs/heads/main refs/remotes/main [2ms]
2026-05-28 09:07:23.074 [info] > git status -z -uall [8ms]
2026-05-28 09:07:23.076 [info] > git for-each-ref --sort -committerdate --format %(refname)%00%(objectname)%00%(*objectname) [3ms]
2026-05-28 09:07:28.107 [info] > git config --get commit.template [1ms]
2026-05-28 09:07:28.116 [info] > git for-each-ref --format=%(refname)%00%(upstream:short)%00%(objectname)%00%(upstream:track)%00%(upstream:remotename)%00%(upstream:remoteref) refs/heads/main refs/remotes/main [2ms]
2026-05-28 09:07:28.138 [info] > git status -z -uall [10ms]
2026-05-28 09:07:28.140 [info] > git for-each-ref --sort -committerdate --format %(refname)%00%(objectname)%00%(*objectname) [3ms]
2026-05-28 09:07:33.323 [info] > git config --get commit.template [1ms]
2026-05-28 09:07:33.330 [info] > git for-each-ref --format=%(refname)%00%(upstream:short)%00%(objectname)%00%(upstream:track)%00%(upstream:remotename)%00%(upstream:remoteref) refs/heads/main refs/remotes/main [2ms]
2026-05-28 09:07:33.348 [info] > git status -z -uall [5ms]
2026-05-28 09:07:33.350 [info] > git for-each-ref --sort -committerdate --format %(refname)%00%(objectname)%00%(*objectname) [2ms]
2026-05-28 09:07:38.373 [info] > git config --get commit.template [2ms]
2026-05-28 09:07:38.383 [info] > git for-each-ref --format=%(refname)%00%(upstream:short)%00%(objectname)%00%(upstream:track)%00%(upstream:remotename)%00%(upstream:remoteref) refs/heads/main refs/remotes/main [2ms]
2026-05-28 09:07:38.395 [info] > git status -z -uall [7ms]
2026-05-28 09:07:38.397 [info] > git for-each-ref --sort -committerdate --format %(refname)%00%(objectname)%00%(*objectname) [3ms]
2026-05-28 09:07:43.426 [info] > git config --get commit.template [8ms]
2026-05-28 09:07:43.427 [info] > git for-each-ref --format=%(refname)%00%(upstream:short)%00%(objectname)%00%(upstream:track)%00%(upstream:remotename)%00%(upstream:remoteref) refs/heads/main refs/remotes/main [2ms]
2026-05-28 09:07:43.445 [info] > git status -z -uall [7ms]
2026-05-28 09:07:43.446 [info] > git for-each-ref --sort -committerdate --format %(refname)%00%(objectname)%00%(*objectname) [2ms]
2026-05-28 09:07:48.474 [info] > git for-each-ref --format=%(refname)%00%(upstream:short)%00%(objectname)%00%(upstream:track)%00%(upstream:remotename)%00%(upstream:remoteref) refs/heads/main refs/remotes/main [2ms]
2026-05-28 09:07:48.474 [info] > git config --get commit.template [9ms]
2026-05-28 09:07:48.488 [info] > git status -z -uall [5ms]
2026-05-28 09:07:48.490 [info] > git for-each-ref --sort -committerdate --format %(refname)%00%(objectname)%00%(*objectname) [2ms]
2026-05-28 09:07:50.274 [info] > git check-ignore -v -z --stdin [3ms]
2026-05-28 09:07:52.823 [info] > git check-ignore -v -z --stdin [2ms]
2026-05-28 09:07:53.523 [info] > git config --get commit.template [8ms]
2026-05-28 09:07:53.523 [info] > git for-each-ref --format=%(refname)%00%(upstream:short)%00%(objectname)%00%(upstream:track)%00%(upstream:remotename)%00%(upstream:remoteref) refs/heads/main refs/remotes/main [1ms]
2026-05-28 09:07:53.541 [info] > git status -z -uall [11ms]
2026-05-28 09:07:53.542 [info] > git for-each-ref --sort -committerdate --format %(refname)%00%(objectname)%00%(*objectname) [4ms]
2026-05-28 09:08:02.777 [info] > git config --get commit.template [7ms]
2026-05-28 09:08:02.778 [info] > git for-each-ref --format=%(refname)%00%(upstream:short)%00%(objectname)%00%(upstream:track)%00%(upstream:remotename)%00%(upstream:remoteref) refs/heads/main refs/remotes/main [1ms]
2026-05-28 09:08:02.793 [info] > git status -z -uall [8ms]
2026-05-28 09:08:02.796 [info] > git for-each-ref --sort -committerdate --format %(refname)%00%(objectname)%00%(*objectname) [4ms]
2026-05-28 09:08:08.798 [info] > git config --get commit.template [2ms]
2026-05-28 09:08:08.806 [info] > git for-each-ref --format=%(refname)%00%(upstream:short)%00%(objectname)%00%(upstream:track)%00%(upstream:remotename)%00%(upstream:remoteref) refs/heads/main refs/remotes/main [1ms]
2026-05-28 09:08:08.822 [info] > git status -z -uall [9ms]
2026-05-28 09:08:08.822 [info] > git for-each-ref --sort -committerdate --format %(refname)%00%(objectname)%00%(*objectname) [1ms]
2026-05-28 09:08:13.856 [info] > git config --get commit.template [1ms]
2026-05-28 09:08:13.868 [info] > git for-each-ref --format=%(refname)%00%(upstream:short)%00%(objectname)%00%(upstream:track)%00%(upstream:remotename)%00%(upstream:remoteref) refs/heads/main refs/remotes/main [2ms]
2026-05-28 09:08:13.882 [info] > git status -z -uall [7ms]
2026-05-28 09:08:13.884 [info] > git for-each-ref --sort -committerdate --format %(refname)%00%(objectname)%00%(*objectname) [3ms]
